Component: ARM Compiler 6.16 Tool: armlink [5dfeaa00]

==============================================================================

Section Cross References

    startup_stm32g431xx.o(STACK) refers (Special) to heapauxi.o(.text) for __use_two_region_memory
    startup_stm32g431xx.o(HEAP) refers (Special) to heapauxi.o(.text) for __use_two_region_memory
    startup_stm32g431xx.o(RESET) refers (Special) to heapauxi.o(.text) for __use_two_region_memory
    startup_stm32g431xx.o(RESET) refers to startup_stm32g431xx.o(STACK) for __initial_sp
    startup_stm32g431xx.o(RESET) refers to startup_stm32g431xx.o(.text) for Reset_Handler
    startup_stm32g431xx.o(RESET) refers to stm32g4xx_it.o(.text.NMI_Handler) for NMI_Handler
    startup_stm32g431xx.o(RESET) refers to stm32g4xx_it.o(.text.HardFault_Handler) for HardFault_Handler
    startup_stm32g431xx.o(RESET) refers to stm32g4xx_it.o(.text.MemManage_Handler) for MemManage_Handler
    startup_stm32g431xx.o(RESET) refers to stm32g4xx_it.o(.text.BusFault_Handler) for BusFault_Handler
    startup_stm32g431xx.o(RESET) refers to stm32g4xx_it.o(.text.UsageFault_Handler) for UsageFault_Handler
    startup_stm32g431xx.o(RESET) refers to stm32g4xx_it.o(.text.SVC_Handler) for SVC_Handler
    startup_stm32g431xx.o(RESET) refers to stm32g4xx_it.o(.text.DebugMon_Handler) for DebugMon_Handler
    startup_stm32g431xx.o(RESET) refers to stm32g4xx_it.o(.text.PendSV_Handler) for PendSV_Handler
    startup_stm32g431xx.o(RESET) refers to stm32g4xx_it.o(.text.SysTick_Handler) for SysTick_Handler
    startup_stm32g431xx.o(RESET) refers to stm32g4xx_it.o(.text.ADC1_2_IRQHandler) for ADC1_2_IRQHandler
    startup_stm32g431xx.o(.text) refers (Special) to heapauxi.o(.text) for __use_two_region_memory
    startup_stm32g431xx.o(.text) refers to system_stm32g4xx.o(.text.SystemInit) for SystemInit
    startup_stm32g431xx.o(.text) refers to __main.o(!!!main) for __main
    startup_stm32g431xx.o(.text) refers to startup_stm32g431xx.o(HEAP) for Heap_Mem
    startup_stm32g431xx.o(.text) refers to startup_stm32g431xx.o(STACK) for Stack_Mem
    main.o(.text.main) refers to stm32g4xx_hal.o(.text.HAL_Init) for HAL_Init
    main.o(.text.main) refers to main.o(.text.SystemClock_Config) for SystemClock_Config
    main.o(.text.main) refers to gpio.o(.text.MX_GPIO_Init) for MX_GPIO_Init
    main.o(.text.main) refers to tim.o(.text.MX_TIM1_Init) for MX_TIM1_Init
    main.o(.text.main) refers to adc.o(.text.MX_ADC1_Init) for MX_ADC1_Init
    main.o(.text.main) refers to usart.o(.text.MX_USART1_UART_Init) for MX_USART1_UART_Init
    main.o(.text.main) refers to usermain.o(.text.usermain) for usermain
    main.o(.ARM.exidx.text.main) refers to main.o(.text.main) for [Anonymous Symbol]
    main.o(.text.SystemClock_Config) refers to rt_memclr_w.o(.text) for __aeabi_memclr4
    main.o(.text.SystemClock_Config) refers to stm32g4xx_hal_pwr_ex.o(.text.HAL_PWREx_ControlVoltageScaling) for HAL_PWREx_ControlVoltageScaling
    main.o(.text.SystemClock_Config) refers to stm32g4xx_hal_rcc.o(.text.HAL_RCC_OscConfig) for HAL_RCC_OscConfig
    main.o(.text.SystemClock_Config) refers to main.o(.text.Error_Handler) for Error_Handler
    main.o(.text.SystemClock_Config) refers to stm32g4xx_hal_rcc.o(.text.HAL_RCC_ClockConfig) for HAL_RCC_ClockConfig
    main.o(.ARM.exidx.text.SystemClock_Config) refers to main.o(.text.SystemClock_Config) for [Anonymous Symbol]
    main.o(.ARM.exidx.text.Error_Handler) refers to main.o(.text.Error_Handler) for [Anonymous Symbol]
    gpio.o(.text.MX_GPIO_Init) refers to stm32g4xx_hal_gpio.o(.text.HAL_GPIO_WritePin) for HAL_GPIO_WritePin
    gpio.o(.text.MX_GPIO_Init) refers to stm32g4xx_hal_gpio.o(.text.HAL_GPIO_Init) for HAL_GPIO_Init
    gpio.o(.ARM.exidx.text.MX_GPIO_Init) refers to gpio.o(.text.MX_GPIO_Init) for [Anonymous Symbol]
    adc.o(.text.MX_ADC1_Init) refers to rt_memclr_w.o(.text) for __aeabi_memclr4
    adc.o(.text.MX_ADC1_Init) refers to adc.o(.bss.hadc1) for hadc1
    adc.o(.text.MX_ADC1_Init) refers to stm32g4xx_hal_adc.o(.text.HAL_ADC_Init) for HAL_ADC_Init
    adc.o(.text.MX_ADC1_Init) refers to main.o(.text.Error_Handler) for Error_Handler
    adc.o(.text.MX_ADC1_Init) refers to stm32g4xx_hal_adc_ex.o(.text.HAL_ADCEx_MultiModeConfigChannel) for HAL_ADCEx_MultiModeConfigChannel
    adc.o(.text.MX_ADC1_Init) refers to stm32g4xx_hal_adc_ex.o(.text.HAL_ADCEx_InjectedConfigChannel) for HAL_ADCEx_InjectedConfigChannel
    adc.o(.ARM.exidx.text.MX_ADC1_Init) refers to adc.o(.text.MX_ADC1_Init) for [Anonymous Symbol]
    adc.o(.text.HAL_ADC_MspInit) refers to rt_memclr_w.o(.text) for __aeabi_memclr4
    adc.o(.text.HAL_ADC_MspInit) refers to stm32g4xx_hal_rcc_ex.o(.text.HAL_RCCEx_PeriphCLKConfig) for HAL_RCCEx_PeriphCLKConfig
    adc.o(.text.HAL_ADC_MspInit) refers to main.o(.text.Error_Handler) for Error_Handler
    adc.o(.text.HAL_ADC_MspInit) refers to stm32g4xx_hal_gpio.o(.text.HAL_GPIO_Init) for HAL_GPIO_Init
[...]
    I2C3_EV_IRQHandler                       0x0800034f   Thumb Code     0  startup_stm32g431xx.o(.text)
    LPTIM1_IRQHandler                        0x0800034f   Thumb Code     0  startup_stm32g431xx.o(.text)
    LPUART1_IRQHandler                       0x0800034f   Thumb Code     0  startup_stm32g431xx.o(.text)
    PVD_PVM_IRQHandler                       0x0800034f   Thumb Code     0  startup_stm32g431xx.o(.text)
    RCC_IRQHandler                           0x0800034f   Thumb Code     0  startup_stm32g431xx.o(.text)
    RNG_IRQHandler                           0x0800034f   Thumb Code     0  startup_stm32g431xx.o(.text)
    RTC_Alarm_IRQHandler                     0x0800034f   Thumb Code     0  startup_stm32g431xx.o(.text)
    RTC_TAMP_LSECSS_IRQHandler               0x0800034f   Thumb Code     0  startup_stm32g431xx.o(.text)
    RTC_WKUP_IRQHandler                      0x0800034f   Thumb Code     0  startup_stm32g431xx.o(.text)
    SAI1_IRQHandler                          0x0800034f   Thumb Code     0  startup_stm32g431xx.o(.text)
    SPI1_IRQHandler                          0x0800034f   Thumb Code     0  startup_stm32g431xx.o(.text)
    SPI2_IRQHandler                          0x0800034f   Thumb Code     0  startup_stm32g431xx.o(.text)
    SPI3_IRQHandler                          0x0800034f   Thumb Code     0  startup_stm32g431xx.o(.text)
    TIM1_BRK_TIM15_IRQHandler                0x0800034f   Thumb Code     0  startup_stm32g431xx.o(.text)
    TIM1_CC_IRQHandler                       0x0800034f   Thumb Code     0  startup_stm32g431xx.o(.text)
    TIM1_TRG_COM_TIM17_IRQHandler            0x0800034f   Thumb Code     0  startup_stm32g431xx.o(.text)
    TIM1_UP_TIM16_IRQHandler                 0x0800034f   Thumb Code     0  startup_stm32g431xx.o(.text)
    TIM2_IRQHandler                          0x0800034f   Thumb Code     0  startup_stm32g431xx.o(.text)
    TIM3_IRQHandler                          0x0800034f   Thumb Code     0  startup_stm32g431xx.o(.text)
    TIM4_IRQHandler                          0x0800034f   Thumb Code     0  startup_stm32g431xx.o(.text)
    TIM6_DAC_IRQHandler                      0x0800034f   Thumb Code     0  startup_stm32g431xx.o(.text)
    TIM7_IRQHandler                          0x0800034f   Thumb Code     0  startup_stm32g431xx.o(.text)
    TIM8_BRK_IRQHandler                      0x0800034f   Thumb Code     0  startup_stm32g431xx.o(.text)
    TIM8_CC_IRQHandler                       0x0800034f   Thumb Code     0  startup_stm32g431xx.o(.text)
    TIM8_TRG_COM_IRQHandler                  0x0800034f   Thumb Code     0  startup_stm32g431xx.o(.text)
    TIM8_UP_IRQHandler                       0x0800034f   Thumb Code     0  startup_stm32g431xx.o(.text)
    UART4_IRQHandler                         0x0800034f   Thumb Code     0  startup_stm32g431xx.o(.text)
    UCPD1_IRQHandler                         0x0800034f   Thumb Code     0  startup_stm32g431xx.o(.text)
    USART1_IRQHandler                        0x0800034f   Thumb Code     0  startup_stm32g431xx.o(.text)
    USART2_IRQHandler                        0x0800034f   Thumb Code     0  startup_stm32g431xx.o(.text)
    USART3_IRQHandler                        0x0800034f   Thumb Code     0  startup_stm32g431xx.o(.text)
    USBWakeUp_IRQHandler                     0x0800034f   Thumb Code     0  startup_stm32g431xx.o(.text)
    USB_HP_IRQHandler                        0x0800034f   Thumb Code     0  startup_stm32g431xx.o(.text)
    USB_LP_IRQHandler                        0x0800034f   Thumb Code     0  startup_stm32g431xx.o(.text)
    WWDG_IRQHandler                          0x0800034f   Thumb Code     0  startup_stm32g431xx.o(.text)
    __user_initial_stackheap                 0x08000351   Thumb Code     0  startup_stm32g431xx.o(.text)
    __aeabi_uldivmod                         0x08000375   Thumb Code     0  lludivv7m.o(.text)
    _ll_udiv                                 0x08000375   Thumb Code   240  lludivv7m.o(.text)
    printf                                   0x08000465   Thumb Code    20  printf.o(.text)
    __aeabi_memclr4                          0x0800047d   Thumb Code     0  rt_memclr_w.o(.text)
    __aeabi_memclr8                          0x0800047d   Thumb Code     0  rt_memclr_w.o(.text)
    __rt_memclr_w                            0x0800047d   Thumb Code     0  rt_memclr_w.o(.text)
    _memset_w                                0x08000481   Thumb Code    74  rt_memclr_w.o(.text)
    __use_two_region_memory                  0x080004cb   Thumb Code     2  heapauxi.o(.text)
    __rt_heap_escrow                         0x080004cd   Thumb Code     2  heapauxi.o(.text)
    __rt_heap_expand                         0x080004cf   Thumb Code     2  heapauxi.o(.text)
    __read_errno                             0x080004d1   Thumb Code    10  _rserrno.o(.text)
    __set_errno                              0x080004db   Thumb Code    12  _rserrno.o(.text)
    _printf_pre_padding                      0x080004e7   Thumb Code    44  _printf_pad.o(.text)
    _printf_post_padding                     0x08000513   Thumb Code    34  _printf_pad.o(.text)
    _printf_truncate_signed                  0x08000535   Thumb Code    18  _printf_truncate.o(.text)
    _printf_truncate_unsigned                0x08000547   Thumb Code    18  _printf_truncate.o(.text)
    _printf_str                              0x08000559   Thumb Code    82  _printf_str.o(.text)
    _printf_int_dec                          0x080005ad   Thumb Code   104  _printf_dec.o(.text)
    _printf_charcount                        0x08000625   Thumb Code    40  _printf_charcount.o(.text)
    _printf_char_file                        0x0800064d   Thumb Code    32  _printf_char_file.o(.text)
    _printf_wctomb                           0x08000671   Thumb Code   182  _printf_wctomb.o(.text)
    _printf_longlong_dec                     0x0800072d   Thumb Code   108  _printf_longlong_dec.o(.text)
    _printf_longlong_oct                     0x080007a9   Thumb Code    68  _printf_oct_int_ll.o(.text)
    _printf_int_oct                          0x080007ed   Thumb Code    24  _printf_oct_int_ll.o(.text)
    _printf_ll_oct                           0x08000805   Thumb Code    12  _printf_oct_int_ll.o(.text)
    _printf_longlong_hex                     0x08000819   Thumb Code    86  _printf_hex_int_ll_ptr.o(.text)
    _printf_int_hex                          0x0800086f   Thumb Code    28  _printf_hex_int_ll_ptr.o(.text)
    _printf_ll_hex                           0x0800088b   Thumb Code    12  _printf_hex_int_ll_ptr.o(.text)
    _printf_hex_ptr                          0x08000897   Thumb Code    18  _printf_hex_int_ll_ptr.o(.text)
    __printf                                 0x080008ad   Thumb Code   388  __printf_flags_ss_wp.o(.text)
    __aeabi_errno_addr                       0x08000a35   Thumb Code     8  rt_errno_addr_intlibspace.o(.text)
    __errno$intlibspace                      0x08000a35   Thumb Code     0  rt_errno_addr_intlibspace.o(.text)
    __rt_errno_addr$intlibspace              0x08000a35   Thumb Code     0  rt_errno_addr_intlibspace.o(.text)
    _ll_udiv10                               0x08000a3d   Thumb Code   138  lludiv10.o(.text)
    _printf_int_common                       0x08000ac7   Thumb Code   178  _printf_intcommon.o(.text)
    _printf_fp_dec_real                      0x08000d29   Thumb Code   620  _printf_fp_dec.o(.text)
    _printf_fp_hex_real                      0x08000f95   Thumb Code   756  _printf_fp_hex.o(.text)
    _printf_char_common                      0x0800129b   Thumb Code    32  _printf_char_common.o(.text)
    _printf_cs_common                        0x080012c1   Thumb Code    20  _printf_char.o(.text)
    _printf_char                             0x080012d5   Thumb Code    16  _printf_char.o(.text)
    _printf_string                           0x080012e5   Thumb Code     8  _printf_char.o(.text)
    _printf_lcs_common                       0x080012ed   Thumb Code    20  _printf_wchar.o(.text)
    _printf_wchar                            0x08001301   Thumb Code    16  _printf_wchar.o(.text)
    _printf_wstring                          0x08001311   Thumb Code     8  _printf_wchar.o(.text)
    ferror                                   0x08001319   Thumb Code     8  ferror.o(.text)
    _initio                                  0x08001321   Thumb Code   210  initio.o(.text)
    _terminateio                             0x080013f3   Thumb Code    56  initio.o(.text)
    _c16rtomb                                0x08001459   Thumb Code    72  _c16rtomb.o(.text)
    _wcrtomb                                 0x08001459   Thumb Code     0  _c16rtomb.o(.text)
    __user_libspace                          0x080014a1   Thumb Code     8  libspace.o(.text)
    __user_perproc_libspace                  0x080014a1   Thumb Code     0  libspace.o(.text)
    __user_perthread_libspace                0x080014a1   Thumb Code     0  libspace.o(.text)
    __user_setup_stackheap                   0x080014a9   Thumb Code    74  sys_stackheap_outer.o(.text)
    __rt_ctype_table                         0x080014f5   Thumb Code    16  rt_ctype_table.o(.text)
    __rt_locale                              0x08001505   Thumb Code     8  rt_locale_intlibspace.o(.text)
    free                                     0x0800150d   Thumb Code    78  h1_free.o(.text)
    _printf_fp_infnan                        0x0800155d   Thumb Code   112  _printf_fp_infnan.o(.text)
    _btod_etento                             0x080015dd   Thumb Code   224  bigflt0.o(.text)
    setvbuf                                  0x080016c1   Thumb Code    70  setvbuf.o(.text)
    freopen                                  0x08001709   Thumb Code   160  fopen.o(.text)
    fopen                                    0x080017a9   Thumb Code    74  fopen.o(.text)
    _fclose_internal                         0x080017f9   Thumb Code    76  fclose.o(.text)
    fclose                                   0x080017f9   Thumb Code     0  fclose.o(.text)
    exit                                     0x08001845   Thumb Code    18  exit.o(.text)
    __rt_SIGRTRED                            0x08001857   Thumb Code    14  defsig_rtred_outer.o(.text)
    _sys_open                                0x08001865   Thumb Code    20  sys_io.o(.text)
    _sys_close                               0x08001879   Thumb Code    12  sys_io.o(.text)
    _sys_write                               0x08001885   Thumb Code    16  sys_io.o(.text)
    _sys_read                                0x08001895   Thumb Code    14  sys_io.o(.text)
    _sys_istty                               0x080018a3   Thumb Code    12  sys_io.o(.text)
    _sys_seek                                0x080018af   Thumb Code    14  sys_io.o(.text)
    _sys_ensure                              0x080018bd   Thumb Code     2  sys_io.o(.text)
    _sys_flen                                0x080018bf   Thumb Code    12  sys_io.o(.text)
    __rt_heap_descriptor                     0x080018cd   Thumb Code     8  rt_heap_descriptor_intlibspace.o(.text)
    __use_no_heap                            0x080018d5   Thumb Code     2  hguard.o(.text)
    __heap$guard                             0x080018d7   Thumb Code     2  hguard.o(.text)
    _terminate_user_alloc                    0x080018d9   Thumb Code     2  init_alloc.o(.text)
    _init_user_alloc                         0x080018db   Thumb Code     2  init_alloc.o(.text)
    __Heap_Full                              0x080018dd   Thumb Code    34  init_alloc.o(.text)
    __Heap_Broken                            0x080018ff   Thumb Code     6  init_alloc.o(.text)
    _init_alloc                              0x08001905   Thumb Code    94  init_alloc.o(.text)
    malloc                                   0x08001963   Thumb Code    94  h1_alloc.o(.text)
    _fseek                                   0x080019c1   Thumb Code   242  fseek.o(.text)
    fseek                                    0x080019c1   Thumb Code     0  fseek.o(.text)
    _seterr                                  0x08001ab9   Thumb Code    20  stdio.o(.text)
    _writebuf                                0x08001acd   Thumb Code    84  stdio.o(.text)
    _fflush                                  0x08001b21   Thumb Code    70  stdio.o(.text)
    _deferredlazyseek                        0x08001b67   Thumb Code    60  stdio.o(.text)
    __sig_exit                               0x08001ba9   Thumb Code    10  defsig_exit.o(.text)
    __rt_SIGRTRED_inner                      0x08001bb5   Thumb Code    14  defsig_rtred_inner.o(.text)
    strcmp                                   0x08001be9   Thumb Code   124  strcmpv7em.o(.text)
    _sys_exit                                0x08001c65   Thumb Code     8  sys_exit.o(.text)
    __I$use$semihosting                      0x08001c71   Thumb Code     0  use_no_semi.o(.text)
    __use_no_semihosting_swi                 0x08001c71   Thumb Code     2  use_no_semi.o(.text)
    __Heap_Initialize                        0x08001c73   Thumb Code    10  h1_init.o(.text)
    __semihosting_library_function           0x08001c73   Thumb Code     0  indicate_semi.o(.text)
    _maybe_terminate_alloc                   0x08001c73   Thumb Code     0  maybetermalloc1.o(.text)
    __Heap_DescSize                          0x08001c7d   Thumb Code     4  h1_init.o(.text)
    __Heap_ProvideMemory                     0x08001c81   Thumb Code    52  h1_extend.o(.text)
    _ftell_internal                          0x08001cb5   Thumb Code    66  ftell.o(.text)
    ftell                                    0x08001cb5   Thumb Code     0  ftell.o(.text)
    __default_signal_display                 0x08001cf7   Thumb Code    50  defsig_general.o(.text)
    __rt_SIGRTMEM                            0x08001d29   Thumb Code    14  defsig_rtmem_outer.o(.text)
    strlen                                   0x08001d37   Thumb Code    62  strlen.o(.text)
    _ttywrch                                 0x08001d75   Thumb Code    14  sys_wrch.o(.text)
    __rt_SIGRTMEM_inner                      0x08001d85   Thumb Code    22  defsig_rtmem_inner.o(.text)
    ADC1_2_IRQHandler                        0x08001dd5   Thumb Code    16  stm32g4xx_it.o(.text.ADC1_2_IRQHandler)
    ADC_Enable                               0x08001de5   Thumb Code   272  stm32g4xx_hal_adc.o(.text.ADC_Enable)
    BusFault_Handler                         0x08001ef5   Thumb Code     4  stm32g4xx_it.o(.text.BusFault_Handler)
    DebugMon_Handler                         0x08001ef9   Thumb Code     2  stm32g4xx_it.o(.text.DebugMon_Handler)
    Encoder_Get_Angle_Speed                  0x08001efd   Thumb Code   240  encoder.o(.text.Encoder_Get_Angle_Speed)
    Encoder_Init                             0x08001fed   Thumb Code    44  encoder.o(.text.Encoder_Init)
    Error_Handler                            0x08002019   Thumb Code    14  main.o(.text.Error_Handler)
    HAL_ADCEx_EndOfSamplingCallback          0x08002029   Thumb Code     8  stm32g4xx_hal_adc_ex.o(.text.HAL_ADCEx_EndOfSamplingCallback)
    HAL_ADCEx_InjectedConfigChannel          0x08002031   Thumb Code  2494  stm32g4xx_hal_adc_ex.o(.text.HAL_ADCEx_InjectedConfigChannel)
    HAL_ADCEx_InjectedConvCpltCallback       0x080029f1   Thumb Code  1272  usermain.o(.text.HAL_ADCEx_InjectedConvCpltCallback)
    HAL_ADCEx_InjectedQueueOverflowCallback  0x08002ee9   Thumb Code     8  stm32g4xx_hal_adc_ex.o(.text.HAL_ADCEx_InjectedQueueOverflowCallback)
    HAL_ADCEx_InjectedStart_IT               0x08002ef1   Thumb Code   508  stm32g4xx_hal_adc_ex.o(.text.HAL_ADCEx_InjectedStart_IT)
    HAL_ADCEx_LevelOutOfWindow2Callback      0x080030ed   Thumb Code     8  stm32g4xx_hal_adc_ex.o(.text.HAL_ADCEx_LevelOutOfWindow2Callback)
    HAL_ADCEx_LevelOutOfWindow3Callback      0x080030f5   Thumb Code     8  stm32g4xx_hal_adc_ex.o(.text.HAL_ADCEx_LevelOutOfWindow3Callback)
    HAL_ADCEx_MultiModeConfigChannel         0x080030fd   Thumb Code   374  stm32g4xx_hal_adc_ex.o(.text.HAL_ADCEx_MultiModeConfigChannel)
    HAL_ADC_ConvCpltCallback                 0x08003275   Thumb Code     8  stm32g4xx_hal_adc.o(.text.HAL_ADC_ConvCpltCallback)
    HAL_ADC_ErrorCallback                    0x0800327d   Thumb Code     8  stm32g4xx_hal_adc.o(.text.HAL_ADC_ErrorCallback)
    HAL_ADC_IRQHandler                       0x08003285   Thumb Code  1194  stm32g4xx_hal_adc.o(.text.HAL_ADC_IRQHandler)
    HAL_ADC_Init                             0x08003731   Thumb Code   792  stm32g4xx_hal_adc.o(.text.HAL_ADC_Init)
    HAL_ADC_LevelOutOfWindowCallback         0x08003a49   Thumb Code     8  stm32g4xx_hal_adc.o(.text.HAL_ADC_LevelOutOfWindowCallback)
    HAL_ADC_MspInit                          0x08003a51   Thumb Code   180  adc.o(.text.HAL_ADC_MspInit)
    HAL_GPIO_Init                            0x08003b05   Thumb Code   872  stm32g4xx_hal_gpio.o(.text.HAL_GPIO_Init)
    HAL_GPIO_ReadPin                         0x08003e6d   Thumb Code    46  stm32g4xx_hal_gpio.o(.text.HAL_GPIO_ReadPin)
    HAL_GPIO_WritePin                        0x08003e9d   Thumb Code    44  stm32g4xx_hal_gpio.o(.text.HAL_GPIO_WritePin)
    HAL_GetTick                              0x08003ec9   Thumb Code    12  stm32g4xx_hal.o(.text.HAL_GetTick)
    HAL_IncTick                              0x08003ed5   Thumb Code    26  stm32g4xx_hal.o(.text.HAL_IncTick)
    HAL_Init                                 0x08003ef1   Thumb Code    48  stm32g4xx_hal.o(.text.HAL_Init)
    HAL_InitTick                             0x08003f21   Thumb Code   136  stm32g4xx_hal.o(.text.HAL_InitTick)
    HAL_MspInit                              0x08003fa9   Thumb Code    72  stm32g4xx_hal_msp.o(.text.HAL_MspInit)
    HAL_NVIC_EnableIRQ                       0x08003ff1   Thumb Code    20  stm32g4xx_hal_cortex.o(.text.HAL_NVIC_EnableIRQ)
    HAL_NVIC_SetPriority                     0x08004005   Thumb Code    46  stm32g4xx_hal_cortex.o(.text.HAL_NVIC_SetPriority)
    HAL_NVIC_SetPriorityGrouping             0x08004035   Thumb Code    16  stm32g4xx_hal_cortex.o(.text.HAL_NVIC_SetPriorityGrouping)
    HAL_PWREx_ControlVoltageScaling          0x08004045   Thumb Code   436  stm32g4xx_hal_pwr_ex.o(.text.HAL_PWREx_ControlVoltageScaling)
    HAL_PWREx_DisableUCPDDeadBattery         0x080041f9   Thumb Code    18  stm32g4xx_hal_pwr_ex.o(.text.HAL_PWREx_DisableUCPDDeadBattery)
    HAL_RCCEx_PeriphCLKConfig                0x0800420d   Thumb Code  1114  stm32g4xx_hal_rcc_ex.o(.text.HAL_RCCEx_PeriphCLKConfig)
    HAL_RCC_ClockConfig                      0x08004669   Thumb Code   806  stm32g4xx_hal_rcc.o(.text.HAL_RCC_ClockConfig)
    HAL_RCC_GetHCLKFreq                      0x08004991   Thumb Code    12  stm32g4xx_hal_rcc.o(.text.HAL_RCC_GetHCLKFreq)
    HAL_RCC_GetPCLK1Freq                     0x0800499d   Thumb Code    38  stm32g4xx_hal_rcc.o(.text.HAL_RCC_GetPCLK1Freq)
    HAL_RCC_GetPCLK2Freq                     0x080049c5   Thumb Code    38  stm32g4xx_hal_rcc.o(.text.HAL_RCC_GetPCLK2Freq)
    HAL_RCC_GetSysClockFreq                  0x080049ed   Thumb Code   252  stm32g4xx_hal_rcc.o(.text.HAL_RCC_GetSysClockFreq)
    HAL_RCC_OscConfig                        0x08004ae9   Thumb Code  1974  stm32g4xx_hal_rcc.o(.text.HAL_RCC_OscConfig)
    HAL_SYSTICK_Config                       0x080052a1   Thumb Code    16  stm32g4xx_hal_cortex.o(.text.HAL_SYSTICK_Config)
    HAL_TIMEx_ConfigBreakDeadTime            0x080052b1   Thumb Code   304  stm32g4xx_hal_tim_ex.o(.text.HAL_TIMEx_ConfigBreakDeadTime)
    HAL_TIMEx_MasterConfigSynchronization    0x080053e1   Thumb Code   318  stm32g4xx_hal_tim_ex.o(.text.HAL_TIMEx_MasterConfigSynchronization)
    HAL_TIMEx_PWMN_Start                     0x08005521   Thumb Code   382  stm32g4xx_hal_tim_ex.o(.text.HAL_TIMEx_PWMN_Start)
    HAL_TIM_Base_Init                        0x080056a1   Thumb Code   168  stm32g4xx_hal_tim.o(.text.HAL_TIM_Base_Init)
    HAL_TIM_Base_MspInit                     0x08005749   Thumb Code    58  tim.o(.text.HAL_TIM_Base_MspInit)
    HAL_TIM_Base_Start                       0x08005785   Thumb Code   214  stm32g4xx_hal_tim.o(.text.HAL_TIM_Base_Start)
    HAL_TIM_ConfigClockSource                0x0800585d   Thumb Code   468  stm32g4xx_hal_tim.o(.text.HAL_TIM_ConfigClockSource)
    HAL_TIM_MspPostInit                      0x08005a31   Thumb Code   208  tim.o(.text.HAL_TIM_MspPostInit)
    HAL_TIM_PWM_ConfigChannel                0x08005b01   Thumb Code   432  stm32g4xx_hal_tim.o(.text.HAL_TIM_PWM_ConfigChannel)
    HAL_TIM_PWM_Init                         0x08005cb1   Thumb Code   168  stm32g4xx_hal_tim.o(.text.HAL_TIM_PWM_Init)
    HAL_TIM_PWM_MspInit                      0x08005d59   Thumb Code     8  stm32g4xx_hal_tim.o(.text.HAL_TIM_PWM_MspInit)
    HAL_TIM_PWM_Start                        0x08005d61   Thumb Code   606  stm32g4xx_hal_tim.o(.text.HAL_TIM_PWM_Start)
    HAL_UARTEx_DisableFifoMode               0x08005fc1   Thumb Code   124  stm32g4xx_hal_uart_ex.o(.text.HAL_UARTEx_DisableFifoMode)
    HAL_UARTEx_SetRxFifoThreshold            0x0800603d   Thumb Code   140  stm32g4xx_hal_uart_ex.o(.text.HAL_UARTEx_SetRxFifoThreshold)
    HAL_UARTEx_SetTxFifoThreshold            0x080060c9   Thumb Code   140  stm32g4xx_hal_uart_ex.o(.text.HAL_UARTEx_SetTxFifoThreshold)
    HAL_UART_Init                            0x08006155   Thumb Code   170  stm32g4xx_hal_uart.o(.text.HAL_UART_Init)
    HAL_UART_MspInit                         0x08006201   Thumb Code   166  usart.o(.text.HAL_UART_MspInit)
    HAL_UART_Transmit                        0x080062a9   Thumb Code   312  stm32g4xx_hal_uart.o(.text.HAL_UART_Transmit)
    HardFault_Handler                        0x080063e1   Thumb Code     4  stm32g4xx_it.o(.text.HardFault_Handler)
    LPF_Calc                                 0x080066f9   Thumb Code    76  foc_math.o(.text.LPF_Calc)
    LPF_Init                                 0x08006745   Thumb Code    88  foc_math.o(.text.LPF_Init)
    MT6701_Get_Angle                         0x0800679d   Thumb Code    84  mt6701.o(.text.MT6701_Get_Angle)
    MT6701_Init                              0x080067f1   Thumb Code     8  mt6701.o(.text.MT6701_Init)
    MT6701_Read_Len                          0x080067f9   Thumb Code   170  mt6701.o(.text.MT6701_Read_Len)
    MX_ADC1_Init                             0x080068a5   Thumb Code   286  adc.o(.text.MX_ADC1_Init)
    MX_GPIO_Init                             0x080069c5   Thumb Code   182  gpio.o(.text.MX_GPIO_Init)
    MX_TIM1_Init                             0x08006a7d   Thumb Code   362  tim.o(.text.MX_TIM1_Init)
    MX_USART1_UART_Init                      0x08006be9   Thumb Code   142  usart.o(.text.MX_USART1_UART_Init)
    MemManage_Handler                        0x08006c79   Thumb Code     4  stm32g4xx_it.o(.text.MemManage_Handler)
    NMI_Handler                              0x08006c7d   Thumb Code     4  stm32g4xx_it.o(.text.NMI_Handler)
    PID_Calc                                 0x08006ced   Thumb Code   254  foc_math.o(.text.PID_Calc)
    PID_Init                                 0x08006ded   Thumb Code    48  foc_math.o(.text.PID_Init)
    PendSV_Handler                           0x08006e1d   Thumb Code     2  stm32g4xx_it.o(.text.PendSV_Handler)
    SVC_Handler                              0x08006ebd   Thumb Code     2  stm32g4xx_it.o(.text.SVC_Handler)
    SysTick_Handler                          0x08006f15   Thumb Code     8  stm32g4xx_it.o(.text.SysTick_Handler)
    SystemClock_Config                       0x08006f1d   Thumb Code   120  main.o(.text.SystemClock_Config)
    SystemInit                               0x08006f95   Thumb Code    18  system_stm32g4xx.o(.text.SystemInit)
    TIM_Base_SetConfig                       0x08006fa9   Thumb Code   406  stm32g4xx_hal_tim.o(.text.TIM_Base_SetConfig)
    TIM_CCxChannelCmd                        0x08007141   Thumb Code    54  stm32g4xx_hal_tim.o(.text.TIM_CCxChannelCmd)
    TIM_ETR_SetConfig                        0x080071b1   Thumb Code    52  stm32g4xx_hal_tim.o(.text.TIM_ETR_SetConfig)
    TIM_OC2_SetConfig                        0x08007369   Thumb Code   368  stm32g4xx_hal_tim.o(.text.TIM_OC2_SetConfig)
    UART_AdvFeatureConfig                    0x08007a8d   Thumb Code   328  stm32g4xx_hal_uart.o(.text.UART_AdvFeatureConfig)
    UART_CheckIdleState                      0x08007bd5   Thumb Code   326  stm32g4xx_hal_uart.o(.text.UART_CheckIdleState)
    UART_SetConfig                           0x08007dbd   Thumb Code  1392  stm32g4xx_hal_uart.o(.text.UART_SetConfig)
    UART_WaitOnFlagUntilTimeout              0x0800832d   Thumb Code   268  stm32g4xx_hal_uart.o(.text.UART_WaitOnFlagUntilTimeout)
    UsageFault_Handler                       0x08008439   Thumb Code     4  stm32g4xx_it.o(.text.UsageFault_Handler)
    _IIC_GPIO_Init                           0x080084b5   Thumb Code     8  mt6701.o(.text._IIC_GPIO_Init)
    abc_2_dq                                 0x080087f1   Thumb Code   264  coordinate_transform.o(.text.abc_2_dq)
    dq_2_abc                                 0x080088f9   Thumb Code   232  coordinate_transform.o(.text.dq_2_abc)
    e_svpwm                                  0x080089e1   Thumb Code   224  svpwm.o(.text.e_svpwm)
    fputc                                    0x08008ac1   Thumb Code    34  hwprint.o(.text.fputc)
    get_max                                  0x08008ae5   Thumb Code   126  foc_math.o(.text.get_max)
    get_middle                               0x08008b65   Thumb Code   104  foc_math.o(.text.get_middle)
    get_min                                  0x08008bcd   Thumb Code   126  foc_math.o(.text.get_min)
    main                                     0x08008db5   Thumb Code    40  main.o(.text.main)
    normalize                                0x08008ddd   Thumb Code   148  foc_math.o(.text.normalize)
    usermain                                 0x08008e71   Thumb Code    82  usermain.o(.text.usermain)
    _btod_d2e                                0x08008ec3   Thumb Code    62  btod.o(CL$$btod_d2e)
    _d2e_denorm_low                          0x08008f01   Thumb Code    70  btod.o(CL$$btod_d2e_denorm_low)
    _d2e_norm_op1                            0x08008f47   Thumb Code    96  btod.o(CL$$btod_d2e_norm_op1)
    __btod_div_common                        0x08008fa9   Thumb Code   696  btod.o(CL$$btod_div_common)
    _e2e                                     0x080092e1   Thumb Code   220  btod.o(CL$$btod_e2e)
    _btod_ediv                               0x080093bd   Thumb Code    42  btod.o(CL$$btod_ediv)
    _btod_emul                               0x080093e7   Thumb Code    42  btod.o(CL$$btod_emul)
    __btod_mult_common                       0x08009411   Thumb Code   580  btod.o(CL$$btod_mult_common)
    __ARM_fpclassify                         0x08009655   Thumb Code    48  fpclassify.o(i.__ARM_fpclassify)
    __ARM_fpclassifyf                        0x08009685   Thumb Code    38  fpclassifyf.o(i.__ARM_fpclassifyf)
    __hardfp_cosf                            0x080096ad   Thumb Code   280  cosf.o(i.__hardfp_cosf)
    __hardfp_sinf                            0x080097fd   Thumb Code   344  sinf.o(i.__hardfp_sinf)
    __mathlib_flt_infnan                     0x0800998d   Thumb Code     6  funder.o(i.__mathlib_flt_infnan)
    __mathlib_flt_invalid                    0x08009995   Thumb Code    10  funder.o(i.__mathlib_flt_invalid)
    __mathlib_flt_underflow                  0x080099a5   Thumb Code    10  funder.o(i.__mathlib_flt_underflow)
    __mathlib_rredf2                         0x080099b5   Thumb Code   316  rredf.o(i.__mathlib_rredf2)
    _is_digit                                0x08009b09   Thumb Code    14  __printf_wp.o(i._is_digit)
    _get_lc_numeric                          0x08009b19   Thumb Code    44  lc_numeric_c.o(locale$$code)
    _get_lc_ctype                            0x08009b45   Thumb Code    44  lc_ctype_c.o(locale$$code)
    __fpl_dretinf                            0x08009b71   Thumb Code    12  dretinf.o(x$fpl$dretinf)
    __aeabi_f2d                              0x08009b7d   Thumb Code     0  f2d.o(x$fpl$f2d)
    _f2d                                     0x08009b7d   Thumb Code    86  f2d.o(x$fpl$f2d)
    __fpl_fnaninf                            0x08009bd3   Thumb Code   140  fnaninf.o(x$fpl$fnaninf)
    _fp_init                                 0x08009c5f   Thumb Code    26  fpinit.o(x$fpl$fpinit)
    __fplib_config_fpu_vfp                   0x08009c77   Thumb Code     0  fpinit.o(x$fpl$fpinit)
    __fplib_config_pureend_doubles           0x08009c77   Thumb Code     0  fpinit.o(x$fpl$fpinit)
    _printf_fp_dec                           0x08009c79   Thumb Code     4  printf1.o(x$fpl$printf1)
    _printf_fp_hex                           0x08009c7d   Thumb Code     4  printf2.o(x$fpl$printf2)
    __I$use$fp                               0x08009c80   Number         0  usenofp.o(x$fpl$usenofp)
    __stdin_name                             0x08009d0a   Data           4  sys_io_names.o(.constdata)
    __stdout_name                            0x08009d0e   Data           4  sys_io_names.o(.constdata)
    __stderr_name                            0x08009d12   Data           4  sys_io_names.o(.constdata)
    AHBPrescTable                            0x08009dac   Data          16  system_stm32g4xx.o(.rodata.AHBPrescTable)
    APBPrescTable                            0x08009dbc   Data           8  system_stm32g4xx.o(.rodata.APBPrescTable)
    UARTPrescTable                           0x08009dd4   Data          24  stm32g4xx_hal_uart.o(.rodata.UARTPrescTable)
    Region$$Table$$Base                      0x08009e04   Number         0  anon$$obj.o(Region$$Table)
    Region$$Table$$Limit                     0x08009e24   Number         0  anon$$obj.o(Region$$Table)
    __ctype                                  0x08009e4d   Data           0  lc_ctype_c.o(locale$$data)
    __aeabi_stdin                            0x20000000   Data           4  stdio_streams.o(.data)
    __aeabi_stdout                           0x20000004   Data           4  stdio_streams.o(.data)
    __aeabi_stderr                           0x20000008   Data           4  stdio_streams.o(.data)
    SystemCoreClock                          0x2000000c   Data           4  system_stm32g4xx.o(.data.SystemCoreClock)
    u_dc                                     0x20000010   Data           4  usermain.o(.data.u_dc)
    uwTickFreq                               0x20000014   Data           4  stm32g4xx_hal.o(.data.uwTickFreq)
    uwTickPrio                               0x20000018   Data           4  stm32g4xx_hal.o(.data.uwTickPrio)
    __stdin                                  0x20000020   Data          84  stdio_streams.o(.bss)
    __stdout                                 0x20000074   Data          84  stdio_streams.o(.bss)
    __stderr                                 0x200000c8   Data          84  stdio_streams.o(.bss)
    __libspace_start                         0x2000011c   Data          96  libspace.o(.bss)
    __temporary_stack_top$libspace           0x2000017c   Data           0  libspace.o(.bss)
    duty_abc                                 0x200001a4   Data          12  usermain.o(.bss.duty_abc)
    encoder                                  0x200001b0   Data          32  usermain.o(.bss.encoder)
    hadc1                                    0x200001d0   Data         108  adc.o(.bss.hadc1)
    htim1                                    0x2000023c   Data          76  tim.o(.bss.htim1)
    huart1                                   0x20000288   Data         148  usart.o(.bss.huart1)
    i_abc                                    0x2000031c   Data          12  usermain.o(.bss.i_abc)
    i_dq                                     0x20000328   Data           8  usermain.o(.bss.i_dq)
    i_dql                                    0x20000330   Data           8  usermain.o(.bss.i_dql)
    id_lpf                                   0x20000338   Data          24  usermain.o(.bss.id_lpf)
    id_pi                                    0x20000350   Data          44  usermain.o(.bss.id_pi)
    iq_lpf                                   0x2000037c   Data          24  usermain.o(.bss.iq_lpf)
    iq_pi                                    0x20000394   Data          44  usermain.o(.bss.iq_pi)
    speed_pi                                 0x200003c0   Data          44  usermain.o(.bss.speed_pi)
    speed_ref                                0x200003ec   Data           4  usermain.o(.bss.speed_ref)
    system_sample_state                      0x200003f0   Data           1  usermain.o(.bss.system_sample_state)
    system_state                             0x200003f1   Data           1  usermain.o(.bss.system_state)
    u_abc                                    0x200003f4   Data          12  usermain.o(.bss.u_abc)
    u_dq                                     0x20000400   Data           8  usermain.o(.bss.u_dq)
    uwTick                                   0x20000408   Data           4  stm32g4xx_hal.o(.bss.uwTick)



==============================================================================

Memory Map of the image

  Image Entry point : 0x080001d9

  Load Region LR_IROM1 (Base: 0x08000000, Size: 0x00009f70, Max: 0x00020000, ABSOLUTE)

    Execution Region ER_IROM1 (Exec base: 0x08000000, Load base: 0x08000000, Size: 0x00009f50, Max: 0x00020000, ABSOLUTE)

    Exec Addr    Load Addr    Size         Type   Attr      Idx    E Section Name        Object

    0x08000000   0x08000000   0x000001d8   Data   RO            3    RESET               startup_stm32g431xx.o
    0x080001d8   0x080001d8   0x00000008   Code   RO         1698  * !!!main             c_w.l(__main.o)
    0x080001e0   0x080001e0   0x00000034   Code   RO         2243    !!!scatter          c_w.l(__scatter.o)
    0x08000214   0x08000214   0x0000001a   Code   RO         2245    !!handler_copy      c_w.l(__scatter_copy.o)
    0x0800022e   0x0800022e   0x00000002   PAD
    0x08000230   0x08000230   0x0000001c   Code   RO         2247    !!handler_zi        c_w.l(__scatter_zi.o)
    0x0800024c   0x0800024c   0x00000000   Code   RO         1806    .ARM.Collect$$_printf_percent$$00000000  c_w.l(_printf_percent.o)
    0x0800024c   0x0800024c   0x00000006   Code   RO         1795    .ARM.Collect$$_printf_percent$$00000001  c_w.l(_printf_n.o)
    0x08000252   0x08000252   0x00000006   Code   RO         1797    .ARM.Collect$$_printf_percent$$00000002  c_w.l(_printf_p.o)
    0x08000258   0x08000258   0x00000006   Code   RO         1802    .ARM.Collect$$_printf_percent$$00000003  c_w.l(_printf_f.o)
    0x0800025e   0x0800025e   0x00000006   Code   RO         1803    .ARM.Collect$$_printf_percent$$00000004  c_w.l(_printf_e.o)
    0x08000264   0x08000264   0x00000006   Code   RO         1804    .ARM.Collect$$_printf_percent$$00000005  c_w.l(_printf_g.o)
    0x0800026a   0x0800026a   0x00000006   Code   RO         1805    .ARM.Collect$$_printf_percent$$00000006  c_w.l(_printf_a.o)
    0x08000270   0x08000270   0x0000000a   Code   RO         1810    .ARM.Collect$$_printf_percent$$00000007  c_w.l(_printf_ll.o)
    0x0800027a   0x0800027a   0x00000006   Code   RO         1799    .ARM.Collect$$_printf_percent$$00000008  c_w.l(_printf_i.o)
    0x08000280   0x08000280   0x00000006   Code   RO         1800    .ARM.Collect$$_printf_percent$$00000009  c_w.l(_printf_d.o)
    0x08000286   0x08000286   0x00000006   Code   RO         1801    .ARM.Collect$$_printf_percent$$0000000A  c_w.l(_printf_u.o)
    0x0800028c   0x0800028c   0x00000006   Code   RO         1798    .ARM.Collect$$_printf_percent$$0000000B  c_w.l(_printf_o.o)
    0x08000292   0x08000292   0x00000006   Code   RO         1796    .ARM.Collect$$_printf_percent$$0000000C  c_w.l(_printf_x.o)
    0x08000298   0x08000298   0x00000006   Code   RO         1807    .ARM.Collect$$_printf_percent$$0000000D  c_w.l(_printf_lli.o)
    0x0800029e   0x0800029e   0x00000006   Code   RO         1808    .ARM.Collect$$_printf_percent$$0000000E  c_w.l(_printf_lld.o)
    0x080002a4   0x080002a4   0x00000006   Code   RO         1809    .ARM.Collect$$_printf_percent$$0000000F  c_w.l(_printf_llu.o)
    0x080002aa   0x080002aa   0x00000006   Code   RO         1814    .ARM.Collect$$_printf_percent$$00000010  c_w.l(_printf_llo.o)
    0x080002b0   0x080002b0   0x00000006   Code   RO         1815    .ARM.Collect$$_printf_percent$$00000011  c_w.l(_printf_llx.o)
    0x080002b6   0x080002b6   0x0000000a   Code   RO         1811    .ARM.Collect$$_printf_percent$$00000012  c_w.l(_printf_l.o)
    0x080002c0   0x080002c0   0x00000006   Code   RO         1793    .ARM.Collect$$_printf_percent$$00000013  c_w.l(_printf_c.o)
    0x080002c6   0x080002c6   0x00000006   Code   RO         1794    .ARM.Collect$$_printf_percent$$00000014  c_w.l(_printf_s.o)
    0x080002cc   0x080002cc   0x00000006   Code   RO         1812    .ARM.Collect$$_printf_percent$$00000015  c_w.l(_printf_lc.o)
    0x080002d2   0x080002d2   0x00000006   Code   RO         1813    .ARM.Collect$$_printf_percent$$00000016  c_w.l(_printf_ls.o)
    0x080002d8   0x080002d8   0x00000004   Code   RO         1893    .ARM.Collect$$_printf_percent$$00000017  c_w.l(_printf_percent_end.o)
    0x080002dc   0x080002dc   0x00000002   Code   RO         2037    .ARM.Collect$$libinit$$00000000  c_w.l(libinit.o)
    0x080002de   0x080002de   0x00000004   Code   RO         2038    .ARM.Collect$$libinit$$00000001  c_w.l(libinit2.o)
    0x080002e2   0x080002e2   0x00000000   Code   RO         2041    .ARM.Collect$$libinit$$00000004  c_w.l(libinit2.o)
    0x080002e2   0x080002e2   0x00000008   Code   RO         2042    .ARM.Collect$$libinit$$00000005  c_w.l(libinit2.o)
    0x080002ea   0x080002ea   0x00000000   Code   RO         2044    .ARM.Collect$$libinit$$0000000A  c_w.l(libinit2.o)
    0x080002ea   0x080002ea   0x00000000   Code   RO         2046    .ARM.Collect$$libinit$$0000000C  c_w.l(libinit2.o)
    0x080002ea   0x080002ea   0x00000000   Code   RO         2048    .ARM.Collect$$libinit$$0000000E  c_w.l(libinit2.o)
    0x080002ea   0x080002ea   0x00000006   Code   RO         2049    .ARM.Collect$$libinit$$0000000F  c_w.l(libinit2.o)
    0x080002f0   0x080002f0   0x00000000   Code   RO         2051    .ARM.Collect$$libinit$$00000011  c_w.l(libinit2.o)
    0x080002f0   0x080002f0   0x0000000c   Code   RO         2052    .ARM.Collect$$libinit$$00000012  c_w.l(libinit2.o)
    0x080002fc   0x080002fc   0x00000000   Code   RO         2053    .ARM.Collect$$libinit$$00000013  c_w.l(libinit2.o)
    0x080002fc   0x080002fc   0x00000000   Code   RO         2055    .ARM.Collect$$libinit$$00000015  c_w.l(libinit2.o)
    0x080002fc   0x080002fc   0x0000000a   Code   RO         2056    .ARM.Collect$$libinit$$00000016  c_w.l(libinit2.o)
    0x08000306   0x08000306   0x00000000   Code   RO         2057    .ARM.Collect$$libinit$$00000017  c_w.l(libinit2.o)
    0x08000306   0x08000306   0x00000000   Code   RO         2059    .ARM.Collect$$libinit$$00000019  c_w.l(libinit2.o)
    0x08000306   0x08000306   0x00000000   Code   RO         2061    .ARM.Collect$$libinit$$0000001B  c_w.l(libinit2.o)
    0x08000306   0x08000306   0x00000000   Code   RO         2063    .ARM.Collect$$libinit$$0000001D  c_w.l(libinit2.o)
    0x08000306   0x08000306   0x00000000   Code   RO         2065    .ARM.Collect$$libinit$$0000001F  c_w.l(libinit2.o)
    0x08000306   0x08000306   0x00000000   Code   RO         2067    .ARM.Collect$$libinit$$00000021  c_w.l(libinit2.o)
    0x08000306   0x08000306   0x00000000   Code   RO         2069    .ARM.Collect$$libinit$$00000023  c_w.l(libinit2.o)
    0x08000306   0x08000306   0x00000004   Code   RO         2070    .ARM.Collect$$libinit$$00000024  c_w.l(libinit2.o)
    0x0800030a   0x0800030a   0x00000000   Code   RO         2071    .ARM.Collect$$libinit$$00000025  c_w.l(libinit2.o)
    0x0800030a   0x0800030a   0x00000000   Code   RO         2075    .ARM.Collect$$libinit$$0000002C  c_w.l(libinit2.o)
    0x0800030a   0x0800030a   0x00000000   Code   RO         2077    .ARM.Collect$$libinit$$0000002E  c_w.l(libinit2.o)
    0x0800030a   0x0800030a   0x00000000   Code   RO         2079    .ARM.Collect$$libinit$$00000030  c_w.l(libinit2.o)
    0x0800030a   0x0800030a   0x00000000   Code   RO         2081    .ARM.Collect$$libinit$$00000032  c_w.l(libinit2.o)
    0x0800030a   0x0800030a   0x00000002   Code   RO         2082    .ARM.Collect$$libinit$$00000033  c_w.l(libinit2.o)
    0x0800030c   0x0800030c   0x00000002   Code   RO         2224    .ARM.Collect$$libshutdown$$00000000  c_w.l(libshutdown.o)
    0x0800030e   0x0800030e   0x00000000   Code   RO         2084    .ARM.Collect$$libshutdown$$00000002  c_w.l(libshutdown2.o)
    0x0800030e   0x0800030e   0x00000004   Code   RO         2085    .ARM.Collect$$libshutdown$$00000003  c_w.l(libshutdown2.o)
    0x08000312   0x08000312   0x00000000   Code   RO         2086    .ARM.Collect$$libshutdown$$00000004  c_w.l(libshutdown2.o)
    0x08000312   0x08000312   0x00000000   Code   RO         2089    .ARM.Collect$$libshutdown$$00000007  c_w.l(libshutdown2.o)
    0x08000312   0x08000312   0x00000000   Code   RO         2092    .ARM.Collect$$libshutdown$$0000000A  c_w.l(libshutdown2.o)
    0x08000312   0x08000312   0x00000000   Code   RO         2094    .ARM.Collect$$libshutdown$$0000000C  c_w.l(libshutdown2.o)
    0x08000312   0x08000312   0x00000000   Code   RO         2097    .ARM.Collect$$libshutdown$$0000000F  c_w.l(libshutdown2.o)
    0x08000312   0x08000312   0x00000002   Code   RO         2098    .ARM.Collect$$libshutdown$$00000010  c_w.l(libshutdown2.o)
    0x08000314   0x08000314   0x00000000   Code   RO         1720    .ARM.Collect$$rtentry$$00000000  c_w.l(__rtentry.o)
    0x08000314   0x08000314   0x00000000   Code   RO         1855    .ARM.Collect$$rtentry$$00000002  c_w.l(__rtentry2.o)
    0x08000314   0x08000314   0x00000006   Code   RO         1867    .ARM.Collect$$rtentry$$00000004  c_w.l(__rtentry4.o)
    0x0800031a   0x0800031a   0x00000000   Code   RO         1857    .ARM.Collect$$rtentry$$00000009  c_w.l(__rtentry2.o)
    0x0800031a   0x0800031a   0x00000004   Code   RO         1858    .ARM.Collect$$rtentry$$0000000A  c_w.l(__rtentry2.o)
    0x0800031e   0x0800031e   0x00000000   Code   RO         1860    .ARM.Collect$$rtentry$$0000000C  c_w.l(__rtentry2.o)
    0x0800031e   0x0800031e   0x00000008   Code   RO         1861    .ARM.Collect$$rtentry$$0000000D  c_w.l(__rtentry2.o)
    0x08000326   0x08000326   0x00000002   Code   RO         2107    .ARM.Collect$$rtexit$$00000000  c_w.l(rtexit.o)
    0x08000328   0x08000328   0x00000000   Code   RO         2167    .ARM.Collect$$rtexit$$00000002  c_w.l(rtexit2.o)
    0x08000328   0x08000328   0x00000004   Code   RO         2168    .ARM.Collect$$rtexit$$00000003  c_w.l(rtexit2.o)
    0x0800032c   0x0800032c   0x00000006   Code   RO         2169    .ARM.Collect$$rtexit$$00000004  c_w.l(rtexit2.o)
    0x08000332   0x08000332   0x00000002   PAD
    0x08000334   0x08000334   0x00000040   Code   RO            4    .text               startup_stm32g431xx.o
    0x08000374   0x08000374   0x000000f0   Code   RO         1690    .text               c_w.l(lludivv7m.o)
    0x08000464   0x08000464   0x00000018   Code   RO         1692    .text               c_w.l(printf.o)
    0x0800047c   0x0800047c   0x0000004e   Code   RO         1694    .text               c_w.l(rt_memclr_w.o)
    0x080004ca   0x080004ca   0x00000006   Code   RO         1696    .text               c_w.l(heapauxi.o)
    0x080004d0   0x080004d0   0x00000016   Code   RO         1725    .text               c_w.l(_rserrno.o)
    0x080004e6   0x080004e6   0x0000004e   Code   RO         1729    .text               c_w.l(_printf_pad.o)
    0x08000534   0x08000534   0x00000024   Code   RO         1731    .text               c_w.l(_printf_truncate.o)
    0x08000558   0x08000558   0x00000052   Code   RO         1733    .text               c_w.l(_printf_str.o)
    0x080005aa   0x080005aa   0x00000002   PAD
    0x080005ac   0x080005ac   0x00000078   Code   RO         1735    .text               c_w.l(_printf_dec.o)
    0x08000624   0x08000624   0x00000028   Code   RO         1737    .text               c_w.l(_printf_charcount.o)
    0x0800064c   0x0800064c   0x00000024   Code   RO         1739    .text               c_w.l(_printf_char_file.o)
    0x08000670   0x08000670   0x000000bc   Code   RO         1741    .text               c_w.l(_printf_wctomb.o)
    0x0800072c   0x0800072c   0x0000007c   Code   RO         1744    .text               c_w.l(_printf_longlong_dec.o)
    0x080007a8   0x080007a8   0x00000070   Code   RO         1750    .text               c_w.l(_printf_oct_int_ll.o)
    0x08000818   0x08000818   0x00000094   Code   RO         1770    .text               c_w.l(_printf_hex_int_ll_ptr.o)
    0x080008ac   0x080008ac   0x00000188   Code   RO         1790    .text               c_w.l(__printf_flags_ss_wp.o)
    0x08000a34   0x08000a34   0x00000008   Code   RO         1874    .text               c_w.l(rt_errno_addr_intlibspace.o)
    0x08000a3c   0x08000a3c   0x0000008a   Code   RO         1876    .text               c_w.l(lludiv10.o)
    0x08000ac6   0x08000ac6   0x000000b2   Code   RO         1878    .text               c_w.l(_printf_intcommon.o)
    0x08000b78   0x08000b78   0x0000041c   Code   RO         1880    .text               c_w.l(_printf_fp_dec.o)
    0x08000f94   0x08000f94   0x000002fc   Code   RO         1884    .text               c_w.l(_printf_fp_hex.o)
    0x08001290   0x08001290   0x00000030   Code   RO         1887    .text               c_w.l(_printf_char_common.o)
    0x080012c0   0x080012c0   0x0000002c   Code   RO         1889    .text               c_w.l(_printf_char.o)
    0x080012ec   0x080012ec   0x0000002c   Code   RO         1891    .text               c_w.l(_printf_wchar.o)
    0x08001318   0x08001318   0x00000008   Code   RO         1894    .text               c_w.l(ferror.o)
    0x08001320   0x08001320   0x00000138   Code   RO         1896    .text               c_w.l(initio.o)
    0x08001458   0x08001458   0x00000048   Code   RO         1902    .text               c_w.l(_c16rtomb.o)
    0x080014a0   0x080014a0   0x00000008   Code   RO         1907    .text               c_w.l(libspace.o)
    0x080014a8   0x080014a8   0x0000004a   Code   RO         1912    .text               c_w.l(sys_stackheap_outer.o)
    0x080014f2   0x080014f2   0x00000002   PAD
    0x080014f4   0x080014f4   0x00000010   Code   RO         1914    .text               c_w.l(rt_ctype_table.o)
    0x08001504   0x08001504   0x00000008   Code   RO         1919    .text               c_w.l(rt_locale_intlibspace.o)
    0x0800150c   0x0800150c   0x0000004e   Code   RO         1923    .text               c_w.l(h1_free.o)
    0x0800155a   0x0800155a   0x00000002   PAD
    0x0800155c   0x0800155c   0x00000080   Code   RO         1977    .text               c_w.l(_printf_fp_infnan.o)
    0x080015dc   0x080015dc   0x000000e4   Code   RO         1981    .text               c_w.l(bigflt0.o)
    0x080016c0   0x080016c0   0x00000046   Code   RO         2008    .text               c_w.l(setvbuf.o)
    0x08001706   0x08001706   0x00000002   PAD
    0x08001708   0x08001708   0x000000f0   Code   RO         2011    .text               c_w.l(fopen.o)
    0x080017f8   0x080017f8   0x0000004c   Code   RO         2013    .text               c_w.l(fclose.o)
    0x08001844   0x08001844   0x00000012   Code   RO         2022    .text               c_w.l(exit.o)
    0x08001856   0x08001856   0x0000000e   Code   RO         2028    .text               c_w.l(defsig_rtred_outer.o)
    0x08001864   0x08001864   0x00000066   Code   RO         2103    .text               c_w.l(sys_io.o)
    0x080018ca   0x080018ca   0x00000002   PAD
    0x080018cc   0x080018cc   0x00000008   Code   RO         2114    .text               c_w.l(rt_heap_descriptor_intlibspace.o)
    0x080018d4   0x080018d4   0x00000004   Code   RO         2116    .text               c_w.l(hguard.o)
    0x080018d8   0x080018d8   0x0000008a   Code   RO         2118    .text               c_w.l(init_alloc.o)
    0x08001962   0x08001962   0x0000005e   Code   RO         2124    .text               c_w.l(h1_alloc.o)
    0x080019c0   0x080019c0   0x000000f8   Code   RO         2138    .text               c_w.l(fseek.o)
    0x08001ab8   0x08001ab8   0x000000f0   Code   RO         2140    .text               c_w.l(stdio.o)
    0x08001ba8   0x08001ba8   0x0000000a   Code   RO         2145    .text               c_w.l(defsig_exit.o)
    0x08001bb2   0x08001bb2   0x00000002   PAD
    0x08001bb4   0x08001bb4   0x00000034   Code   RO         2149    .text               c_w.l(defsig_rtred_inner.o)
    0x08001be8   0x08001be8   0x0000007c   Code   RO         2153    .text               c_w.l(strcmpv7em.o)
    0x08001c64   0x08001c64   0x0000000c   Code   RO         2159    .text               c_w.l(sys_exit.o)
    0x08001c70   0x08001c70   0x00000002   Code   RO         2163    .text               c_w.l(use_no_semi.o)
    0x08001c72   0x08001c72   0x00000000   Code   RO         2165    .text               c_w.l(indicate_semi.o)
    0x08001c72   0x08001c72   0x00000000   Code   RO         2173    .text               c_w.l(maybetermalloc1.o)
    0x08001c72   0x08001c72   0x0000000e   Code   RO         2175    .text               c_w.l(h1_init.o)
    0x08001c80   0x08001c80   0x00000034   Code   RO         2177    .text               c_w.l(h1_extend.o)
    0x08001cb4   0x08001cb4   0x00000042   Code   RO         2185    .text               c_w.l(ftell.o)
    0x08001cf6   0x08001cf6   0x00000032   Code   RO         2189    .text               c_w.l(defsig_general.o)
    0x08001d28   0x08001d28   0x0000000e   Code   RO         2191    .text               c_w.l(defsig_rtmem_outer.o)
    0x08001d36   0x08001d36   0x0000003e   Code   RO         2195    .text               c_w.l(strlen.o)
    0x08001d74   0x08001d74   0x0000000e   Code   RO         2206    .text               c_w.l(sys_wrch.o)
    0x08001d82   0x08001d82   0x00000002   PAD
    0x08001d84   0x08001d84   0x00000050   Code   RO         2218    .text               c_w.l(defsig_rtmem_inner.o)
    0x08001dd4   0x08001dd4   0x00000010   Code   RO           95    .text.ADC1_2_IRQHandler  stm32g4xx_it.o
    0x08001de4   0x08001de4   0x00000110   Code   RO          144    .text.ADC_Enable    stm32g4xx_hal_adc.o
    0x08001ef4   0x08001ef4   0x00000004   Code   RO           83    .text.BusFault_Handler  stm32g4xx_it.o
    0x08001ef8   0x08001ef8   0x00000002   Code   RO           89    .text.DebugMon_Handler  stm32g4xx_it.o
    0x08001efa   0x08001efa   0x00000002   PAD
    0x08001efc   0x08001efc   0x000000f0   Code   RO         1680    .text.Encoder_Get_Angle_Speed  encoder.o
    0x08001fec   0x08001fec   0x0000002c   Code   RO         1678    .text.Encoder_Init  encoder.o
    0x08002018   0x08002018   0x0000000e   Code   RO           15    .text.Error_Handler  main.o
    0x08002026   0x08002026   0x00000002   PAD
    0x08002028   0x08002028   0x00000008   Code   RO          317    .text.HAL_ADCEx_EndOfSamplingCallback  stm32g4xx_hal_adc_ex.o
    0x08002030   0x08002030   0x000009be   Code   RO          327    .text.HAL_ADCEx_InjectedConfigChannel  stm32g4xx_hal_adc_ex.o
    0x080029ee   0x080029ee   0x00000002   PAD
    0x080029f0   0x080029f0   0x000004f8   Code   RO         1543    .text.HAL_ADCEx_InjectedConvCpltCallback  usermain.o
    0x08002ee8   0x08002ee8   0x00000008   Code   RO          311    .text.HAL_ADCEx_InjectedQueueOverflowCallback  stm32g4xx_hal_adc_ex.o
    0x08002ef0   0x08002ef0   0x000001fc   Code   RO          295    .text.HAL_ADCEx_InjectedStart_IT  stm32g4xx_hal_adc_ex.o
    0x080030ec   0x080030ec   0x00000008   Code   RO          313    .text.HAL_ADCEx_LevelOutOfWindow2Callback  stm32g4xx_hal_adc_ex.o
    0x080030f4   0x080030f4   0x00000008   Code   RO          315    .text.HAL_ADCEx_LevelOutOfWindow3Callback  stm32g4xx_hal_adc_ex.o
    0x080030fc   0x080030fc   0x00000176   Code   RO          349    .text.HAL_ADCEx_MultiModeConfigChannel  stm32g4xx_hal_adc_ex.o
    0x08003272   0x08003272   0x00000002   PAD
    0x08003274   0x08003274   0x00000008   Code   RO          180    .text.HAL_ADC_ConvCpltCallback  stm32g4xx_hal_adc.o
    0x0800327c   0x0800327c   0x00000008   Code   RO          186    .text.HAL_ADC_ErrorCallback  stm32g4xx_hal_adc.o
    0x08003284   0x08003284   0x000004aa   Code   RO          178    .text.HAL_ADC_IRQHandler  stm32g4xx_hal_adc.o
    0x0800372e   0x0800372e   0x00000002   PAD
    0x08003730   0x08003730   0x00000318   Code   RO          112    .text.HAL_ADC_Init  stm32g4xx_hal_adc.o
    0x08003a48   0x08003a48   0x00000008   Code   RO          184    .text.HAL_ADC_LevelOutOfWindowCallback  stm32g4xx_hal_adc.o
    0x08003a50   0x08003a50   0x000000b4   Code   RO           35    .text.HAL_ADC_MspInit  adc.o
    0x08003b04   0x08003b04   0x00000368   Code   RO          641    .text.HAL_GPIO_Init  stm32g4xx_hal_gpio.o
    0x08003e6c   0x08003e6c   0x0000002e   Code   RO          645    .text.HAL_GPIO_ReadPin  stm32g4xx_hal_gpio.o
    0x08003e9a   0x08003e9a   0x00000002   PAD
    0x08003e9c   0x08003e9c   0x0000002c   Code   RO          647    .text.HAL_GPIO_WritePin  stm32g4xx_hal_gpio.o
    0x08003ec8   0x08003ec8   0x0000000c   Code   RO          385    .text.HAL_GetTick   stm32g4xx_hal.o
    0x08003ed4   0x08003ed4   0x0000001a   Code   RO          383    .text.HAL_IncTick   stm32g4xx_hal.o
    0x08003eee   0x08003eee   0x00000002   PAD
    0x08003ef0   0x08003ef0   0x00000030   Code   RO          373    .text.HAL_Init      stm32g4xx_hal.o
    0x08003f20   0x08003f20   0x00000088   Code   RO          375    .text.HAL_InitTick  stm32g4xx_hal.o
    0x08003fa8   0x08003fa8   0x00000048   Code   RO          104    .text.HAL_MspInit   stm32g4xx_hal_msp.o
    0x08003ff0   0x08003ff0   0x00000014   Code   RO          875    .text.HAL_NVIC_EnableIRQ  stm32g4xx_hal_cortex.o
    0x08004004   0x08004004   0x0000002e   Code   RO          867    .text.HAL_NVIC_SetPriority  stm32g4xx_hal_cortex.o
    0x08004032   0x08004032   0x00000002   PAD
    0x08004034   0x08004034   0x00000010   Code   RO          863    .text.HAL_NVIC_SetPriorityGrouping  stm32g4xx_hal_cortex.o
    0x08004044   0x08004044   0x000001b4   Code   RO          784    .text.HAL_PWREx_ControlVoltageScaling  stm32g4xx_hal_pwr_ex.o
    0x080041f8   0x080041f8   0x00000012   Code   RO          854    .text.HAL_PWREx_DisableUCPDDeadBattery  stm32g4xx_hal_pwr_ex.o
    0x0800420a   0x0800420a   0x00000002   PAD
    0x0800420c   0x0800420c   0x0000045a   Code   RO          498    .text.HAL_RCCEx_PeriphCLKConfig  stm32g4xx_hal_rcc_ex.o
    0x08004666   0x08004666   0x00000002   PAD
    0x08004668   0x08004668   0x00000326   Code   RO          463    .text.HAL_RCC_ClockConfig  stm32g4xx_hal_rcc.o
    0x0800498e   0x0800498e   0x00000002   PAD
    0x08004990   0x08004990   0x0000000c   Code   RO          471    .text.HAL_RCC_GetHCLKFreq  stm32g4xx_hal_rcc.o
    0x0800499c   0x0800499c   0x00000026   Code   RO          473    .text.HAL_RCC_GetPCLK1Freq  stm32g4xx_hal_rcc.o
    0x080049c2   0x080049c2   0x00000002   PAD
    0x080049c4   0x080049c4   0x00000026   Code   RO          475    .text.HAL_RCC_GetPCLK2Freq  stm32g4xx_hal_rcc.o
    0x080049ea   0x080049ea   0x00000002   PAD
    0x080049ec   0x080049ec   0x000000fc   Code   RO          467    .text.HAL_RCC_GetSysClockFreq  stm32g4xx_hal_rcc.o
    0x08004ae8   0x08004ae8   0x000007b6   Code   RO          461    .text.HAL_RCC_OscConfig  stm32g4xx_hal_rcc.o
    0x0800529e   0x0800529e   0x00000002   PAD
    0x080052a0   0x080052a0   0x00000010   Code   RO          887    .text.HAL_SYSTICK_Config  stm32g4xx_hal_cortex.o
    0x080052b0   0x080052b0   0x00000130   Code   RO         1257    .text.HAL_TIMEx_ConfigBreakDeadTime  stm32g4xx_hal_tim_ex.o
    0x080053e0   0x080053e0   0x0000013e   Code   RO         1255    .text.HAL_TIMEx_MasterConfigSynchronization  stm32g4xx_hal_tim_ex.o
    0x0800551e   0x0800551e   0x00000002   PAD
    0x08005520   0x08005520   0x0000017e   Code   RO         1225    .text.HAL_TIMEx_PWMN_Start  stm32g4xx_hal_tim_ex.o
    0x0800569e   0x0800569e   0x00000002   PAD
    0x080056a0   0x080056a0   0x000000a8   Code   RO          938    .text.HAL_TIM_Base_Init  stm32g4xx_hal_tim.o
    0x08005748   0x08005748   0x0000003a   Code   RO           51    .text.HAL_TIM_Base_MspInit  tim.o
    0x08005782   0x08005782   0x00000002   PAD
    0x08005784   0x08005784   0x000000d6   Code   RO          948    .text.HAL_TIM_Base_Start  stm32g4xx_hal_tim.o
    0x0800585a   0x0800585a   0x00000002   PAD
    0x0800585c   0x0800585c   0x000001d4   Code   RO         1134    .text.HAL_TIM_ConfigClockSource  stm32g4xx_hal_tim.o
    0x08005a30   0x08005a30   0x000000d0   Code   RO           49    .text.HAL_TIM_MspPostInit  tim.o
    0x08005b00   0x08005b00   0x000001b0   Code   RO         1108    .text.HAL_TIM_PWM_ConfigChannel  stm32g4xx_hal_tim.o
    0x08005cb0   0x08005cb0   0x000000a8   Code   RO          992    .text.HAL_TIM_PWM_Init  stm32g4xx_hal_tim.o
    0x08005d58   0x08005d58   0x00000008   Code   RO          994    .text.HAL_TIM_PWM_MspInit  stm32g4xx_hal_tim.o
    0x08005d60   0x08005d60   0x0000025e   Code   RO         1000    .text.HAL_TIM_PWM_Start  stm32g4xx_hal_tim.o
    0x08005fbe   0x08005fbe   0x00000002   PAD
    0x08005fc0   0x08005fc0   0x0000007c   Code   RO         1502    .text.HAL_UARTEx_DisableFifoMode  stm32g4xx_hal_uart_ex.o
    0x0800603c   0x0800603c   0x0000008c   Code   RO         1506    .text.HAL_UARTEx_SetRxFifoThreshold  stm32g4xx_hal_uart_ex.o
    0x080060c8   0x080060c8   0x0000008c   Code   RO         1504    .text.HAL_UARTEx_SetTxFifoThreshold  stm32g4xx_hal_uart_ex.o
    0x08006154   0x08006154   0x000000aa   Code   RO         1332    .text.HAL_UART_Init  stm32g4xx_hal_uart.o
    0x080061fe   0x080061fe   0x00000002   PAD
    0x08006200   0x08006200   0x000000a6   Code   RO           65    .text.HAL_UART_MspInit  usart.o
    0x080062a6   0x080062a6   0x00000002   PAD
    0x080062a8   0x080062a8   0x00000138   Code   RO         1352    .text.HAL_UART_Transmit  stm32g4xx_hal_uart.o
    0x080063e0   0x080063e0   0x00000004   Code   RO           79    .text.HardFault_Handler  stm32g4xx_it.o
    0x080063e4   0x080063e4   0x00000018   Code   RO          118    .text.LL_ADC_DisableDeepPowerDown  stm32g4xx_hal_adc.o
    0x080063fc   0x080063fc   0x0000001c   Code   RO          248    .text.LL_ADC_Enable  stm32g4xx_hal_adc.o
    0x08006418   0x08006418   0x0000001e   Code   RO          122    .text.LL_ADC_EnableInternalRegulator  stm32g4xx_hal_adc.o
    0x08006436   0x08006436   0x00000002   PAD
    0x08006438   0x08006438   0x00000010   Code   RO          210    .text.LL_ADC_GetCommonPathInternalCh  stm32g4xx_hal_adc.o
    0x08006448   0x08006448   0x00000010   Code   RO          345    .text.LL_ADC_GetCommonPathInternalCh  stm32g4xx_hal_adc_ex.o
    0x08006458   0x08006458   0x00000010   Code   RO          152    .text.LL_ADC_GetMultiDMATransfer  stm32g4xx_hal_adc.o
    0x08006468   0x08006468   0x00000010   Code   RO          142    .text.LL_ADC_GetMultimode  stm32g4xx_hal_adc.o
    0x08006478   0x08006478   0x00000010   Code   RO          281    .text.LL_ADC_GetMultimode  stm32g4xx_hal_adc_ex.o
    0x08006488   0x08006488   0x0000001e   Code   RO          339    .text.LL_ADC_GetOffsetChannel  stm32g4xx_hal_adc_ex.o
    0x080064a6   0x080064a6   0x00000002   PAD
    0x080064a8   0x080064a8   0x00000010   Code   RO          283    .text.LL_ADC_INJ_GetTrigAuto  stm32g4xx_hal_adc_ex.o
    0x080064b8   0x080064b8   0x00000010   Code   RO          130    .text.LL_ADC_INJ_IsConversionOngoing  stm32g4xx_hal_adc.o
    0x080064c8   0x080064c8   0x00000010   Code   RO          273    .text.LL_ADC_INJ_IsConversionOngoing  stm32g4xx_hal_adc_ex.o
    0x080064d8   0x080064d8   0x00000016   Code   RO          182    .text.LL_ADC_INJ_IsTriggerSourceSWStart  stm32g4xx_hal_adc.o
    0x080064ee   0x080064ee   0x00000002   PAD
    0x080064f0   0x080064f0   0x0000001c   Code   RO          285    .text.LL_ADC_INJ_StartConversion  stm32g4xx_hal_adc_ex.o
    0x0800650c   0x0800650c   0x00000010   Code   RO          116    .text.LL_ADC_IsDeepPowerDownEnabled  stm32g4xx_hal_adc.o
    0x0800651c   0x0800651c   0x00000010   Code   RO          126    .text.LL_ADC_IsEnabled  stm32g4xx_hal_adc.o
    0x0800652c   0x0800652c   0x00000010   Code   RO          275    .text.LL_ADC_IsEnabled  stm32g4xx_hal_adc_ex.o
    0x0800653c   0x0800653c   0x00000010   Code   RO          120    .text.LL_ADC_IsInternalRegulatorEnabled  stm32g4xx_hal_adc.o
    0x0800654c   0x0800654c   0x00000010   Code   RO          124    .text.LL_ADC_REG_IsConversionOngoing  stm32g4xx_hal_adc.o
    0x0800655c   0x0800655c   0x00000010   Code   RO          271    .text.LL_ADC_REG_IsConversionOngoing  stm32g4xx_hal_adc_ex.o
    0x0800656c   0x0800656c   0x00000016   Code   RO          154    .text.LL_ADC_REG_IsTriggerSourceSWStart  stm32g4xx_hal_adc.o
    0x08006582   0x08006582   0x00000002   PAD
    0x08006584   0x08006584   0x00000036   Code   RO          329    .text.LL_ADC_SetChannelSamplingTime  stm32g4xx_hal_adc_ex.o
    0x080065ba   0x080065ba   0x00000002   PAD
    0x080065bc   0x080065bc   0x00000034   Code   RO          343    .text.LL_ADC_SetChannelSingleDiff  stm32g4xx_hal_adc_ex.o
    0x080065f0   0x080065f0   0x0000001a   Code   RO          128    .text.LL_ADC_SetCommonClock  stm32g4xx_hal_adc.o
    0x0800660a   0x0800660a   0x00000002   PAD
    0x0800660c   0x0800660c   0x0000001a   Code   RO          347    .text.LL_ADC_SetCommonPathInternalCh  stm32g4xx_hal_adc_ex.o
    0x08006626   0x08006626   0x00000002   PAD
    0x08006628   0x08006628   0x0000003c   Code   RO          333    .text.LL_ADC_SetOffset  stm32g4xx_hal_adc_ex.o
    0x08006664   0x08006664   0x00000028   Code   RO          337    .text.LL_ADC_SetOffsetSaturation  stm32g4xx_hal_adc_ex.o
    0x0800668c   0x0800668c   0x00000028   Code   RO          335    .text.LL_ADC_SetOffsetSign  stm32g4xx_hal_adc_ex.o
    0x080066b4   0x080066b4   0x00000028   Code   RO          341    .text.LL_ADC_SetOffsetState  stm32g4xx_hal_adc_ex.o
    0x080066dc   0x080066dc   0x0000001a   Code   RO          331    .text.LL_ADC_SetSamplingTimeCommonConfig  stm32g4xx_hal_adc_ex.o
    0x080066f6   0x080066f6   0x00000002   PAD
    0x080066f8   0x080066f8   0x0000004c   Code   RO         1619    .text.LPF_Calc      foc_math.o
    0x08006744   0x08006744   0x00000058   Code   RO         1617    .text.LPF_Init      foc_math.o
    0x0800679c   0x0800679c   0x00000054   Code   RO         1663    .text.MT6701_Get_Angle  mt6701.o
    0x080067f0   0x080067f0   0x00000008   Code   RO         1661    .text.MT6701_Init   mt6701.o
    0x080067f8   0x080067f8   0x000000aa   Code   RO         1657    .text.MT6701_Read_Len  mt6701.o
    0x080068a2   0x080068a2   0x00000002   PAD
    0x080068a4   0x080068a4   0x0000011e   Code   RO           33    .text.MX_ADC1_Init  adc.o
    0x080069c2   0x080069c2   0x00000002   PAD
    0x080069c4   0x080069c4   0x000000b6   Code   RO           25    .text.MX_GPIO_Init  gpio.o
    0x08006a7a   0x08006a7a   0x00000002   PAD
    0x08006a7c   0x08006a7c   0x0000016a   Code   RO           47    .text.MX_TIM1_Init  tim.o
    0x08006be6   0x08006be6   0x00000002   PAD
    0x08006be8   0x08006be8   0x0000008e   Code   RO           63    .text.MX_USART1_UART_Init  usart.o
    0x08006c76   0x08006c76   0x00000002   PAD
    0x08006c78   0x08006c78   0x00000004   Code   RO           81    .text.MemManage_Handler  stm32g4xx_it.o
    0x08006c7c   0x08006c7c   0x00000004   Code   RO           77    .text.NMI_Handler   stm32g4xx_it.o
    0x08006c80   0x08006c80   0x0000006c   Code   RO          873    .text.NVIC_EncodePriority  stm32g4xx_hal_cortex.o
    0x08006cec   0x08006cec   0x000000fe   Code   RO         1615    .text.PID_Calc      foc_math.o
    0x08006dea   0x08006dea   0x00000002   PAD
    0x08006dec   0x08006dec   0x00000030   Code   RO         1613    .text.PID_Init      foc_math.o
    0x08006e1c   0x08006e1c   0x00000002   Code   RO           91    .text.PendSV_Handler  stm32g4xx_it.o
    0x08006e1e   0x08006e1e   0x00000002   PAD
    0x08006e20   0x08006e20   0x0000009c   Code   RO          465    .text.RCC_GetSysClockFreqFromPLLSource  stm32g4xx_hal_rcc.o
    0x08006ebc   0x08006ebc   0x00000002   Code   RO           87    .text.SVC_Handler   stm32g4xx_it.o
    0x08006ebe   0x08006ebe   0x00000002   PAD
    0x08006ec0   0x08006ec0   0x00000052   Code   RO          889    .text.SysTick_Config  stm32g4xx_hal_cortex.o
    0x08006f12   0x08006f12   0x00000002   PAD
    0x08006f14   0x08006f14   0x00000008   Code   RO           93    .text.SysTick_Handler  stm32g4xx_it.o
    0x08006f1c   0x08006f1c   0x00000078   Code   RO           13    .text.SystemClock_Config  main.o
    0x08006f94   0x08006f94   0x00000012   Code   RO         1525    .text.SystemInit    system_stm32g4xx.o
    0x08006fa6   0x08006fa6   0x00000002   PAD
    0x08006fa8   0x08006fa8   0x00000196   Code   RO          942    .text.TIM_Base_SetConfig  stm32g4xx_hal_tim.o
    0x0800713e   0x0800713e   0x00000002   PAD
    0x08007140   0x08007140   0x00000036   Code   RO          976    .text.TIM_CCxChannelCmd  stm32g4xx_hal_tim.o
    0x08007176   0x08007176   0x00000002   PAD
    0x08007178   0x08007178   0x00000036   Code   RO         1209    .text.TIM_CCxNChannelCmd  stm32g4xx_hal_tim_ex.o
    0x080071ae   0x080071ae   0x00000002   PAD
    0x080071b0   0x080071b0   0x00000034   Code   RO         1132    .text.TIM_ETR_SetConfig  stm32g4xx_hal_tim.o
    0x080071e4   0x080071e4   0x00000030   Code   RO         1138    .text.TIM_ITRx_SetConfig  stm32g4xx_hal_tim.o
    0x08007214   0x08007214   0x00000154   Code   RO         1086    .text.TIM_OC1_SetConfig  stm32g4xx_hal_tim.o
    0x08007368   0x08007368   0x00000170   Code   RO         1088    .text.TIM_OC2_SetConfig  stm32g4xx_hal_tim.o
    0x080074d8   0x080074d8   0x0000016e   Code   RO         1090    .text.TIM_OC3_SetConfig  stm32g4xx_hal_tim.o
    0x08007646   0x08007646   0x00000002   PAD
    0x08007648   0x08007648   0x00000170   Code   RO         1092    .text.TIM_OC4_SetConfig  stm32g4xx_hal_tim.o
    0x080077b8   0x080077b8   0x000000d2   Code   RO         1094    .text.TIM_OC5_SetConfig  stm32g4xx_hal_tim.o
    0x0800788a   0x0800788a   0x00000002   PAD
    0x0800788c   0x0800788c   0x000000d4   Code   RO         1096    .text.TIM_OC6_SetConfig  stm32g4xx_hal_tim.o
    0x08007960   0x08007960   0x00000050   Code   RO         1136    .text.TIM_TI1_ConfigInputStage  stm32g4xx_hal_tim.o
    0x080079b0   0x080079b0   0x00000052   Code   RO         1140    .text.TIM_TI2_ConfigInputStage  stm32g4xx_hal_tim.o
    0x08007a02   0x08007a02   0x00000002   PAD
    0x08007a04   0x08007a04   0x00000086   Code   RO         1500    .text.UARTEx_SetNbDataToProcess  stm32g4xx_hal_uart_ex.o
    0x08007a8a   0x08007a8a   0x00000002   PAD
    0x08007a8c   0x08007a8c   0x00000148   Code   RO         1336    .text.UART_AdvFeatureConfig  stm32g4xx_hal_uart.o
    0x08007bd4   0x08007bd4   0x00000146   Code   RO         1340    .text.UART_CheckIdleState  stm32g4xx_hal_uart.o
    0x08007d1a   0x08007d1a   0x00000002   PAD
    0x08007d1c   0x08007d1c   0x0000009e   Code   RO         1392    .text.UART_EndRxTransfer  stm32g4xx_hal_uart.o
    0x08007dba   0x08007dba   0x00000002   PAD
    0x08007dbc   0x08007dbc   0x00000570   Code   RO         1338    .text.UART_SetConfig  stm32g4xx_hal_uart.o
    0x0800832c   0x0800832c   0x0000010c   Code   RO         1354    .text.UART_WaitOnFlagUntilTimeout  stm32g4xx_hal_uart.o
    0x08008438   0x08008438   0x00000004   Code   RO           85    .text.UsageFault_Handler  stm32g4xx_it.o
    0x0800843c   0x0800843c   0x00000050   Code   RO         1669    .text._IIC_Ack      mt6701.o
    0x0800848c   0x0800848c   0x00000026   Code   RO         1665    .text._IIC_Delay    mt6701.o
    0x080084b2   0x080084b2   0x00000002   PAD
    0x080084b4   0x080084b4   0x00000008   Code   RO         1645    .text._IIC_GPIO_Init  mt6701.o
    0x080084bc   0x080084bc   0x00000040   Code   RO         1667    .text._IIC_NAck     mt6701.o
    0x080084fc   0x080084fc   0x00000094   Code   RO         1659    .text._IIC_Read_Byte  mt6701.o
    0x08008590   0x08008590   0x000000ae   Code   RO         1653    .text._IIC_Send_Byte  mt6701.o
    0x0800863e   0x0800863e   0x00000002   PAD
    0x08008640   0x08008640   0x00000050   Code   RO         1651    .text._IIC_Start    mt6701.o
    0x08008690   0x08008690   0x00000038   Code   RO         1647    .text._IIC_Stop     mt6701.o
    0x080086c8   0x080086c8   0x00000066   Code   RO         1655    .text._IIC_Wait_Ack  mt6701.o
    0x0800872e   0x0800872e   0x00000002   PAD
    0x08008730   0x08008730   0x00000030   Code   RO          877    .text.__NVIC_EnableIRQ  stm32g4xx_hal_cortex.o
    0x08008760   0x08008760   0x00000010   Code   RO          869    .text.__NVIC_GetPriorityGrouping  stm32g4xx_hal_cortex.o
    0x08008770   0x08008770   0x00000042   Code   RO          871    .text.__NVIC_SetPriority  stm32g4xx_hal_cortex.o
    0x080087b2   0x080087b2   0x00000002   PAD
    0x080087b4   0x080087b4   0x0000003c   Code   RO          865    .text.__NVIC_SetPriorityGrouping  stm32g4xx_hal_cortex.o
    0x080087f0   0x080087f0   0x00000108   Code   RO         1582    .text.abc_2_dq      coordinate_transform.o
    0x080088f8   0x080088f8   0x000000e8   Code   RO         1588    .text.dq_2_abc      coordinate_transform.o
    0x080089e0   0x080089e0   0x000000e0   Code   RO         1629    .text.e_svpwm       svpwm.o
    0x08008ac0   0x08008ac0   0x00000022   Code   RO         1637    .text.fputc         hwprint.o
    0x08008ae2   0x08008ae2   0x00000002   PAD
    0x08008ae4   0x08008ae4   0x0000007e   Code   RO         1601    .text.get_max       foc_math.o
    0x08008b62   0x08008b62   0x00000002   PAD
    0x08008b64   0x08008b64   0x00000068   Code   RO         1605    .text.get_middle    foc_math.o
    0x08008bcc   0x08008bcc   0x0000007e   Code   RO         1603    .text.get_min       foc_math.o
    0x08008c4a   0x08008c4a   0x00000002   PAD
    0x08008c4c   0x08008c4c   0x00000168   Code   RO         1541    .text.init          usermain.o
    0x08008db4   0x08008db4   0x00000028   Code   RO           11    .text.main          main.o
    0x08008ddc   0x08008ddc   0x00000094   Code   RO         1599    .text.normalize     foc_math.o
    0x08008e70   0x08008e70   0x00000052   Code   RO         1539    .text.usermain      usermain.o
    0x08008ec2   0x08008ec2   0x0000003e   Code   RO         1984    CL$$btod_d2e        c_w.l(btod.o)
    0x08008f00   0x08008f00   0x00000046   Code   RO         1986    CL$$btod_d2e_denorm_low  c_w.l(btod.o)
    0x08008f46   0x08008f46   0x00000060   Code   RO         1985    CL$$btod_d2e_norm_op1  c_w.l(btod.o)
    0x08008fa6   0x08008fa6   0x00000002   PAD
    0x08008fa8   0x08008fa8   0x00000338   Code   RO         1994    CL$$btod_div_common  c_w.l(btod.o)
    0x080092e0   0x080092e0   0x000000dc   Code   RO         1991    CL$$btod_e2e        c_w.l(btod.o)
    0x080093bc   0x080093bc   0x0000002a   Code   RO         1988    CL$$btod_ediv       c_w.l(btod.o)
    0x080093e6   0x080093e6   0x0000002a   Code   RO         1987    CL$$btod_emul       c_w.l(btod.o)
    0x08009410   0x08009410   0x00000244   Code   RO         1993    CL$$btod_mult_common  c_w.l(btod.o)
    0x08009654   0x08009654   0x00000030   Code   RO         2101    i.__ARM_fpclassify  m_wm.l(fpclassify.o)
    0x08009684   0x08009684   0x00000026   Code   RO         1835    i.__ARM_fpclassifyf  m_wm.l(fpclassifyf.o)
    0x080096aa   0x080096aa   0x00000002   PAD
    0x080096ac   0x080096ac   0x00000150   Code   RO         1702    i.__hardfp_cosf     m_wm.l(cosf.o)
    0x080097fc   0x080097fc   0x00000190   Code   RO         1708    i.__hardfp_sinf     m_wm.l(sinf.o)
    0x0800998c   0x0800998c   0x00000006   Code   RO         1838    i.__mathlib_flt_infnan  m_wm.l(funder.o)
    0x08009992   0x08009992   0x00000002   PAD
    0x08009994   0x08009994   0x00000010   Code   RO         1840    i.__mathlib_flt_invalid  m_wm.l(funder.o)
    0x080099a4   0x080099a4   0x00000010   Code   RO         1843    i.__mathlib_flt_underflow  m_wm.l(funder.o)
    0x080099b4   0x080099b4   0x00000154   Code   RO         1851    i.__mathlib_rredf2  m_wm.l(rredf.o)
    0x08009b08   0x08009b08   0x0000000e   Code   RO         1783    i._is_digit         c_w.l(__printf_wp.o)
    0x08009b16   0x08009b16   0x00000002   PAD
    0x08009b18   0x08009b18   0x0000002c   Code   RO         2020    locale$$code        c_w.l(lc_numeric_c.o)
    0x08009b44   0x08009b44   0x0000002c   Code   RO         2143    locale$$code        c_w.l(lc_ctype_c.o)
    0x08009b70   0x08009b70   0x0000000c   Code   RO         1822    x$fpl$dretinf       fz_wm.l(dretinf.o)
    0x08009b7c   0x08009b7c   0x00000056   Code   RO         1700    x$fpl$f2d           fz_wm.l(f2d.o)
    0x08009bd2   0x08009bd2   0x0000008c   Code   RO         1824    x$fpl$fnaninf       fz_wm.l(fnaninf.o)
    0x08009c5e   0x08009c5e   0x0000001a   Code   RO         2157    x$fpl$fpinit        fz_wm.l(fpinit.o)
    0x08009c78   0x08009c78   0x00000004   Code   RO         1826    x$fpl$printf1       fz_wm.l(printf1.o)
    0x08009c7c   0x08009c7c   0x00000004   Code   RO         1828    x$fpl$printf2       fz_wm.l(printf2.o)
    0x08009c80   0x08009c80   0x00000000   Code   RO         1834    x$fpl$usenofp       fz_wm.l(usenofp.o)
    0x08009c80   0x08009c80   0x00000008   Data   RO         1742    .constdata          c_w.l(_printf_wctomb.o)
    0x08009c88   0x08009c88   0x00000028   Data   RO         1771    .constdata          c_w.l(_printf_hex_int_ll_ptr.o)
    0x08009cb0   0x08009cb0   0x00000011   Data   RO         1791    .constdata          c_w.l(__printf_flags_ss_wp.o)
    0x08009cc1   0x08009cc1   0x00000003   PAD
    0x08009cc4   0x08009cc4   0x00000020   Data   RO         1852    .constdata          m_wm.l(rredf.o)
    0x08009ce4   0x08009ce4   0x00000026   Data   RO         1885    .constdata          c_w.l(_printf_fp_hex.o)
    0x08009d0a   0x08009d0a   0x00000004   Data   RO         1904    .constdata          c_w.l(sys_io_names.o)
    0x08009d0e   0x08009d0e   0x00000004   Data   RO         1905    .constdata          c_w.l(sys_io_names.o)
    0x08009d12   0x08009d12   0x00000004   Data   RO         1906    .constdata          c_w.l(sys_io_names.o)
    0x08009d16   0x08009d16   0x00000002   PAD
    0x08009d18   0x08009d18   0x00000094   Data   RO         1982    .constdata          c_w.l(bigflt0.o)
    0x08009dac   0x08009dac   0x00000010   Data   RO         1530    .rodata.AHBPrescTable  system_stm32g4xx.o
    0x08009dbc   0x08009dbc   0x00000008   Data   RO         1531    .rodata.APBPrescTable  system_stm32g4xx.o
    0x08009dc4   0x08009dc4   0x00000008   Data   RO         1517    .rodata.UARTEx_SetNbDataToProcess.denominator  stm32g4xx_hal_uart_ex.o
    0x08009dcc   0x08009dcc   0x00000008   Data   RO         1516    .rodata.UARTEx_SetNbDataToProcess.numerator  stm32g4xx_hal_uart_ex.o
    0x08009dd4   0x08009dd4   0x00000018   Data   RO         1472    .rodata.UARTPrescTable  stm32g4xx_hal_uart.o
    0x08009dec   0x08009dec   0x00000016   Data   RO         1550    .rodata.str1.1      usermain.o
    0x08009e02   0x08009e02   0x00000002   PAD
    0x08009e04   0x08009e04   0x00000020   Data   RO         2242    Region$$Table       anon$$obj.o
    0x08009e24   0x08009e24   0x0000001c   Data   RO         2019    locale$$data        c_w.l(lc_numeric_c.o)
    0x08009e40   0x08009e40   0x00000110   Data   RO         2142    locale$$data        c_w.l(lc_ctype_c.o)


    Execution Region RW_IRAM1 (Exec base: 0x20000000, Load base: 0x08009f50, Size: 0x00000a10, Max: 0x00008000, ABSOLUTE)

    Exec Addr    Load Addr    Size         Type   Attr      Idx    E Section Name        Object

    0x20000000   0x08009f50   0x00000004   Data   RW         1819    .data               c_w.l(stdio_streams.o)
    0x20000004   0x08009f54   0x00000004   Data   RW         1820    .data               c_w.l(stdio_streams.o)
    0x20000008   0x08009f58   0x00000004   Data   RW         1821    .data               c_w.l(stdio_streams.o)
    0x2000000c   0x08009f5c   0x00000004   Data   RW         1529    .data.SystemCoreClock  system_stm32g4xx.o
    0x20000010   0x08009f60   0x00000004   Data   RW         1548    .data.u_dc          usermain.o
    0x20000014   0x08009f64   0x00000004   Data   RW          450    .data.uwTickFreq    stm32g4xx_hal.o
    0x20000018   0x08009f68   0x00000004   Data   RW          449    .data.uwTickPrio    stm32g4xx_hal.o
    0x2000001c   0x08009f6c   0x00000004   PAD
    0x20000020        -       0x00000054   Zero   RW         1816    .bss                c_w.l(stdio_streams.o)
    0x20000074        -       0x00000054   Zero   RW         1817    .bss                c_w.l(stdio_streams.o)
    0x200000c8        -       0x00000054   Zero   RW         1818    .bss                c_w.l(stdio_streams.o)
    0x2000011c        -       0x00000060   Zero   RW         1908    .bss                c_w.l(libspace.o)
    0x2000017c        -       0x00000004   Zero   RW         1552    .bss.HAL_ADCEx_InjectedConvCpltCallback.adc_cnt  usermain.o
    0x20000180        -       0x00000004   Zero   RW         1554    .bss.HAL_ADCEx_InjectedConvCpltCallback.adc_ia  usermain.o
    0x20000184        -       0x00000004   Zero   RW         1555    .bss.HAL_ADCEx_InjectedConvCpltCallback.adc_ia_offset  usermain.o
    0x20000188        -       0x00000004   Zero   RW         1553    .bss.HAL_ADCEx_InjectedConvCpltCallback.adc_ia_offset_sum  usermain.o
    0x2000018c        -       0x00000004   Zero   RW         1557    .bss.HAL_ADCEx_InjectedConvCpltCallback.adc_ib  usermain.o
    0x20000190        -       0x00000004   Zero   RW         1558    .bss.HAL_ADCEx_InjectedConvCpltCallback.adc_ib_offset  usermain.o
    0x20000194        -       0x00000004   Zero   RW         1556    .bss.HAL_ADCEx_InjectedConvCpltCallback.adc_ib_offset_sum  usermain.o
    0x20000198        -       0x00000004   Zero   RW         1560    .bss.HAL_ADCEx_InjectedConvCpltCallback.adc_ic  usermain.o
    0x2000019c        -       0x00000004   Zero   RW         1561    .bss.HAL_ADCEx_InjectedConvCpltCallback.adc_ic_offset  usermain.o
    0x200001a0        -       0x00000004   Zero   RW         1559    .bss.HAL_ADCEx_InjectedConvCpltCallback.adc_ic_offset_sum  usermain.o
    0x200001a4        -       0x0000000c   Zero   RW         1572    .bss.duty_abc       usermain.o
    0x200001b0        -       0x00000020   Zero   RW         1563    .bss.encoder        usermain.o
    0x200001d0        -       0x0000006c   Zero   RW           39    .bss.hadc1          adc.o
    0x2000023c        -       0x0000004c   Zero   RW           55    .bss.htim1          tim.o
    0x20000288        -       0x00000094   Zero   RW           69    .bss.huart1         usart.o
    0x2000031c        -       0x0000000c   Zero   RW         1562    .bss.i_abc          usermain.o
    0x20000328        -       0x00000008   Zero   RW         1564    .bss.i_dq           usermain.o
    0x20000330        -       0x00000008   Zero   RW         1566    .bss.i_dql          usermain.o
    0x20000338        -       0x00000018   Zero   RW         1565    .bss.id_lpf         usermain.o
    0x20000350        -       0x0000002c   Zero   RW         1568    .bss.id_pi          usermain.o
    0x2000037c        -       0x00000018   Zero   RW         1567    .bss.iq_lpf         usermain.o
    0x20000394        -       0x0000002c   Zero   RW         1570    .bss.iq_pi          usermain.o
    0x200003c0        -       0x0000002c   Zero   RW         1551    .bss.speed_pi       usermain.o
    0x200003ec        -       0x00000004   Zero   RW         1549    .bss.speed_ref      usermain.o
    0x200003f0        -       0x00000001   Zero   RW         1547    .bss.system_sample_state  usermain.o
    0x200003f1        -       0x00000001   Zero   RW         1546    .bss.system_state   usermain.o
    0x200003f2   0x08009f6c   0x00000002   PAD
    0x200003f4        -       0x0000000c   Zero   RW         1571    .bss.u_abc          usermain.o
    0x20000400        -       0x00000008   Zero   RW         1569    .bss.u_dq           usermain.o
    0x20000408        -       0x00000004   Zero   RW          451    .bss.uwTick         stm32g4xx_hal.o
    0x2000040c   0x08009f6c   0x00000004   PAD
    0x20000410        -       0x00000200   Zero   RW            2    HEAP                startup_stm32g431xx.o
    0x20000610        -       0x00000400   Zero   RW            1    STACK               startup_stm32g431xx.o


==============================================================================

Image component sizes


      Code (inc. data)   RO Data    RW Data    ZI Data      Debug   Object Name

       466          0          0          0        108       9197   adc.o
       496         16          0          0          0       1965   coordinate_transform.o
       284         28          0          0          0       1279   encoder.o
       970         20          0          0          0       3584   foc_math.o
       182          0          0          0          0       2330   gpio.o
        34          0          0          0          0        820   hwprint.o
       174          0          0          0          0       1645   main.o
      1012          8          0          0          0       3470   mt6701.o
        64         26        472          0       1536        832   startup_stm32g431xx.o
       222          0          0          8          4       8391   stm32g4xx_hal.o
      2562          0          0          0          0      21909   stm32g4xx_hal_adc.o
      3900          0          0          0          0      19335   stm32g4xx_hal_adc_ex.o
       478          0          0          0          0       9354   stm32g4xx_hal_cortex.o
       962          0          0          0          0       5284   stm32g4xx_hal_gpio.o
        72          0          0          0          0       1612   stm32g4xx_hal_msp.o
       454          0          0          0          0       7766   stm32g4xx_hal_pwr_ex.o
      3276          0          0          0          0       9348   stm32g4xx_hal_rcc.o
      1114          0          0          0          0      10873   stm32g4xx_hal_rcc_ex.o
      4650         22          0          0          0      37657   stm32g4xx_hal_tim.o
      1058          0          0          0          0      21538   stm32g4xx_hal_tim_ex.o
      2954         48         24          0          0      27210   stm32g4xx_hal_uart.o
       538          0         16          0          0       8826   stm32g4xx_hal_uart_ex.o
        50          0          0          0          0       1096   stm32g4xx_it.o
       224          0          0          0          0        908   svpwm.o
        18          0         24          4          0       2664   system_stm32g4xx.o
       628          0          0          0         76       7437   tim.o
       308          0          0          0        148       6492   usart.o
      1714         44         22          4        318       7523   usermain.o

    ----------------------------------------------------------------------
     28974        212        592         16       2200     240345   Object Totals
         0          0         32          0          0          0   (incl. Generated)
       110          0          2          0         10          0   (incl. Padding)

    ----------------------------------------------------------------------

      Code (inc. data)   RO Data    RW Data    ZI Data      Debug   Library Member Name

         8          0          0          0          0         68   __main.o
       392          4         17          0          0         92   __printf_flags_ss_wp.o
        14          0          0          0          0         68   __printf_wp.o
         0          0          0          0          0          0   __rtentry.o
        12          0          0          0          0          0   __rtentry2.o
         6          0          0          0          0          0   __rtentry4.o
        52          8          0          0          0          0   __scatter.o
        26          0          0          0          0          0   __scatter_copy.o
        28          0          0          0          0          0   __scatter_zi.o
        72          0          0          0          0         96   _c16rtomb.o
         6          0          0          0          0          0   _printf_a.o
         6          0          0          0          0          0   _printf_c.o
        44          0          0          0          0        108   _printf_char.o
        48          6          0          0          0         96   _printf_char_common.o
        36          4          0          0          0         80   _printf_char_file.o
        40          0          0          0          0         68   _printf_charcount.o
         6          0          0          0          0          0   _printf_d.o
       120         16          0          0          0         92   _printf_dec.o
         6          0          0          0          0          0   _printf_e.o
         6          0          0          0          0          0   _printf_f.o
      1052          0          0          0          0        148   _printf_fp_dec.o
       764          8         38          0          0        100   _printf_fp_hex.o
       128         16          0          0          0         84   _printf_fp_infnan.o
         6          0          0          0          0          0   _printf_g.o
       148          4         40          0          0        160   _printf_hex_int_ll_ptr.o
         6          0          0          0          0          0   _printf_i.o
       178          0          0          0          0         88   _printf_intcommon.o
        10          0          0          0          0          0   _printf_l.o
         6          0          0          0          0          0   _printf_lc.o
        10          0          0          0          0          0   _printf_ll.o
         6          0          0          0          0          0   _printf_lld.o
         6          0          0          0          0          0   _printf_lli.o
         6          0          0          0          0          0   _printf_llo.o
         6          0          0          0          0          0   _printf_llu.o
         6          0          0          0          0          0   _printf_llx.o
       124         16          0          0          0         92   _printf_longlong_dec.o
         6          0          0          0          0          0   _printf_ls.o
         6          0          0          0          0          0   _printf_n.o
         6          0          0          0          0          0   _printf_o.o
       112          8          0          0          0        124   _printf_oct_int_ll.o
         6          0          0          0          0          0   _printf_p.o
        78          0          0          0          0        108   _printf_pad.o
         0          0          0          0          0          0   _printf_percent.o
         4          0          0          0          0          0   _printf_percent_end.o
         6          0          0          0          0          0   _printf_s.o
        82          0          0          0          0         80   _printf_str.o
        36          0          0          0          0         84   _printf_truncate.o
         6          0          0          0          0          0   _printf_u.o
        44          0          0          0          0        108   _printf_wchar.o
       188          6          8          0          0         92   _printf_wctomb.o
         6          0          0          0          0          0   _printf_x.o
        22          0          0          0          0        100   _rserrno.o
       228          4        148          0          0         96   bigflt0.o
      1936        128          0          0          0        668   btod.o
        10          0          0          0          0         68   defsig_exit.o
        50          0          0          0          0         88   defsig_general.o
        80         58          0          0          0         76   defsig_rtmem_inner.o
        14          0          0          0          0         80   defsig_rtmem_outer.o
        52         38          0          0          0         76   defsig_rtred_inner.o
        14          0          0          0          0         80   defsig_rtred_outer.o
        18          0          0          0          0         80   exit.o
        76          0          0          0          0         88   fclose.o
         8          0          0          0          0         68   ferror.o
       240          6          0          0          0        128   fopen.o
       248          6          0          0          0         84   fseek.o
        66          0          0          0          0         76   ftell.o
        94          0          0          0          0         80   h1_alloc.o
        52          0          0          0          0         68   h1_extend.o
        78          0          0          0          0         80   h1_free.o
        14          0          0          0          0         84   h1_init.o
         6          0          0          0          0        152   heapauxi.o
         4          0          0          0          0        136   hguard.o
         0          0          0          0          0          0   indicate_semi.o
       138          0          0          0          0        168   init_alloc.o
       312         46          0          0          0        112   initio.o
        44         10        272          0          0         76   lc_ctype_c.o
        44         10         28          0          0         76   lc_numeric_c.o
         2          0          0          0          0          0   libinit.o
        46          0          0          0          0          0   libinit2.o
         2          0          0          0          0          0   libshutdown.o
         6          0          0          0          0          0   libshutdown2.o
         8          4          0          0         96         68   libspace.o
       138          0          0          0          0         80   lludiv10.o
       240          0          0          0          0        100   lludivv7m.o
         0          0          0          0          0          0   maybetermalloc1.o
        24          4          0          0          0         84   printf.o
        16          4          0          0          0         76   rt_ctype_table.o
         8          4          0          0          0         68   rt_errno_addr_intlibspace.o
         8          4          0          0          0         68   rt_heap_descriptor_intlibspace.o
         8          4          0          0          0         68   rt_locale_intlibspace.o
        78          0          0          0          0         80   rt_memclr_w.o
         2          0          0          0          0          0   rtexit.o
        10          0          0          0          0          0   rtexit2.o
        70          0          0          0          0         80   setvbuf.o
       240          6          0          0          0        156   stdio.o
         0          0          0         12        252          0   stdio_streams.o
       124          0          0          0          0         88   strcmpv7em.o
        62          0          0          0          0         76   strlen.o
        12          4          0          0          0         68   sys_exit.o
       102          0          0          0          0        240   sys_io.o
         0          0         12          0          0          0   sys_io_names.o
        74          0          0          0          0         80   sys_stackheap_outer.o
        14          0          0          0          0         76   sys_wrch.o
         2          0          0          0          0         68   use_no_semi.o
        12          0          0          0          0        116   dretinf.o
        86          4          0          0          0        132   f2d.o
       140          4          0          0          0        132   fnaninf.o
        26          0          0          0          0        116   fpinit.o
         4          0          0          0          0        116   printf1.o
         4          0          0          0          0        116   printf2.o
         0          0          0          0          0          0   usenofp.o
       336         56          0          0          0        136   cosf.o
        48          0          0          0          0        124   fpclassify.o
        38          0          0          0          0        116   fpclassifyf.o
        38         12          0          0          0        348   funder.o
       340         24         32          0          0        160   rredf.o
       400         56          0          0          0        212   sinf.o

    ----------------------------------------------------------------------
     10618        592        600         12        348       8372   Library Totals
        26          0          5          0          0          0   (incl. Padding)

    ----------------------------------------------------------------------

      Code (inc. data)   RO Data    RW Data    ZI Data      Debug   Library Name

      9120        436        563         12        348       6548   c_w.l
       272          8          0          0          0        728   fz_wm.l
      1200        148         32          0          0       1096   m_wm.l

    ----------------------------------------------------------------------
     10618        592        600         12        348       8372   Library Totals

    ----------------------------------------------------------------------

==============================================================================


      Code (inc. data)   RO Data    RW Data    ZI Data      Debug   

     39592        804       1192         28       2548     243461   Grand Totals
     39592        804       1192         28       2548     243461   ELF Image Totals
     39592        804       1192         28          0          0   ROM Totals

==============================================================================

    Total RO  Size (Code + RO Data)                40784 (  39.83kB)
    Total RW  Size (RW Data + ZI Data)              2576 (   2.52kB)
    Total ROM Size (Code + RO Data + RW Data)      40812 (  39.86kB)

==============================================================================

