Component: ARM Compiler 6.16 Tool: armlink [5dfeaa00]

==============================================================================

Section Cross References

    startup_stm32g431xx.o(STACK) refers (Special) to heapauxi.o(.text) for __use_two_region_memory
    startup_stm32g431xx.o(HEAP) refers (Special) to heapauxi.o(.text) for __use_two_region_memory
    startup_stm32g431xx.o(RESET) refers (Special) to heapauxi.o(.text) for __use_two_region_memory
    startup_stm32g431xx.o(RESET) refers to startup_stm32g431xx.o(STACK) for __initial_sp
    startup_stm32g431xx.o(RESET) refers to startup_stm32g431xx.o(.text) for Reset_Handler
    startup_stm32g431xx.o(RESET) refers to stm32g4xx_it.o(.text.NMI_Handler) for NMI_Handler
    startup_stm32g431xx.o(RESET) refers to stm32g4xx_it.o(.text.HardFault_Handler) for HardFault_Handler
    startup_stm32g431xx.o(RESET) refers to stm32g4xx_it.o(.text.MemManage_Handler) for MemManage_Handler
    startup_stm32g431xx.o(RESET) refers to stm32g4xx_it.o(.text.BusFault_Handler) for BusFault_Handler
    startup_stm32g431xx.o(RESET) refers to stm32g4xx_it.o(.text.UsageFault_Handler) for UsageFault_Handler
    startup_stm32g431xx.o(RESET) refers to stm32g4xx_it.o(.text.SVC_Handler) for SVC_Handler
    startup_stm32g431xx.o(RESET) refers to stm32g4xx_it.o(.text.DebugMon_Handler) for DebugMon_Handler
    startup_stm32g431xx.o(RESET) refers to stm32g4xx_it.o(.text.PendSV_Handler) for PendSV_Handler
    startup_stm32g431xx.o(RESET) refers to stm32g4xx_it.o(.text.SysTick_Handler) for SysTick_Handler
    startup_stm32g431xx.o(RESET) refers to stm32g4xx_it.o(.text.DMA1_Channel1_IRQHandler) for DMA1_Channel1_IRQHandler
    startup_stm32g431xx.o(RESET) refers to stm32g4xx_it.o(.text.DMA1_Channel2_IRQHandler) for DMA1_Channel2_IRQHandler
    startup_stm32g431xx.o(RESET) refers to stm32g4xx_it.o(.text.ADC1_2_IRQHandler) for ADC1_2_IRQHandler
    startup_stm32g431xx.o(RESET) refers to stm32g4xx_it.o(.text.USART1_IRQHandler) for USART1_IRQHandler
    startup_stm32g431xx.o(.text) refers (Special) to heapauxi.o(.text) for __use_two_region_memory
    startup_stm32g431xx.o(.text) refers to system_stm32g4xx.o(.text.SystemInit) for SystemInit
    startup_stm32g431xx.o(.text) refers to __main.o(!!!main) for __main
    startup_stm32g431xx.o(.text) refers to startup_stm32g431xx.o(HEAP) for Heap_Mem
    startup_stm32g431xx.o(.text) refers to startup_stm32g431xx.o(STACK) for Stack_Mem
    main.o(.text.main) refers to stm32g4xx_hal.o(.text.HAL_Init) for HAL_Init
    main.o(.text.main) refers to main.o(.text.SystemClock_Config) for SystemClock_Config
    main.o(.text.main) refers to gpio.o(.text.MX_GPIO_Init) for MX_GPIO_Init
    main.o(.text.main) refers to dma.o(.text.MX_DMA_Init) for MX_DMA_Init
    main.o(.text.main) refers to tim.o(.text.MX_TIM1_Init) for MX_TIM1_Init
    main.o(.text.main) refers to adc.o(.text.MX_ADC1_Init) for MX_ADC1_Init
    main.o(.text.main) refers to usart.o(.text.MX_USART1_UART_Init) for MX_USART1_UART_Init
    main.o(.text.main) refers to fdcan.o(.text.MX_FDCAN1_Init) for MX_FDCAN1_Init
    main.o(.text.main) refers to usermain.o(.text.usermain) for usermain
    main.o(.ARM.exidx.text.main) refers to main.o(.text.main) for [Anonymous Symbol]
    main.o(.text.SystemClock_Config) refers to rt_memclr_w.o(.text) for __aeabi_memclr4
    main.o(.text.SystemClock_Config) refers to stm32g4xx_hal_pwr_ex.o(.text.HAL_PWREx_ControlVoltageScaling) for HAL_PWREx_ControlVoltageScaling
    main.o(.text.SystemClock_Config) refers to stm32g4xx_hal_rcc.o(.text.HAL_RCC_OscConfig) for HAL_RCC_OscConfig
    main.o(.text.SystemClock_Config) refers to main.o(.text.Error_Handler) for Error_Handler
    main.o(.text.SystemClock_Config) refers to stm32g4xx_hal_rcc.o(.text.HAL_RCC_ClockConfig) for HAL_RCC_ClockConfig
    main.o(.ARM.exidx.text.SystemClock_Config) refers to main.o(.text.SystemClock_Config) for [Anonymous Symbol]
    main.o(.ARM.exidx.text.Error_Handler) refers to main.o(.text.Error_Handler) for [Anonymous Symbol]
    gpio.o(.text.MX_GPIO_Init) refers to stm32g4xx_hal_gpio.o(.text.HAL_GPIO_WritePin) for HAL_GPIO_WritePin
    gpio.o(.text.MX_GPIO_Init) refers to stm32g4xx_hal_gpio.o(.text.HAL_GPIO_Init) for HAL_GPIO_Init
    gpio.o(.ARM.exidx.text.MX_GPIO_Init) refers to gpio.o(.text.MX_GPIO_Init) for [Anonymous Symbol]
    adc.o(.text.MX_ADC1_Init) refers to rt_memclr_w.o(.text) for __aeabi_memclr4
    adc.o(.text.MX_ADC1_Init) refers to adc.o(.bss.hadc1) for hadc1
    adc.o(.text.MX_ADC1_Init) refers to stm32g4xx_hal_adc.o(.text.HAL_ADC_Init) for HAL_ADC_Init
    adc.o(.text.MX_ADC1_Init) refers to main.o(.text.Error_Handler) for Error_Handler
    adc.o(.text.MX_ADC1_Init) refers to stm32g4xx_hal_adc_ex.o(.text.HAL_ADCEx_MultiModeConfigChannel) for HAL_ADCEx_MultiModeConfigChannel
    adc.o(.text.MX_ADC1_Init) refers to stm32g4xx_hal_adc_ex.o(.text.HAL_ADCEx_InjectedConfigChannel) for HAL_ADCEx_InjectedConfigChannel
[...]
    MT6701_Init                              0x08009855   Thumb Code     8  mt6701.o(.text.MT6701_Init)
    MT6701_Read_Len                          0x0800985d   Thumb Code   170  mt6701.o(.text.MT6701_Read_Len)
    MX_ADC1_Init                             0x08009909   Thumb Code   286  adc.o(.text.MX_ADC1_Init)
    MX_DMA_Init                              0x08009a29   Thumb Code   106  dma.o(.text.MX_DMA_Init)
    MX_FDCAN1_Init                           0x08009a95   Thumb Code    84  fdcan.o(.text.MX_FDCAN1_Init)
    MX_GPIO_Init                             0x08009ae9   Thumb Code   182  gpio.o(.text.MX_GPIO_Init)
    MX_TIM1_Init                             0x08009ba1   Thumb Code   362  tim.o(.text.MX_TIM1_Init)
    MX_USART1_UART_Init                      0x08009d0d   Thumb Code   142  usart.o(.text.MX_USART1_UART_Init)
    MemManage_Handler                        0x08009d9d   Thumb Code     4  stm32g4xx_it.o(.text.MemManage_Handler)
    NMI_Handler                              0x08009da1   Thumb Code     4  stm32g4xx_it.o(.text.NMI_Handler)
    PID_Calc                                 0x08009e11   Thumb Code   254  foc_math.o(.text.PID_Calc)
    PID_Init                                 0x08009f11   Thumb Code    48  foc_math.o(.text.PID_Init)
    PendSV_Handler                           0x08009f41   Thumb Code     2  stm32g4xx_it.o(.text.PendSV_Handler)
    SVC_Handler                              0x08009fe1   Thumb Code     2  stm32g4xx_it.o(.text.SVC_Handler)
    SysTick_Handler                          0x0800a039   Thumb Code     8  stm32g4xx_it.o(.text.SysTick_Handler)
    SystemClock_Config                       0x0800a041   Thumb Code   120  main.o(.text.SystemClock_Config)
    SystemInit                               0x0800a0b9   Thumb Code    18  system_stm32g4xx.o(.text.SystemInit)
    TIM_Base_SetConfig                       0x0800a0cd   Thumb Code   406  stm32g4xx_hal_tim.o(.text.TIM_Base_SetConfig)
    TIM_CCxChannelCmd                        0x0800a265   Thumb Code    54  stm32g4xx_hal_tim.o(.text.TIM_CCxChannelCmd)
    TIM_ETR_SetConfig                        0x0800a2d5   Thumb Code    52  stm32g4xx_hal_tim.o(.text.TIM_ETR_SetConfig)
    TIM_OC2_SetConfig                        0x0800a48d   Thumb Code   368  stm32g4xx_hal_tim.o(.text.TIM_OC2_SetConfig)
    UART_AdvFeatureConfig                    0x0800abb1   Thumb Code   328  stm32g4xx_hal_uart.o(.text.UART_AdvFeatureConfig)
    UART_CheckIdleState                      0x0800acf9   Thumb Code   326  stm32g4xx_hal_uart.o(.text.UART_CheckIdleState)
    UART_SetConfig                           0x0800b1e5   Thumb Code  1392  stm32g4xx_hal_uart.o(.text.UART_SetConfig)
    UART_Start_Receive_DMA                   0x0800b755   Thumb Code   302  stm32g4xx_hal_uart.o(.text.UART_Start_Receive_DMA)
    UART_WaitOnFlagUntilTimeout              0x0800b885   Thumb Code   268  stm32g4xx_hal_uart.o(.text.UART_WaitOnFlagUntilTimeout)
    USART1_IRQHandler                        0x0800b991   Thumb Code    16  stm32g4xx_it.o(.text.USART1_IRQHandler)
    UsageFault_Handler                       0x0800b9a1   Thumb Code     4  stm32g4xx_it.o(.text.UsageFault_Handler)
    _IIC_GPIO_Init                           0x0800ba1d   Thumb Code     8  mt6701.o(.text._IIC_GPIO_Init)
    abc_2_dq                                 0x0800bd59   Thumb Code   264  coordinate_transform.o(.text.abc_2_dq)
    command_get_command                      0x0800be85   Thumb Code   240  ringbuffer.o(.text.command_get_command)
    command_write                            0x0800bfdd   Thumb Code   198  ringbuffer.o(.text.command_write)
    dq_2_abc                                 0x0800c0a5   Thumb Code   232  coordinate_transform.o(.text.dq_2_abc)
    e_svpwm                                  0x0800c18d   Thumb Code   224  svpwm.o(.text.e_svpwm)
    get_max                                  0x0800c26d   Thumb Code   126  foc_math.o(.text.get_max)
    get_middle                               0x0800c2ed   Thumb Code   104  foc_math.o(.text.get_middle)
    get_min                                  0x0800c355   Thumb Code   126  foc_math.o(.text.get_min)
    main                                     0x0800c625   Thumb Code    48  main.o(.text.main)
    normalize                                0x0800c655   Thumb Code   148  foc_math.o(.text.normalize)
    usermain                                 0x0800c6e9   Thumb Code  2780  usermain.o(.text.usermain)
    _btod_d2e                                0x0800d1c5   Thumb Code    62  btod.o(CL$$btod_d2e)
    _d2e_denorm_low                          0x0800d203   Thumb Code    70  btod.o(CL$$btod_d2e_denorm_low)
    _d2e_norm_op1                            0x0800d249   Thumb Code    96  btod.o(CL$$btod_d2e_norm_op1)
    __btod_div_common                        0x0800d2a9   Thumb Code   696  btod.o(CL$$btod_div_common)
    _e2d                                     0x0800d5e1   Thumb Code   122  btod.o(CL$$btod_e2d)
    _e2e                                     0x0800d665   Thumb Code   220  btod.o(CL$$btod_e2e)
    _btod_ediv                               0x0800d741   Thumb Code    42  btod.o(CL$$btod_ediv)
    _btod_edivd                              0x0800d76b   Thumb Code    42  btod.o(CL$$btod_edivd)
    _btod_emul                               0x0800d795   Thumb Code    42  btod.o(CL$$btod_emul)
    _btod_emuld                              0x0800d7bf   Thumb Code    42  btod.o(CL$$btod_emuld)
    __btod_mult_common                       0x0800d7e9   Thumb Code   580  btod.o(CL$$btod_mult_common)
    __ARM_fpclassify                         0x0800da2d   Thumb Code    48  fpclassify.o(i.__ARM_fpclassify)
    __ARM_fpclassifyf                        0x0800da5d   Thumb Code    38  fpclassifyf.o(i.__ARM_fpclassifyf)
    __hardfp___mathlib_tofloat               0x0800da89   Thumb Code   232  narrow.o(i.__hardfp___mathlib_tofloat)
    __hardfp_cosf                            0x0800db81   Thumb Code   280  cosf.o(i.__hardfp_cosf)
    __hardfp_ldexp                           0x0800dcd1   Thumb Code   200  ldexp.o(i.__hardfp_ldexp)
    __hardfp_sinf                            0x0800dda1   Thumb Code   344  sinf.o(i.__hardfp_sinf)
    __mathlib_dbl_overflow                   0x0800df31   Thumb Code    24  dunder.o(i.__mathlib_dbl_overflow)
    __mathlib_dbl_underflow                  0x0800df51   Thumb Code    24  dunder.o(i.__mathlib_dbl_underflow)
    __mathlib_flt_infnan                     0x0800df71   Thumb Code     6  funder.o(i.__mathlib_flt_infnan)
    __mathlib_flt_invalid                    0x0800df79   Thumb Code    10  funder.o(i.__mathlib_flt_invalid)
    __mathlib_flt_underflow                  0x0800df89   Thumb Code    10  funder.o(i.__mathlib_flt_underflow)
    __mathlib_narrow                         0x0800df99   Thumb Code    18  narrow.o(i.__mathlib_narrow)
    __mathlib_rredf2                         0x0800dfad   Thumb Code   316  rredf.o(i.__mathlib_rredf2)
    __support_ldexp                          0x0800e101   Thumb Code    20  ldexp.o(i.__support_ldexp)
    _is_digit                                0x0800e115   Thumb Code    14  __printf_wp.o(i._is_digit)
    frexp                                    0x0800e129   Thumb Code   118  frexp.o(i.frexp)
    _get_lc_numeric                          0x0800e1b5   Thumb Code    44  lc_numeric_c.o(locale$$code)
    _get_lc_ctype                            0x0800e1e1   Thumb Code    44  lc_ctype_c.o(locale$$code)
    __aeabi_d2f                              0x0800e20d   Thumb Code     0  d2f.o(x$fpl$d2f)
    _d2f                                     0x0800e20d   Thumb Code    98  d2f.o(x$fpl$d2f)
    __fpl_dcheck_NaN1                        0x0800e271   Thumb Code    10  dcheck1.o(x$fpl$dcheck1)
    __fpl_dcmp_Inf                           0x0800e281   Thumb Code    24  dcmpi.o(x$fpl$dcmpinf)
    __aeabi_cdcmpeq                          0x0800e299   Thumb Code     0  deqf.o(x$fpl$deqf)
    _dcmpeq                                  0x0800e299   Thumb Code   120  deqf.o(x$fpl$deqf)
    __aeabi_cdcmple                          0x0800e311   Thumb Code     0  dleqf.o(x$fpl$dleqf)
    _dcmple                                  0x0800e311   Thumb Code   120  dleqf.o(x$fpl$dleqf)
    __fpl_dcmple_InfNaN                      0x0800e373   Thumb Code     0  dleqf.o(x$fpl$dleqf)
    __aeabi_dmul                             0x0800e389   Thumb Code     0  dmul.o(x$fpl$dmul)
    _dmul                                    0x0800e389   Thumb Code   332  dmul.o(x$fpl$dmul)
    __fpl_dnaninf                            0x0800e4dd   Thumb Code   156  dnaninf.o(x$fpl$dnaninf)
    __fpl_dretinf                            0x0800e579   Thumb Code    12  dretinf.o(x$fpl$dretinf)
    __aeabi_cdrcmple                         0x0800e585   Thumb Code     0  drleqf.o(x$fpl$drleqf)
    _drcmple                                 0x0800e585   Thumb Code   108  drleqf.o(x$fpl$drleqf)
    __aeabi_f2d                              0x0800e5f1   Thumb Code     0  f2d.o(x$fpl$f2d)
    _f2d                                     0x0800e5f1   Thumb Code    86  f2d.o(x$fpl$f2d)
    __fpl_fnaninf                            0x0800e647   Thumb Code   140  fnaninf.o(x$fpl$fnaninf)
    _fp_init                                 0x0800e6d3   Thumb Code    26  fpinit.o(x$fpl$fpinit)
    __fplib_config_fpu_vfp                   0x0800e6eb   Thumb Code     0  fpinit.o(x$fpl$fpinit)
    __fplib_config_pureend_doubles           0x0800e6eb   Thumb Code     0  fpinit.o(x$fpl$fpinit)
    __fpl_fretinf                            0x0800e6ed   Thumb Code    10  fretinf.o(x$fpl$fretinf)
    __ieee_status                            0x0800e6f7   Thumb Code     6  istatus.o(x$fpl$ieeestatus)
    _printf_fp_dec                           0x0800e6fd   Thumb Code     4  printf1.o(x$fpl$printf1)
    _printf_fp_hex                           0x0800e701   Thumb Code     4  printf2.o(x$fpl$printf2)
    __fpl_return_NaN                         0x0800e705   Thumb Code   100  retnan.o(x$fpl$retnan)
    __ARM_scalbn                             0x0800e769   Thumb Code    92  scalbn.o(x$fpl$scalbn)
    _scanf_real                              0x0800e7c5   Thumb Code     4  scanf1.o(x$fpl$scanf1)
    _scanf_hex_real                          0x0800e7c9   Thumb Code     4  scanf2.o(x$fpl$scanf2)
    _scanf_infnan                            0x0800e7cd   Thumb Code     4  scanf2.o(x$fpl$scanf2)
    __fpl_cmpreturn                          0x0800e7d1   Thumb Code    48  trapv.o(x$fpl$trapveneer)
    __I$use$fp                               0x0800e800   Number         0  usenofp.o(x$fpl$usenofp)
    AHBPrescTable                            0x0800e920   Data          16  system_stm32g4xx.o(.rodata.AHBPrescTable)
    APBPrescTable                            0x0800e930   Data           8  system_stm32g4xx.o(.rodata.APBPrescTable)
    UARTPrescTable                           0x0800e948   Data          24  stm32g4xx_hal_uart.o(.rodata.UARTPrescTable)
    Region$$Table$$Base                      0x0800ec48   Number         0  anon$$obj.o(Region$$Table)
    Region$$Table$$Limit                     0x0800ec68   Number         0  anon$$obj.o(Region$$Table)
    __aeabi_HUGE_VAL                         0x0800ec68   Data           0  fpconst.o(c$$dinf)
    __aeabi_HUGE_VALL                        0x0800ec68   Data           0  fpconst.o(c$$dinf)
    __aeabi_INFINITY                         0x0800ec68   Data           0  fpconst.o(c$$dinf)
    __dInf                                   0x0800ec68   Data           0  fpconst.o(c$$dinf)
    __huge_val                               0x0800ec68   Data           0  fpconst.o(c$$dinf)
    __dbl_max                                0x0800ec70   Data           0  fpconst.o(c$$dmax)
    __ctype                                  0x0800eca1   Data           0  lc_ctype_c.o(locale$$data)
    SystemCoreClock                          0x20000000   Data           4  system_stm32g4xx.o(.data.SystemCoreClock)
    encoder_direct                           0x20000004   Data           4  flash_save.o(.data.encoder_direct)
    encoder_offset                           0x20000008   Data           4  flash_save.o(.data.encoder_offset)
    encoder_type_str                         0x2000000c   Data           8  usermain.o(.data.encoder_type_str)
    f_c                                      0x20000014   Data           4  flash_save.o(.data.f_c)
    id_pi_ki                                 0x20000018   Data           4  flash_save.o(.data.id_pi_ki)
    id_pi_kp                                 0x2000001c   Data           4  flash_save.o(.data.id_pi_kp)
    iq_pi_ki                                 0x20000020   Data           4  flash_save.o(.data.iq_pi_ki)
    iq_pi_kp                                 0x20000024   Data           4  flash_save.o(.data.iq_pi_kp)
    pFlash                                   0x20000028   Data          32  stm32g4xx_hal_flash.o(.data.pFlash)
    pole_pairs                               0x20000048   Data           1  flash_save.o(.data.pole_pairs)
    position_pid_kd                          0x2000004c   Data           4  flash_save.o(.data.position_pid_kd)
    position_pid_ki                          0x20000050   Data           4  flash_save.o(.data.position_pid_ki)
    position_pid_kp                          0x20000054   Data           4  flash_save.o(.data.position_pid_kp)
    position_pid_maxoutput                   0x20000058   Data           4  flash_save.o(.data.position_pid_maxoutput)
    speed_pi_ki                              0x2000005c   Data           4  flash_save.o(.data.speed_pi_ki)
    speed_pi_kp                              0x20000060   Data           4  flash_save.o(.data.speed_pi_kp)
    speed_pi_maxoutput                       0x20000064   Data           4  flash_save.o(.data.speed_pi_maxoutput)
    system_uart_state                        0x20000068   Data           1  usermain.o(.data.system_uart_state)
    u_dc                                     0x2000006c   Data           4  usermain.o(.data.u_dc)
    uwTickFreq                               0x20000070   Data           4  stm32g4xx_hal.o(.data.uwTickFreq)
    uwTickPrio                               0x20000074   Data           4  stm32g4xx_hal.o(.data.uwTickPrio)
    __libspace_start                         0x20000078   Data          96  libspace.o(.bss)
    __temporary_stack_top$libspace           0x200000d8   Data           0  libspace.o(.bss)
    buffer                                   0x20000114   Data         128  ringbuffer.o(.bss.buffer)
    command                                  0x20000194   Data          50  usermain.o(.bss.command)
    duty_abc                                 0x200001c8   Data          12  usermain.o(.bss.duty_abc)
    encoder                                  0x200001d4   Data          40  usermain.o(.bss.encoder)
    encoder_type                             0x200001fc   Data           1  flash_save.o(.bss.encoder_type)
    encoder_type_rxstr                       0x200001fd   Data          10  usermain.o(.bss.encoder_type_rxstr)
    hadc1                                    0x20000208   Data         108  adc.o(.bss.hadc1)
    hdma_usart1_rx                           0x20000274   Data          96  usart.o(.bss.hdma_usart1_rx)
    hdma_usart1_tx                           0x200002d4   Data          96  usart.o(.bss.hdma_usart1_tx)
    hfdcan1                                  0x20000334   Data         100  fdcan.o(.bss.hfdcan1)
    htim1                                    0x20000398   Data          76  tim.o(.bss.htim1)
    huart1                                   0x200003e4   Data         148  usart.o(.bss.huart1)
    i_abc                                    0x20000478   Data          12  usermain.o(.bss.i_abc)
    i_dq                                     0x20000484   Data           8  usermain.o(.bss.i_dq)
    i_dql                                    0x2000048c   Data           8  usermain.o(.bss.i_dql)
    id_lpf                                   0x20000494   Data          24  usermain.o(.bss.id_lpf)
    id_pi                                    0x200004ac   Data          44  usermain.o(.bss.id_pi)
    iq_lpf                                   0x200004d8   Data          24  usermain.o(.bss.iq_lpf)
    iq_pi                                    0x200004f0   Data          44  usermain.o(.bss.iq_pi)
    position_pid                             0x2000051c   Data          44  usermain.o(.bss.position_pid)
    position_ref                             0x20000548   Data           4  usermain.o(.bss.position_ref)
    readIndex                                0x2000054c   Data           1  ringbuffer.o(.bss.readIndex)
    speed_pi                                 0x20000550   Data          44  usermain.o(.bss.speed_pi)
    speed_ref                                0x2000057c   Data           4  usermain.o(.bss.speed_ref)
    system_run_state                         0x20000580   Data           1  usermain.o(.bss.system_run_state)
    system_sample_state                      0x20000581   Data           1  usermain.o(.bss.system_sample_state)
    system_state                             0x20000582   Data           1  usermain.o(.bss.system_state)
    system_test_state                        0x20000583   Data           1  usermain.o(.bss.system_test_state)
    u_abc                                    0x20000584   Data          12  usermain.o(.bss.u_abc)
    u_dq                                     0x20000590   Data           8  usermain.o(.bss.u_dq)
    uart_rx_buf                              0x20000598   Data         100  usermain.o(.bss.uart_rx_buf)
    uart_tx_buf                              0x200005fc   Data         400  usermain.o(.bss.uart_tx_buf)
    uwTick                                   0x20000790   Data           4  stm32g4xx_hal.o(.bss.uwTick)
    writeIndex                               0x20000794   Data           1  ringbuffer.o(.bss.writeIndex)



==============================================================================

Memory Map of the image

  Image Entry point : 0x080001d9

  Load Region LR_IROM1 (Base: 0x08000000, Size: 0x0000ee20, Max: 0x00020000, ABSOLUTE)

    Execution Region ER_IROM1 (Exec base: 0x08000000, Load base: 0x08000000, Size: 0x0000eda4, Max: 0x00020000, ABSOLUTE)

    Exec Addr    Load Addr    Size         Type   Attr      Idx    E Section Name        Object

    0x08000000   0x08000000   0x000001d8   Data   RO            3    RESET               startup_stm32g431xx.o
    0x080001d8   0x080001d8   0x00000008   Code   RO         1943  * !!!main             c_w.l(__main.o)
    0x080001e0   0x080001e0   0x00000034   Code   RO         2459    !!!scatter          c_w.l(__scatter.o)
    0x08000214   0x08000214   0x0000001a   Code   RO         2461    !!handler_copy      c_w.l(__scatter_copy.o)
    0x0800022e   0x0800022e   0x00000002   PAD
    0x08000230   0x08000230   0x0000001c   Code   RO         2463    !!handler_zi        c_w.l(__scatter_zi.o)
    0x0800024c   0x0800024c   0x00000000   Code   RO         2053    .ARM.Collect$$_printf_percent$$00000000  c_w.l(_printf_percent.o)
    0x0800024c   0x0800024c   0x00000006   Code   RO         2042    .ARM.Collect$$_printf_percent$$00000001  c_w.l(_printf_n.o)
    0x08000252   0x08000252   0x00000006   Code   RO         2044    .ARM.Collect$$_printf_percent$$00000002  c_w.l(_printf_p.o)
    0x08000258   0x08000258   0x00000006   Code   RO         2049    .ARM.Collect$$_printf_percent$$00000003  c_w.l(_printf_f.o)
    0x0800025e   0x0800025e   0x00000006   Code   RO         2050    .ARM.Collect$$_printf_percent$$00000004  c_w.l(_printf_e.o)
    0x08000264   0x08000264   0x00000006   Code   RO         2051    .ARM.Collect$$_printf_percent$$00000005  c_w.l(_printf_g.o)
    0x0800026a   0x0800026a   0x00000006   Code   RO         2052    .ARM.Collect$$_printf_percent$$00000006  c_w.l(_printf_a.o)
    0x08000270   0x08000270   0x0000000a   Code   RO         2057    .ARM.Collect$$_printf_percent$$00000007  c_w.l(_printf_ll.o)
    0x0800027a   0x0800027a   0x00000006   Code   RO         2046    .ARM.Collect$$_printf_percent$$00000008  c_w.l(_printf_i.o)
    0x08000280   0x08000280   0x00000006   Code   RO         2047    .ARM.Collect$$_printf_percent$$00000009  c_w.l(_printf_d.o)
    0x08000286   0x08000286   0x00000006   Code   RO         2048    .ARM.Collect$$_printf_percent$$0000000A  c_w.l(_printf_u.o)
    0x0800028c   0x0800028c   0x00000006   Code   RO         2045    .ARM.Collect$$_printf_percent$$0000000B  c_w.l(_printf_o.o)
    0x08000292   0x08000292   0x00000006   Code   RO         2043    .ARM.Collect$$_printf_percent$$0000000C  c_w.l(_printf_x.o)
    0x08000298   0x08000298   0x00000006   Code   RO         2054    .ARM.Collect$$_printf_percent$$0000000D  c_w.l(_printf_lli.o)
    0x0800029e   0x0800029e   0x00000006   Code   RO         2055    .ARM.Collect$$_printf_percent$$0000000E  c_w.l(_printf_lld.o)
    0x080002a4   0x080002a4   0x00000006   Code   RO         2056    .ARM.Collect$$_printf_percent$$0000000F  c_w.l(_printf_llu.o)
    0x080002aa   0x080002aa   0x00000006   Code   RO         2061    .ARM.Collect$$_printf_percent$$00000010  c_w.l(_printf_llo.o)
    0x080002b0   0x080002b0   0x00000006   Code   RO         2062    .ARM.Collect$$_printf_percent$$00000011  c_w.l(_printf_llx.o)
    0x080002b6   0x080002b6   0x0000000a   Code   RO         2058    .ARM.Collect$$_printf_percent$$00000012  c_w.l(_printf_l.o)
    0x080002c0   0x080002c0   0x00000006   Code   RO         2040    .ARM.Collect$$_printf_percent$$00000013  c_w.l(_printf_c.o)
    0x080002c6   0x080002c6   0x00000006   Code   RO         2041    .ARM.Collect$$_printf_percent$$00000014  c_w.l(_printf_s.o)
    0x080002cc   0x080002cc   0x00000006   Code   RO         2059    .ARM.Collect$$_printf_percent$$00000015  c_w.l(_printf_lc.o)
    0x080002d2   0x080002d2   0x00000006   Code   RO         2060    .ARM.Collect$$_printf_percent$$00000016  c_w.l(_printf_ls.o)
    0x080002d8   0x080002d8   0x00000004   Code   RO         2156    .ARM.Collect$$_printf_percent$$00000017  c_w.l(_printf_percent_end.o)
    0x080002dc   0x080002dc   0x00000002   Code   RO         2231    .ARM.Collect$$libinit$$00000000  c_w.l(libinit.o)
    0x080002de   0x080002de   0x00000004   Code   RO         2271    .ARM.Collect$$libinit$$00000001  c_w.l(libinit2.o)
    0x080002e2   0x080002e2   0x00000000   Code   RO         2274    .ARM.Collect$$libinit$$00000004  c_w.l(libinit2.o)
    0x080002e2   0x080002e2   0x00000000   Code   RO         2277    .ARM.Collect$$libinit$$0000000A  c_w.l(libinit2.o)
    0x080002e2   0x080002e2   0x00000000   Code   RO         2279    .ARM.Collect$$libinit$$0000000C  c_w.l(libinit2.o)
    0x080002e2   0x080002e2   0x00000000   Code   RO         2281    .ARM.Collect$$libinit$$0000000E  c_w.l(libinit2.o)
    0x080002e2   0x080002e2   0x00000006   Code   RO         2282    .ARM.Collect$$libinit$$0000000F  c_w.l(libinit2.o)
    0x080002e8   0x080002e8   0x00000000   Code   RO         2284    .ARM.Collect$$libinit$$00000011  c_w.l(libinit2.o)
    0x080002e8   0x080002e8   0x0000000c   Code   RO         2285    .ARM.Collect$$libinit$$00000012  c_w.l(libinit2.o)
    0x080002f4   0x080002f4   0x00000000   Code   RO         2286    .ARM.Collect$$libinit$$00000013  c_w.l(libinit2.o)
    0x080002f4   0x080002f4   0x00000000   Code   RO         2288    .ARM.Collect$$libinit$$00000015  c_w.l(libinit2.o)
    0x080002f4   0x080002f4   0x0000000a   Code   RO         2289    .ARM.Collect$$libinit$$00000016  c_w.l(libinit2.o)
    0x080002fe   0x080002fe   0x00000000   Code   RO         2290    .ARM.Collect$$libinit$$00000017  c_w.l(libinit2.o)
    0x080002fe   0x080002fe   0x00000000   Code   RO         2292    .ARM.Collect$$libinit$$00000019  c_w.l(libinit2.o)
    0x080002fe   0x080002fe   0x00000000   Code   RO         2294    .ARM.Collect$$libinit$$0000001B  c_w.l(libinit2.o)
    0x080002fe   0x080002fe   0x00000000   Code   RO         2296    .ARM.Collect$$libinit$$0000001D  c_w.l(libinit2.o)
    0x080002fe   0x080002fe   0x00000000   Code   RO         2298    .ARM.Collect$$libinit$$0000001F  c_w.l(libinit2.o)
    0x080002fe   0x080002fe   0x00000000   Code   RO         2300    .ARM.Collect$$libinit$$00000021  c_w.l(libinit2.o)
    0x080002fe   0x080002fe   0x00000000   Code   RO         2302    .ARM.Collect$$libinit$$00000023  c_w.l(libinit2.o)
    0x080002fe   0x080002fe   0x00000000   Code   RO         2304    .ARM.Collect$$libinit$$00000025  c_w.l(libinit2.o)
    0x080002fe   0x080002fe   0x00000000   Code   RO         2308    .ARM.Collect$$libinit$$0000002C  c_w.l(libinit2.o)
    0x080002fe   0x080002fe   0x00000000   Code   RO         2310    .ARM.Collect$$libinit$$0000002E  c_w.l(libinit2.o)
    0x080002fe   0x080002fe   0x00000000   Code   RO         2312    .ARM.Collect$$libinit$$00000030  c_w.l(libinit2.o)
    0x080002fe   0x080002fe   0x00000000   Code   RO         2314    .ARM.Collect$$libinit$$00000032  c_w.l(libinit2.o)
    0x080002fe   0x080002fe   0x00000002   Code   RO         2315    .ARM.Collect$$libinit$$00000033  c_w.l(libinit2.o)
    0x08000300   0x08000300   0x00000002   Code   RO         2382    .ARM.Collect$$libshutdown$$00000000  c_w.l(libshutdown.o)
    0x08000302   0x08000302   0x00000000   Code   RO         2426    .ARM.Collect$$libshutdown$$00000002  c_w.l(libshutdown2.o)
    0x08000302   0x08000302   0x00000000   Code   RO         2428    .ARM.Collect$$libshutdown$$00000004  c_w.l(libshutdown2.o)
    0x08000302   0x08000302   0x00000000   Code   RO         2431    .ARM.Collect$$libshutdown$$00000007  c_w.l(libshutdown2.o)
    0x08000302   0x08000302   0x00000000   Code   RO         2434    .ARM.Collect$$libshutdown$$0000000A  c_w.l(libshutdown2.o)
    0x08000302   0x08000302   0x00000000   Code   RO         2436    .ARM.Collect$$libshutdown$$0000000C  c_w.l(libshutdown2.o)
    0x08000302   0x08000302   0x00000000   Code   RO         2439    .ARM.Collect$$libshutdown$$0000000F  c_w.l(libshutdown2.o)
    0x08000302   0x08000302   0x00000002   Code   RO         2440    .ARM.Collect$$libshutdown$$00000010  c_w.l(libshutdown2.o)
    0x08000304   0x08000304   0x00000000   Code   RO         1965    .ARM.Collect$$rtentry$$00000000  c_w.l(__rtentry.o)
    0x08000304   0x08000304   0x00000000   Code   RO         2116    .ARM.Collect$$rtentry$$00000002  c_w.l(__rtentry2.o)
    0x08000304   0x08000304   0x00000006   Code   RO         2128    .ARM.Collect$$rtentry$$00000004  c_w.l(__rtentry4.o)
    0x0800030a   0x0800030a   0x00000000   Code   RO         2118    .ARM.Collect$$rtentry$$00000009  c_w.l(__rtentry2.o)
    0x0800030a   0x0800030a   0x00000004   Code   RO         2119    .ARM.Collect$$rtentry$$0000000A  c_w.l(__rtentry2.o)
    0x0800030e   0x0800030e   0x00000000   Code   RO         2121    .ARM.Collect$$rtentry$$0000000C  c_w.l(__rtentry2.o)
    0x0800030e   0x0800030e   0x00000008   Code   RO         2122    .ARM.Collect$$rtentry$$0000000D  c_w.l(__rtentry2.o)
    0x08000316   0x08000316   0x00000002   Code   RO         2254    .ARM.Collect$$rtexit$$00000000  c_w.l(rtexit.o)
    0x08000318   0x08000318   0x00000000   Code   RO         2333    .ARM.Collect$$rtexit$$00000002  c_w.l(rtexit2.o)
    0x08000318   0x08000318   0x00000004   Code   RO         2334    .ARM.Collect$$rtexit$$00000003  c_w.l(rtexit2.o)
    0x0800031c   0x0800031c   0x00000006   Code   RO         2335    .ARM.Collect$$rtexit$$00000004  c_w.l(rtexit2.o)
    0x08000322   0x08000322   0x00000002   PAD
    0x08000324   0x08000324   0x00000040   Code   RO            4    .text               startup_stm32g431xx.o
    0x08000364   0x08000364   0x000000f0   Code   RO         1925    .text               c_w.l(lludivv7m.o)
    0x08000454   0x08000454   0x0000002c   Code   RO         1927    .text               c_w.l(sprintf.o)
    0x08000480   0x08000480   0x0000003c   Code   RO         1929    .text               c_w.l(sscanf.o)
    0x080004bc   0x080004bc   0x00000058   Code   RO         1931    .text               c_w.l(memcmp.o)
    0x08000514   0x08000514   0x0000003e   Code   RO         1933    .text               c_w.l(strlen.o)
    0x08000552   0x08000552   0x0000008a   Code   RO         1935    .text               c_w.l(rt_memcpy_v6.o)
    0x080005dc   0x080005dc   0x0000004e   Code   RO         1937    .text               c_w.l(rt_memclr_w.o)
    0x0800062a   0x0800062a   0x00000006   PAD
    0x08000630   0x08000630   0x0000007c   Code   RO         1939    .text               c_w.l(strcmpv7em.o)
    0x080006ac   0x080006ac   0x00000006   Code   RO         1941    .text               c_w.l(heapauxi.o)
    0x080006b2   0x080006b2   0x00000016   Code   RO         1970    .text               c_w.l(_rserrno.o)
    0x080006c8   0x080006c8   0x0000004e   Code   RO         1974    .text               c_w.l(_printf_pad.o)
    0x08000716   0x08000716   0x00000024   Code   RO         1976    .text               c_w.l(_printf_truncate.o)
    0x0800073a   0x0800073a   0x00000052   Code   RO         1978    .text               c_w.l(_printf_str.o)
    0x0800078c   0x0800078c   0x00000078   Code   RO         1980    .text               c_w.l(_printf_dec.o)
    0x08000804   0x08000804   0x00000028   Code   RO         1982    .text               c_w.l(_printf_charcount.o)
    0x0800082c   0x0800082c   0x00000030   Code   RO         1984    .text               c_w.l(_printf_char_common.o)
    0x0800085c   0x0800085c   0x0000000a   Code   RO         1986    .text               c_w.l(_sputc.o)
    0x08000866   0x08000866   0x00000002   PAD
    0x08000868   0x08000868   0x000000bc   Code   RO         1988    .text               c_w.l(_printf_wctomb.o)
    0x08000924   0x08000924   0x0000007c   Code   RO         1991    .text               c_w.l(_printf_longlong_dec.o)
    0x080009a0   0x080009a0   0x00000070   Code   RO         1997    .text               c_w.l(_printf_oct_int_ll.o)
    0x08000a10   0x08000a10   0x00000094   Code   RO         2017    .text               c_w.l(_printf_hex_int_ll_ptr.o)
    0x08000aa4   0x08000aa4   0x00000188   Code   RO         2037    .text               c_w.l(__printf_flags_ss_wp.o)
    0x08000c2c   0x08000c2c   0x00000156   Code   RO         2063    .text               c_w.l(_scanf_longlong.o)
    0x08000d82   0x08000d82   0x0000014c   Code   RO         2065    .text               c_w.l(_scanf_int.o)
    0x08000ece   0x08000ece   0x000000e0   Code   RO         2067    .text               c_w.l(_scanf_str.o)
    0x08000fae   0x08000fae   0x00000002   PAD
    0x08000fb0   0x08000fb0   0x0000002c   Code   RO         2069    .text               c_w.l(scanf_char.o)
    0x08000fdc   0x08000fdc   0x00000040   Code   RO         2071    .text               c_w.l(_sgetc.o)
    0x0800101c   0x0800101c   0x00000114   Code   RO         2073    .text               c_w.l(_scanf_mbtowc.o)
    0x08001130   0x08001130   0x000000e8   Code   RO         2075    .text               c_w.l(_scanf_wctomb.o)
    0x08001218   0x08001218   0x000000d0   Code   RO         2077    .text               c_w.l(_scanf_wstr.o)
    0x080012e8   0x080012e8   0x00000064   Code   RO         2079    .text               c_w.l(rt_memcpy_w.o)
    0x0800134c   0x0800134c   0x00000008   Code   RO         2135    .text               c_w.l(rt_errno_addr_intlibspace.o)
    0x08001354   0x08001354   0x0000008a   Code   RO         2137    .text               c_w.l(lludiv10.o)
    0x080013de   0x080013de   0x00000012   Code   RO         2139    .text               c_w.l(isspace.o)
    0x080013f0   0x080013f0   0x000000b2   Code   RO         2141    .text               c_w.l(_printf_intcommon.o)
    0x080014a2   0x080014a2   0x0000041c   Code   RO         2143    .text               c_w.l(_printf_fp_dec.o)
    0x080018be   0x080018be   0x00000002   PAD
    0x080018c0   0x080018c0   0x000002fc   Code   RO         2147    .text               c_w.l(_printf_fp_hex.o)
    0x08001bbc   0x08001bbc   0x0000002c   Code   RO         2152    .text               c_w.l(_printf_char.o)
    0x08001be8   0x08001be8   0x0000002c   Code   RO         2154    .text               c_w.l(_printf_wchar.o)
    0x08001c14   0x08001c14   0x0000001c   Code   RO         2157    .text               c_w.l(_chval.o)
    0x08001c30   0x08001c30   0x00000374   Code   RO         2159    .text               c_w.l(_scanf.o)
    0x08001fa4   0x08001fa4   0x000004f8   Code   RO         2161    .text               c_w.l(scanf_fp.o)
    0x0800249c   0x0800249c   0x0000001e   Code   RO         2165    .text               c_w.l(_scanf_wcharmap.o)
    0x080024ba   0x080024ba   0x00000040   Code   RO         2167    .text               c_w.l(_mbrtoc16.o)
    0x080024fa   0x080024fa   0x00000048   Code   RO         2169    .text               c_w.l(_c16rtomb.o)
    0x08002542   0x08002542   0x00000002   PAD
    0x08002544   0x08002544   0x00000008   Code   RO         2171    .text               c_w.l(libspace.o)
    0x0800254c   0x0800254c   0x0000004a   Code   RO         2174    .text               c_w.l(sys_stackheap_outer.o)
    0x08002596   0x08002596   0x00000002   PAD
    0x08002598   0x08002598   0x00000010   Code   RO         2176    .text               c_w.l(rt_ctype_table.o)
    0x080025a8   0x080025a8   0x00000008   Code   RO         2181    .text               c_w.l(rt_locale_intlibspace.o)
    0x080025b0   0x080025b0   0x00000026   Code   RO         2183    .text               c_w.l(llshl.o)
    0x080025d6   0x080025d6   0x00000002   PAD
    0x080025d8   0x080025d8   0x00000080   Code   RO         2185    .text               c_w.l(_printf_fp_infnan.o)
    0x08002658   0x08002658   0x000000e4   Code   RO         2187    .text               c_w.l(bigflt0.o)
    0x0800273c   0x0800273c   0x00000012   Code   RO         2220    .text               c_w.l(exit.o)
    0x0800274e   0x0800274e   0x00000002   PAD
    0x08002750   0x08002750   0x00000320   Code   RO         2258    .text               c_w.l(scanf_hexfp.o)
    0x08002a70   0x08002a70   0x00000134   Code   RO         2260    .text               c_w.l(scanf_infnan.o)
    0x08002ba4   0x08002ba4   0x0000000c   Code   RO         2328    .text               c_w.l(sys_exit.o)
    0x08002bb0   0x08002bb0   0x00000002   Code   RO         2371    .text               c_w.l(use_no_semi.o)
    0x08002bb2   0x08002bb2   0x00000000   Code   RO         2373    .text               c_w.l(indicate_semi.o)
    0x08002bb2   0x08002bb2   0x00000002   PAD
    0x08002bb4   0x08002bb4   0x00000010   Code   RO          123    .text.ADC1_2_IRQHandler  stm32g4xx_it.o
    0x08002bc4   0x08002bc4   0x00000110   Code   RO          174    .text.ADC_Enable    stm32g4xx_hal_adc.o
    0x08002cd4   0x08002cd4   0x00000004   Code   RO          107    .text.BusFault_Handler  stm32g4xx_it.o
    0x08002cd8   0x08002cd8   0x0000003c   Code   RO         1899    .text.CalculateChecksum  flash_save.o
    0x08002d14   0x08002d14   0x00000010   Code   RO          119    .text.DMA1_Channel1_IRQHandler  stm32g4xx_it.o
    0x08002d24   0x08002d24   0x00000010   Code   RO          121    .text.DMA1_Channel2_IRQHandler  stm32g4xx_it.o
    0x08002d34   0x08002d34   0x00000074   Code   RO          721    .text.DMA_CalcDMAMUXChannelBaseAndMask  stm32g4xx_hal_dma.o
    0x08002da8   0x08002da8   0x0000003c   Code   RO          723    .text.DMA_CalcDMAMUXRequestGenBaseAndMask  stm32g4xx_hal_dma.o
    0x08002de4   0x08002de4   0x0000006e   Code   RO          729    .text.DMA_SetConfig  stm32g4xx_hal_dma.o
    0x08002e52   0x08002e52   0x00000002   PAD
    0x08002e54   0x08002e54   0x00000002   Code   RO          113    .text.DebugMon_Handler  stm32g4xx_it.o
    0x08002e56   0x08002e56   0x00000002   PAD
    0x08002e58   0x08002e58   0x00000138   Code   RO         1859    .text.Encoder_Get_Angle_Speed  encoder.o
    0x08002f90   0x08002f90   0x00000044   Code   RO         1857    .text.Encoder_Init  encoder.o
    0x08002fd4   0x08002fd4   0x0000000e   Code   RO           15    .text.Error_Handler  main.o
    0x08002fe2   0x08002fe2   0x00000002   PAD
    0x08002fe4   0x08002fe4   0x0000009e   Code   RO          972    .text.FDCAN_CalcultateRamBlockAddresses  stm32g4xx_hal_fdcan.o
    0x08003082   0x08003082   0x00000002   PAD
    0x08003084   0x08003084   0x000000b4   Code   RO          615    .text.FLASH_FlushCaches  stm32g4xx_hal_flash_ex.o
    0x08003138   0x08003138   0x00000034   Code   RO          611    .text.FLASH_MassErase  stm32g4xx_hal_flash_ex.o
    0x0800316c   0x0800316c   0x00000032   Code   RO          613    .text.FLASH_PageErase  stm32g4xx_hal_flash_ex.o
    0x0800319e   0x0800319e   0x00000002   PAD
    0x080031a0   0x080031a0   0x0000002c   Code   RO          577    .text.FLASH_Program_DoubleWord  stm32g4xx_hal_flash.o
    0x080031cc   0x080031cc   0x00000070   Code   RO          579    .text.FLASH_Program_Fast  stm32g4xx_hal_flash.o
    0x0800323c   0x0800323c   0x000000f2   Code   RO          575    .text.FLASH_WaitForLastOperation  stm32g4xx_hal_flash.o
    0x0800332e   0x0800332e   0x00000002   PAD
    0x08003330   0x08003330   0x000001c0   Code   RO         1891    .text.Flash_Init    flash_save.o
    0x080034f0   0x080034f0   0x00000056   Code   RO         1895    .text.Flash_IsDataValid  flash_save.o
    0x08003546   0x08003546   0x00000002   PAD
    0x08003548   0x08003548   0x00000126   Code   RO         1893    .text.Flash_Read    flash_save.o
    0x0800366e   0x0800366e   0x00000002   PAD
    0x08003670   0x08003670   0x00000212   Code   RO         1897    .text.Flash_Save    flash_save.o
    0x08003882   0x08003882   0x00000002   PAD
    0x08003884   0x08003884   0x00000008   Code   RO          347    .text.HAL_ADCEx_EndOfSamplingCallback  stm32g4xx_hal_adc_ex.o
    0x0800388c   0x0800388c   0x000009be   Code   RO          357    .text.HAL_ADCEx_InjectedConfigChannel  stm32g4xx_hal_adc_ex.o
    0x0800424a   0x0800424a   0x00000002   PAD
    0x0800424c   0x0800424c   0x00000984   Code   RO         1705    .text.HAL_ADCEx_InjectedConvCpltCallback  usermain.o
    0x08004bd0   0x08004bd0   0x00000008   Code   RO          341    .text.HAL_ADCEx_InjectedQueueOverflowCallback  stm32g4xx_hal_adc_ex.o
    0x08004bd8   0x08004bd8   0x000001fc   Code   RO          325    .text.HAL_ADCEx_InjectedStart_IT  stm32g4xx_hal_adc_ex.o
    0x08004dd4   0x08004dd4   0x00000008   Code   RO          343    .text.HAL_ADCEx_LevelOutOfWindow2Callback  stm32g4xx_hal_adc_ex.o
    0x08004ddc   0x08004ddc   0x00000008   Code   RO          345    .text.HAL_ADCEx_LevelOutOfWindow3Callback  stm32g4xx_hal_adc_ex.o
    0x08004de4   0x08004de4   0x00000176   Code   RO          379    .text.HAL_ADCEx_MultiModeConfigChannel  stm32g4xx_hal_adc_ex.o
    0x08004f5a   0x08004f5a   0x00000002   PAD
    0x08004f5c   0x08004f5c   0x00000008   Code   RO          210    .text.HAL_ADC_ConvCpltCallback  stm32g4xx_hal_adc.o
    0x08004f64   0x08004f64   0x00000008   Code   RO          216    .text.HAL_ADC_ErrorCallback  stm32g4xx_hal_adc.o
    0x08004f6c   0x08004f6c   0x000004aa   Code   RO          208    .text.HAL_ADC_IRQHandler  stm32g4xx_hal_adc.o
    0x08005416   0x08005416   0x00000002   PAD
    0x08005418   0x08005418   0x00000318   Code   RO          142    .text.HAL_ADC_Init  stm32g4xx_hal_adc.o
    0x08005730   0x08005730   0x00000008   Code   RO          214    .text.HAL_ADC_LevelOutOfWindowCallback  stm32g4xx_hal_adc.o
    0x08005738   0x08005738   0x000000b4   Code   RO           35    .text.HAL_ADC_MspInit  adc.o
    0x080057ec   0x080057ec   0x0000009c   Code   RO          733    .text.HAL_DMA_Abort  stm32g4xx_hal_dma.o
    0x08005888   0x08005888   0x000000c2   Code   RO          735    .text.HAL_DMA_Abort_IT  stm32g4xx_hal_dma.o
    0x0800594a   0x0800594a   0x00000002   PAD
    0x0800594c   0x0800594c   0x00000156   Code   RO          739    .text.HAL_DMA_IRQHandler  stm32g4xx_hal_dma.o
    0x08005aa2   0x08005aa2   0x00000002   PAD
    0x08005aa4   0x08005aa4   0x00000156   Code   RO          719    .text.HAL_DMA_Init  stm32g4xx_hal_dma.o
    0x08005bfa   0x08005bfa   0x00000002   PAD
    0x08005bfc   0x08005bfc   0x000000fc   Code   RO          731    .text.HAL_DMA_Start_IT  stm32g4xx_hal_dma.o
    0x08005cf8   0x08005cf8   0x00000042   Code   RO          423    .text.HAL_Delay     stm32g4xx_hal.o
    0x08005d3a   0x08005d3a   0x00000002   PAD
    0x08005d3c   0x08005d3c   0x000002cc   Code   RO          968    .text.HAL_FDCAN_Init  stm32g4xx_hal_fdcan.o
    0x08006008   0x08006008   0x000000ac   Code   RO           57    .text.HAL_FDCAN_MspInit  fdcan.o
    0x080060b4   0x080060b4   0x000001a2   Code   RO          609    .text.HAL_FLASHEx_Erase  stm32g4xx_hal_flash_ex.o
    0x08006256   0x08006256   0x00000002   PAD
    0x08006258   0x08006258   0x00000030   Code   RO          591    .text.HAL_FLASH_Lock  stm32g4xx_hal_flash.o
    0x08006288   0x08006288   0x0000012a   Code   RO          573    .text.HAL_FLASH_Program  stm32g4xx_hal_flash.o
    0x080063b2   0x080063b2   0x00000002   PAD
    0x080063b4   0x080063b4   0x00000056   Code   RO          589    .text.HAL_FLASH_Unlock  stm32g4xx_hal_flash.o
    0x0800640a   0x0800640a   0x00000002   PAD
    0x0800640c   0x0800640c   0x00000368   Code   RO          671    .text.HAL_GPIO_Init  stm32g4xx_hal_gpio.o
    0x08006774   0x08006774   0x0000002e   Code   RO          675    .text.HAL_GPIO_ReadPin  stm32g4xx_hal_gpio.o
    0x080067a2   0x080067a2   0x00000002   PAD
    0x080067a4   0x080067a4   0x0000002c   Code   RO          677    .text.HAL_GPIO_WritePin  stm32g4xx_hal_gpio.o
    0x080067d0   0x080067d0   0x0000000c   Code   RO          415    .text.HAL_GetTick   stm32g4xx_hal.o
    0x080067dc   0x080067dc   0x0000001a   Code   RO          413    .text.HAL_IncTick   stm32g4xx_hal.o
    0x080067f6   0x080067f6   0x00000002   PAD
    0x080067f8   0x080067f8   0x00000030   Code   RO          403    .text.HAL_Init      stm32g4xx_hal.o
    0x08006828   0x08006828   0x00000088   Code   RO          405    .text.HAL_InitTick  stm32g4xx_hal.o
    0x080068b0   0x080068b0   0x00000048   Code   RO          134    .text.HAL_MspInit   stm32g4xx_hal_msp.o
    0x080068f8   0x080068f8   0x00000014   Code   RO          905    .text.HAL_NVIC_EnableIRQ  stm32g4xx_hal_cortex.o
    0x0800690c   0x0800690c   0x0000002e   Code   RO          897    .text.HAL_NVIC_SetPriority  stm32g4xx_hal_cortex.o
    0x0800693a   0x0800693a   0x00000002   PAD
    0x0800693c   0x0800693c   0x00000010   Code   RO          893    .text.HAL_NVIC_SetPriorityGrouping  stm32g4xx_hal_cortex.o
    0x0800694c   0x0800694c   0x000001b4   Code   RO          814    .text.HAL_PWREx_ControlVoltageScaling  stm32g4xx_hal_pwr_ex.o
    0x08006b00   0x08006b00   0x00000012   Code   RO          884    .text.HAL_PWREx_DisableUCPDDeadBattery  stm32g4xx_hal_pwr_ex.o
    0x08006b12   0x08006b12   0x00000002   PAD
    0x08006b14   0x08006b14   0x0000045a   Code   RO          528    .text.HAL_RCCEx_PeriphCLKConfig  stm32g4xx_hal_rcc_ex.o
    0x08006f6e   0x08006f6e   0x00000002   PAD
    0x08006f70   0x08006f70   0x00000326   Code   RO          493    .text.HAL_RCC_ClockConfig  stm32g4xx_hal_rcc.o
    0x08007296   0x08007296   0x00000002   PAD
    0x08007298   0x08007298   0x0000000c   Code   RO          501    .text.HAL_RCC_GetHCLKFreq  stm32g4xx_hal_rcc.o
    0x080072a4   0x080072a4   0x00000026   Code   RO          503    .text.HAL_RCC_GetPCLK1Freq  stm32g4xx_hal_rcc.o
    0x080072ca   0x080072ca   0x00000002   PAD
    0x080072cc   0x080072cc   0x00000026   Code   RO          505    .text.HAL_RCC_GetPCLK2Freq  stm32g4xx_hal_rcc.o
    0x080072f2   0x080072f2   0x00000002   PAD
    0x080072f4   0x080072f4   0x000000fc   Code   RO          497    .text.HAL_RCC_GetSysClockFreq  stm32g4xx_hal_rcc.o
    0x080073f0   0x080073f0   0x000007b6   Code   RO          491    .text.HAL_RCC_OscConfig  stm32g4xx_hal_rcc.o
    0x08007ba6   0x08007ba6   0x00000002   PAD
    0x08007ba8   0x08007ba8   0x00000010   Code   RO          917    .text.HAL_SYSTICK_Config  stm32g4xx_hal_cortex.o
    0x08007bb8   0x08007bb8   0x00000130   Code   RO         1419    .text.HAL_TIMEx_ConfigBreakDeadTime  stm32g4xx_hal_tim_ex.o
    0x08007ce8   0x08007ce8   0x0000013e   Code   RO         1417    .text.HAL_TIMEx_MasterConfigSynchronization  stm32g4xx_hal_tim_ex.o
    0x08007e26   0x08007e26   0x00000002   PAD
    0x08007e28   0x08007e28   0x0000017e   Code   RO         1387    .text.HAL_TIMEx_PWMN_Start  stm32g4xx_hal_tim_ex.o
    0x08007fa6   0x08007fa6   0x00000002   PAD
    0x08007fa8   0x08007fa8   0x000000a8   Code   RO         1100    .text.HAL_TIM_Base_Init  stm32g4xx_hal_tim.o
    0x08008050   0x08008050   0x0000003a   Code   RO           73    .text.HAL_TIM_Base_MspInit  tim.o
    0x0800808a   0x0800808a   0x00000002   PAD
    0x0800808c   0x0800808c   0x000000d6   Code   RO         1110    .text.HAL_TIM_Base_Start  stm32g4xx_hal_tim.o
    0x08008162   0x08008162   0x00000002   PAD
    0x08008164   0x08008164   0x000001d4   Code   RO         1296    .text.HAL_TIM_ConfigClockSource  stm32g4xx_hal_tim.o
    0x08008338   0x08008338   0x000000d0   Code   RO           71    .text.HAL_TIM_MspPostInit  tim.o
    0x08008408   0x08008408   0x000001b0   Code   RO         1270    .text.HAL_TIM_PWM_ConfigChannel  stm32g4xx_hal_tim.o
    0x080085b8   0x080085b8   0x000000a8   Code   RO         1154    .text.HAL_TIM_PWM_Init  stm32g4xx_hal_tim.o
    0x08008660   0x08008660   0x00000008   Code   RO         1156    .text.HAL_TIM_PWM_MspInit  stm32g4xx_hal_tim.o
    0x08008668   0x08008668   0x0000025e   Code   RO         1162    .text.HAL_TIM_PWM_Start  stm32g4xx_hal_tim.o
    0x080088c6   0x080088c6   0x00000002   PAD
    0x080088c8   0x080088c8   0x0000007c   Code   RO         1664    .text.HAL_UARTEx_DisableFifoMode  stm32g4xx_hal_uart_ex.o
    0x08008944   0x08008944   0x000000b0   Code   RO         1674    .text.HAL_UARTEx_ReceiveToIdle_DMA  stm32g4xx_hal_uart_ex.o
    0x080089f4   0x080089f4   0x00000056   Code   RO         1707    .text.HAL_UARTEx_RxEventCallback  usermain.o
    0x08008a4a   0x08008a4a   0x00000002   PAD
    0x08008a4c   0x08008a4c   0x00000008   Code   RO         1646    .text.HAL_UARTEx_RxFifoFullCallback  stm32g4xx_hal_uart_ex.o
    0x08008a54   0x08008a54   0x0000008c   Code   RO         1668    .text.HAL_UARTEx_SetRxFifoThreshold  stm32g4xx_hal_uart_ex.o
    0x08008ae0   0x08008ae0   0x0000008c   Code   RO         1666    .text.HAL_UARTEx_SetTxFifoThreshold  stm32g4xx_hal_uart_ex.o
    0x08008b6c   0x08008b6c   0x00000008   Code   RO         1648    .text.HAL_UARTEx_TxFifoEmptyCallback  stm32g4xx_hal_uart_ex.o
    0x08008b74   0x08008b74   0x00000008   Code   RO         1644    .text.HAL_UARTEx_WakeupCallback  stm32g4xx_hal_uart_ex.o
    0x08008b7c   0x08008b7c   0x00000008   Code   RO         1586    .text.HAL_UART_ErrorCallback  stm32g4xx_hal_uart.o
    0x08008b84   0x08008b84   0x00000596   Code   RO         1582    .text.HAL_UART_IRQHandler  stm32g4xx_hal_uart.o
    0x0800911a   0x0800911a   0x00000002   PAD
    0x0800911c   0x0800911c   0x000000aa   Code   RO         1494    .text.HAL_UART_Init  stm32g4xx_hal_uart.o
    0x080091c6   0x080091c6   0x00000002   PAD
    0x080091c8   0x080091c8   0x00000154   Code   RO           87    .text.HAL_UART_MspInit  usart.o
    0x0800931c   0x0800931c   0x00000008   Code   RO         1596    .text.HAL_UART_RxCpltCallback  stm32g4xx_hal_uart.o
    0x08009324   0x08009324   0x00000008   Code   RO         1598    .text.HAL_UART_RxHalfCpltCallback  stm32g4xx_hal_uart.o
    0x0800932c   0x0800932c   0x00000108   Code   RO         1534    .text.HAL_UART_Transmit_DMA  stm32g4xx_hal_uart.o
    0x08009434   0x08009434   0x00000008   Code   RO         1592    .text.HAL_UART_TxCpltCallback  stm32g4xx_hal_uart.o
    0x0800943c   0x0800943c   0x00000008   Code   RO         1594    .text.HAL_UART_TxHalfCpltCallback  stm32g4xx_hal_uart.o
    0x08009444   0x08009444   0x00000004   Code   RO          103    .text.HardFault_Handler  stm32g4xx_it.o
    0x08009448   0x08009448   0x00000018   Code   RO          148    .text.LL_ADC_DisableDeepPowerDown  stm32g4xx_hal_adc.o
    0x08009460   0x08009460   0x0000001c   Code   RO          278    .text.LL_ADC_Enable  stm32g4xx_hal_adc.o
    0x0800947c   0x0800947c   0x0000001e   Code   RO          152    .text.LL_ADC_EnableInternalRegulator  stm32g4xx_hal_adc.o
    0x0800949a   0x0800949a   0x00000002   PAD
    0x0800949c   0x0800949c   0x00000010   Code   RO          240    .text.LL_ADC_GetCommonPathInternalCh  stm32g4xx_hal_adc.o
    0x080094ac   0x080094ac   0x00000010   Code   RO          375    .text.LL_ADC_GetCommonPathInternalCh  stm32g4xx_hal_adc_ex.o
    0x080094bc   0x080094bc   0x00000010   Code   RO          182    .text.LL_ADC_GetMultiDMATransfer  stm32g4xx_hal_adc.o
    0x080094cc   0x080094cc   0x00000010   Code   RO          172    .text.LL_ADC_GetMultimode  stm32g4xx_hal_adc.o
    0x080094dc   0x080094dc   0x00000010   Code   RO          311    .text.LL_ADC_GetMultimode  stm32g4xx_hal_adc_ex.o
    0x080094ec   0x080094ec   0x0000001e   Code   RO          369    .text.LL_ADC_GetOffsetChannel  stm32g4xx_hal_adc_ex.o
    0x0800950a   0x0800950a   0x00000002   PAD
    0x0800950c   0x0800950c   0x00000010   Code   RO          313    .text.LL_ADC_INJ_GetTrigAuto  stm32g4xx_hal_adc_ex.o
    0x0800951c   0x0800951c   0x00000010   Code   RO          160    .text.LL_ADC_INJ_IsConversionOngoing  stm32g4xx_hal_adc.o
    0x0800952c   0x0800952c   0x00000010   Code   RO          303    .text.LL_ADC_INJ_IsConversionOngoing  stm32g4xx_hal_adc_ex.o
    0x0800953c   0x0800953c   0x00000016   Code   RO          212    .text.LL_ADC_INJ_IsTriggerSourceSWStart  stm32g4xx_hal_adc.o
    0x08009552   0x08009552   0x00000002   PAD
    0x08009554   0x08009554   0x0000001c   Code   RO          315    .text.LL_ADC_INJ_StartConversion  stm32g4xx_hal_adc_ex.o
    0x08009570   0x08009570   0x00000010   Code   RO          146    .text.LL_ADC_IsDeepPowerDownEnabled  stm32g4xx_hal_adc.o
    0x08009580   0x08009580   0x00000010   Code   RO          156    .text.LL_ADC_IsEnabled  stm32g4xx_hal_adc.o
    0x08009590   0x08009590   0x00000010   Code   RO          305    .text.LL_ADC_IsEnabled  stm32g4xx_hal_adc_ex.o
    0x080095a0   0x080095a0   0x00000010   Code   RO          150    .text.LL_ADC_IsInternalRegulatorEnabled  stm32g4xx_hal_adc.o
    0x080095b0   0x080095b0   0x00000010   Code   RO          154    .text.LL_ADC_REG_IsConversionOngoing  stm32g4xx_hal_adc.o
    0x080095c0   0x080095c0   0x00000010   Code   RO          301    .text.LL_ADC_REG_IsConversionOngoing  stm32g4xx_hal_adc_ex.o
    0x080095d0   0x080095d0   0x00000016   Code   RO          184    .text.LL_ADC_REG_IsTriggerSourceSWStart  stm32g4xx_hal_adc.o
    0x080095e6   0x080095e6   0x00000002   PAD
    0x080095e8   0x080095e8   0x00000036   Code   RO          359    .text.LL_ADC_SetChannelSamplingTime  stm32g4xx_hal_adc_ex.o
    0x0800961e   0x0800961e   0x00000002   PAD
    0x08009620   0x08009620   0x00000034   Code   RO          373    .text.LL_ADC_SetChannelSingleDiff  stm32g4xx_hal_adc_ex.o
    0x08009654   0x08009654   0x0000001a   Code   RO          158    .text.LL_ADC_SetCommonClock  stm32g4xx_hal_adc.o
    0x0800966e   0x0800966e   0x00000002   PAD
    0x08009670   0x08009670   0x0000001a   Code   RO          377    .text.LL_ADC_SetCommonPathInternalCh  stm32g4xx_hal_adc_ex.o
    0x0800968a   0x0800968a   0x00000002   PAD
    0x0800968c   0x0800968c   0x0000003c   Code   RO          363    .text.LL_ADC_SetOffset  stm32g4xx_hal_adc_ex.o
    0x080096c8   0x080096c8   0x00000028   Code   RO          367    .text.LL_ADC_SetOffsetSaturation  stm32g4xx_hal_adc_ex.o
    0x080096f0   0x080096f0   0x00000028   Code   RO          365    .text.LL_ADC_SetOffsetSign  stm32g4xx_hal_adc_ex.o
    0x08009718   0x08009718   0x00000028   Code   RO          371    .text.LL_ADC_SetOffsetState  stm32g4xx_hal_adc_ex.o
    0x08009740   0x08009740   0x0000001a   Code   RO          361    .text.LL_ADC_SetSamplingTimeCommonConfig  stm32g4xx_hal_adc_ex.o
    0x0800975a   0x0800975a   0x00000002   PAD
    0x0800975c   0x0800975c   0x0000004c   Code   RO         1798    .text.LPF_Calc      foc_math.o
    0x080097a8   0x080097a8   0x00000058   Code   RO         1796    .text.LPF_Init      foc_math.o
    0x08009800   0x08009800   0x00000054   Code   RO         1842    .text.MT6701_Get_Angle  mt6701.o
    0x08009854   0x08009854   0x00000008   Code   RO         1840    .text.MT6701_Init   mt6701.o
    0x0800985c   0x0800985c   0x000000aa   Code   RO         1836    .text.MT6701_Read_Len  mt6701.o
    0x08009906   0x08009906   0x00000002   PAD
    0x08009908   0x08009908   0x0000011e   Code   RO           33    .text.MX_ADC1_Init  adc.o
    0x08009a26   0x08009a26   0x00000002   PAD
    0x08009a28   0x08009a28   0x0000006a   Code   RO           47    .text.MX_DMA_Init   dma.o
    0x08009a92   0x08009a92   0x00000002   PAD
    0x08009a94   0x08009a94   0x00000054   Code   RO           55    .text.MX_FDCAN1_Init  fdcan.o
    0x08009ae8   0x08009ae8   0x000000b6   Code   RO           25    .text.MX_GPIO_Init  gpio.o
    0x08009b9e   0x08009b9e   0x00000002   PAD
    0x08009ba0   0x08009ba0   0x0000016a   Code   RO           69    .text.MX_TIM1_Init  tim.o
    0x08009d0a   0x08009d0a   0x00000002   PAD
    0x08009d0c   0x08009d0c   0x0000008e   Code   RO           85    .text.MX_USART1_UART_Init  usart.o
    0x08009d9a   0x08009d9a   0x00000002   PAD
    0x08009d9c   0x08009d9c   0x00000004   Code   RO          105    .text.MemManage_Handler  stm32g4xx_it.o
    0x08009da0   0x08009da0   0x00000004   Code   RO          101    .text.NMI_Handler   stm32g4xx_it.o
    0x08009da4   0x08009da4   0x0000006c   Code   RO          903    .text.NVIC_EncodePriority  stm32g4xx_hal_cortex.o
    0x08009e10   0x08009e10   0x000000fe   Code   RO         1794    .text.PID_Calc      foc_math.o
    0x08009f0e   0x08009f0e   0x00000002   PAD
    0x08009f10   0x08009f10   0x00000030   Code   RO         1792    .text.PID_Init      foc_math.o
    0x08009f40   0x08009f40   0x00000002   Code   RO          115    .text.PendSV_Handler  stm32g4xx_it.o
    0x08009f42   0x08009f42   0x00000002   PAD
    0x08009f44   0x08009f44   0x0000009c   Code   RO          495    .text.RCC_GetSysClockFreqFromPLLSource  stm32g4xx_hal_rcc.o
    0x08009fe0   0x08009fe0   0x00000002   Code   RO          111    .text.SVC_Handler   stm32g4xx_it.o
    0x08009fe2   0x08009fe2   0x00000002   PAD
    0x08009fe4   0x08009fe4   0x00000052   Code   RO          919    .text.SysTick_Config  stm32g4xx_hal_cortex.o
    0x0800a036   0x0800a036   0x00000002   PAD
    0x0800a038   0x0800a038   0x00000008   Code   RO          117    .text.SysTick_Handler  stm32g4xx_it.o
    0x0800a040   0x0800a040   0x00000078   Code   RO           13    .text.SystemClock_Config  main.o
    0x0800a0b8   0x0800a0b8   0x00000012   Code   RO         1687    .text.SystemInit    system_stm32g4xx.o
    0x0800a0ca   0x0800a0ca   0x00000002   PAD
    0x0800a0cc   0x0800a0cc   0x00000196   Code   RO         1104    .text.TIM_Base_SetConfig  stm32g4xx_hal_tim.o
    0x0800a262   0x0800a262   0x00000002   PAD
    0x0800a264   0x0800a264   0x00000036   Code   RO         1138    .text.TIM_CCxChannelCmd  stm32g4xx_hal_tim.o
    0x0800a29a   0x0800a29a   0x00000002   PAD
    0x0800a29c   0x0800a29c   0x00000036   Code   RO         1371    .text.TIM_CCxNChannelCmd  stm32g4xx_hal_tim_ex.o
    0x0800a2d2   0x0800a2d2   0x00000002   PAD
    0x0800a2d4   0x0800a2d4   0x00000034   Code   RO         1294    .text.TIM_ETR_SetConfig  stm32g4xx_hal_tim.o
    0x0800a308   0x0800a308   0x00000030   Code   RO         1300    .text.TIM_ITRx_SetConfig  stm32g4xx_hal_tim.o
    0x0800a338   0x0800a338   0x00000154   Code   RO         1248    .text.TIM_OC1_SetConfig  stm32g4xx_hal_tim.o
    0x0800a48c   0x0800a48c   0x00000170   Code   RO         1250    .text.TIM_OC2_SetConfig  stm32g4xx_hal_tim.o
    0x0800a5fc   0x0800a5fc   0x0000016e   Code   RO         1252    .text.TIM_OC3_SetConfig  stm32g4xx_hal_tim.o
    0x0800a76a   0x0800a76a   0x00000002   PAD
    0x0800a76c   0x0800a76c   0x00000170   Code   RO         1254    .text.TIM_OC4_SetConfig  stm32g4xx_hal_tim.o
    0x0800a8dc   0x0800a8dc   0x000000d2   Code   RO         1256    .text.TIM_OC5_SetConfig  stm32g4xx_hal_tim.o
    0x0800a9ae   0x0800a9ae   0x00000002   PAD
    0x0800a9b0   0x0800a9b0   0x000000d4   Code   RO         1258    .text.TIM_OC6_SetConfig  stm32g4xx_hal_tim.o
    0x0800aa84   0x0800aa84   0x00000050   Code   RO         1298    .text.TIM_TI1_ConfigInputStage  stm32g4xx_hal_tim.o
    0x0800aad4   0x0800aad4   0x00000052   Code   RO         1302    .text.TIM_TI2_ConfigInputStage  stm32g4xx_hal_tim.o
    0x0800ab26   0x0800ab26   0x00000002   PAD
    0x0800ab28   0x0800ab28   0x00000086   Code   RO         1662    .text.UARTEx_SetNbDataToProcess  stm32g4xx_hal_uart_ex.o
    0x0800abae   0x0800abae   0x00000002   PAD
    0x0800abb0   0x0800abb0   0x00000148   Code   RO         1498    .text.UART_AdvFeatureConfig  stm32g4xx_hal_uart.o
    0x0800acf8   0x0800acf8   0x00000146   Code   RO         1502    .text.UART_CheckIdleState  stm32g4xx_hal_uart.o
    0x0800ae3e   0x0800ae3e   0x00000002   PAD
    0x0800ae40   0x0800ae40   0x0000001e   Code   RO         1584    .text.UART_DMAAbortOnError  stm32g4xx_hal_uart.o
    0x0800ae5e   0x0800ae5e   0x00000002   PAD
    0x0800ae60   0x0800ae60   0x00000080   Code   RO         1540    .text.UART_DMAError  stm32g4xx_hal_uart.o
    0x0800aee0   0x0800aee0   0x000000f8   Code   RO         1630    .text.UART_DMAReceiveCplt  stm32g4xx_hal_uart.o
    0x0800afd8   0x0800afd8   0x00000036   Code   RO         1632    .text.UART_DMARxHalfCplt  stm32g4xx_hal_uart.o
    0x0800b00e   0x0800b00e   0x00000002   PAD
    0x0800b010   0x0800b010   0x0000007c   Code   RO         1536    .text.UART_DMATransmitCplt  stm32g4xx_hal_uart.o
    0x0800b08c   0x0800b08c   0x00000016   Code   RO         1538    .text.UART_DMATxHalfCplt  stm32g4xx_hal_uart.o
    0x0800b0a2   0x0800b0a2   0x00000002   PAD
    0x0800b0a4   0x0800b0a4   0x0000009e   Code   RO         1554    .text.UART_EndRxTransfer  stm32g4xx_hal_uart.o
    0x0800b142   0x0800b142   0x00000002   PAD
    0x0800b144   0x0800b144   0x00000044   Code   RO         1590    .text.UART_EndTransmit_IT  stm32g4xx_hal_uart.o
    0x0800b188   0x0800b188   0x0000005c   Code   RO         1552    .text.UART_EndTxTransfer  stm32g4xx_hal_uart.o
    0x0800b1e4   0x0800b1e4   0x00000570   Code   RO         1500    .text.UART_SetConfig  stm32g4xx_hal_uart.o
    0x0800b754   0x0800b754   0x0000012e   Code   RO         1544    .text.UART_Start_Receive_DMA  stm32g4xx_hal_uart.o
    0x0800b882   0x0800b882   0x00000002   PAD
    0x0800b884   0x0800b884   0x0000010c   Code   RO         1516    .text.UART_WaitOnFlagUntilTimeout  stm32g4xx_hal_uart.o
    0x0800b990   0x0800b990   0x00000010   Code   RO          125    .text.USART1_IRQHandler  stm32g4xx_it.o
    0x0800b9a0   0x0800b9a0   0x00000004   Code   RO          109    .text.UsageFault_Handler  stm32g4xx_it.o
    0x0800b9a4   0x0800b9a4   0x00000050   Code   RO         1848    .text._IIC_Ack      mt6701.o
    0x0800b9f4   0x0800b9f4   0x00000026   Code   RO         1844    .text._IIC_Delay    mt6701.o
    0x0800ba1a   0x0800ba1a   0x00000002   PAD
    0x0800ba1c   0x0800ba1c   0x00000008   Code   RO         1824    .text._IIC_GPIO_Init  mt6701.o
    0x0800ba24   0x0800ba24   0x00000040   Code   RO         1846    .text._IIC_NAck     mt6701.o
    0x0800ba64   0x0800ba64   0x00000094   Code   RO         1838    .text._IIC_Read_Byte  mt6701.o
    0x0800baf8   0x0800baf8   0x000000ae   Code   RO         1832    .text._IIC_Send_Byte  mt6701.o
    0x0800bba6   0x0800bba6   0x00000002   PAD
    0x0800bba8   0x0800bba8   0x00000050   Code   RO         1830    .text._IIC_Start    mt6701.o
    0x0800bbf8   0x0800bbf8   0x00000038   Code   RO         1826    .text._IIC_Stop     mt6701.o
    0x0800bc30   0x0800bc30   0x00000066   Code   RO         1834    .text._IIC_Wait_Ack  mt6701.o
    0x0800bc96   0x0800bc96   0x00000002   PAD
    0x0800bc98   0x0800bc98   0x00000030   Code   RO          907    .text.__NVIC_EnableIRQ  stm32g4xx_hal_cortex.o
    0x0800bcc8   0x0800bcc8   0x00000010   Code   RO          899    .text.__NVIC_GetPriorityGrouping  stm32g4xx_hal_cortex.o
    0x0800bcd8   0x0800bcd8   0x00000042   Code   RO          901    .text.__NVIC_SetPriority  stm32g4xx_hal_cortex.o
    0x0800bd1a   0x0800bd1a   0x00000002   PAD
    0x0800bd1c   0x0800bd1c   0x0000003c   Code   RO          895    .text.__NVIC_SetPriorityGrouping  stm32g4xx_hal_cortex.o
    0x0800bd58   0x0800bd58   0x00000108   Code   RO         1761    .text.abc_2_dq      coordinate_transform.o
    0x0800be60   0x0800be60   0x00000024   Code   RO         1875    .text.command_add_readindex  ringbuffer.o
    0x0800be84   0x0800be84   0x000000f0   Code   RO         1871    .text.command_get_command  ringbuffer.o
    0x0800bf74   0x0800bf74   0x00000026   Code   RO         1879    .text.command_get_length  ringbuffer.o
    0x0800bf9a   0x0800bf9a   0x00000002   PAD
    0x0800bf9c   0x0800bf9c   0x0000000e   Code   RO         1877    .text.command_get_remain  ringbuffer.o
    0x0800bfaa   0x0800bfaa   0x00000002   PAD
    0x0800bfac   0x0800bfac   0x00000030   Code   RO         1873    .text.command_read  ringbuffer.o
    0x0800bfdc   0x0800bfdc   0x000000c6   Code   RO         1869    .text.command_write  ringbuffer.o
    0x0800c0a2   0x0800c0a2   0x00000002   PAD
    0x0800c0a4   0x0800c0a4   0x000000e8   Code   RO         1767    .text.dq_2_abc      coordinate_transform.o
    0x0800c18c   0x0800c18c   0x000000e0   Code   RO         1808    .text.e_svpwm       svpwm.o
    0x0800c26c   0x0800c26c   0x0000007e   Code   RO         1780    .text.get_max       foc_math.o
    0x0800c2ea   0x0800c2ea   0x00000002   PAD
    0x0800c2ec   0x0800c2ec   0x00000068   Code   RO         1784    .text.get_middle    foc_math.o
    0x0800c354   0x0800c354   0x0000007e   Code   RO         1782    .text.get_min       foc_math.o
    0x0800c3d2   0x0800c3d2   0x00000002   PAD
    0x0800c3d4   0x0800c3d4   0x00000250   Code   RO         1703    .text.init          usermain.o
    0x0800c624   0x0800c624   0x00000030   Code   RO           11    .text.main          main.o
    0x0800c654   0x0800c654   0x00000094   Code   RO         1778    .text.normalize     foc_math.o
    0x0800c6e8   0x0800c6e8   0x00000adc   Code   RO         1701    .text.usermain      usermain.o
    0x0800d1c4   0x0800d1c4   0x0000003e   Code   RO         2190    CL$$btod_d2e        c_w.l(btod.o)
    0x0800d202   0x0800d202   0x00000046   Code   RO         2192    CL$$btod_d2e_denorm_low  c_w.l(btod.o)
    0x0800d248   0x0800d248   0x00000060   Code   RO         2191    CL$$btod_d2e_norm_op1  c_w.l(btod.o)
    0x0800d2a8   0x0800d2a8   0x00000338   Code   RO         2200    CL$$btod_div_common  c_w.l(btod.o)
    0x0800d5e0   0x0800d5e0   0x00000084   Code   RO         2198    CL$$btod_e2d        c_w.l(btod.o)
    0x0800d664   0x0800d664   0x000000dc   Code   RO         2197    CL$$btod_e2e        c_w.l(btod.o)
    0x0800d740   0x0800d740   0x0000002a   Code   RO         2194    CL$$btod_ediv       c_w.l(btod.o)
    0x0800d76a   0x0800d76a   0x0000002a   Code   RO         2196    CL$$btod_edivd      c_w.l(btod.o)
    0x0800d794   0x0800d794   0x0000002a   Code   RO         2193    CL$$btod_emul       c_w.l(btod.o)
    0x0800d7be   0x0800d7be   0x0000002a   Code   RO         2195    CL$$btod_emuld      c_w.l(btod.o)
    0x0800d7e8   0x0800d7e8   0x00000244   Code   RO         2199    CL$$btod_mult_common  c_w.l(btod.o)
    0x0800da2c   0x0800da2c   0x00000030   Code   RO         2244    i.__ARM_fpclassify  m_wm.l(fpclassify.o)
    0x0800da5c   0x0800da5c   0x00000026   Code   RO         2096    i.__ARM_fpclassifyf  m_wm.l(fpclassifyf.o)
    0x0800da82   0x0800da82   0x00000006   PAD
    0x0800da88   0x0800da88   0x000000f8   Code   RO         2246    i.__hardfp___mathlib_tofloat  m_wm.l(narrow.o)
    0x0800db80   0x0800db80   0x00000150   Code   RO         1947    i.__hardfp_cosf     m_wm.l(cosf.o)
    0x0800dcd0   0x0800dcd0   0x000000d0   Code   RO         2359    i.__hardfp_ldexp    m_wm.l(ldexp.o)
    0x0800dda0   0x0800dda0   0x00000190   Code   RO         1953    i.__hardfp_sinf     m_wm.l(sinf.o)
    0x0800df30   0x0800df30   0x00000020   Code   RO         2389    i.__mathlib_dbl_overflow  m_wm.l(dunder.o)
    0x0800df50   0x0800df50   0x00000020   Code   RO         2391    i.__mathlib_dbl_underflow  m_wm.l(dunder.o)
    0x0800df70   0x0800df70   0x00000006   Code   RO         2099    i.__mathlib_flt_infnan  m_wm.l(funder.o)
    0x0800df76   0x0800df76   0x00000002   PAD
    0x0800df78   0x0800df78   0x00000010   Code   RO         2101    i.__mathlib_flt_invalid  m_wm.l(funder.o)
    0x0800df88   0x0800df88   0x00000010   Code   RO         2104    i.__mathlib_flt_underflow  m_wm.l(funder.o)
    0x0800df98   0x0800df98   0x00000012   Code   RO         2247    i.__mathlib_narrow  m_wm.l(narrow.o)
    0x0800dfaa   0x0800dfaa   0x00000002   PAD
    0x0800dfac   0x0800dfac   0x00000154   Code   RO         2112    i.__mathlib_rredf2  m_wm.l(rredf.o)
    0x0800e100   0x0800e100   0x00000014   Code   RO         2361    i.__support_ldexp   m_wm.l(ldexp.o)
    0x0800e114   0x0800e114   0x0000000e   Code   RO         2030    i._is_digit         c_w.l(__printf_wp.o)
    0x0800e122   0x0800e122   0x00000006   PAD
    0x0800e128   0x0800e128   0x0000008c   Code   RO         2324    i.frexp             m_wm.l(frexp.o)
    0x0800e1b4   0x0800e1b4   0x0000002c   Code   RO         2218    locale$$code        c_w.l(lc_numeric_c.o)
    0x0800e1e0   0x0800e1e0   0x0000002c   Code   RO         2265    locale$$code        c_w.l(lc_ctype_c.o)
    0x0800e20c   0x0800e20c   0x00000062   Code   RO         2316    x$fpl$d2f           fz_wm.l(d2f.o)
    0x0800e26e   0x0800e26e   0x00000002   PAD
    0x0800e270   0x0800e270   0x00000010   Code   RO         2447    x$fpl$dcheck1       fz_wm.l(dcheck1.o)
    0x0800e280   0x0800e280   0x00000018   Code   RO         2347    x$fpl$dcmpinf       fz_wm.l(dcmpi.o)
    0x0800e298   0x0800e298   0x00000078   Code   RO         2318    x$fpl$deqf          fz_wm.l(deqf.o)
    0x0800e310   0x0800e310   0x00000078   Code   RO         2349    x$fpl$dleqf         fz_wm.l(dleqf.o)
    0x0800e388   0x0800e388   0x00000154   Code   RO         2351    x$fpl$dmul          fz_wm.l(dmul.o)
    0x0800e4dc   0x0800e4dc   0x0000009c   Code   RO         2353    x$fpl$dnaninf       fz_wm.l(dnaninf.o)
    0x0800e578   0x0800e578   0x0000000c   Code   RO         2081    x$fpl$dretinf       fz_wm.l(dretinf.o)
    0x0800e584   0x0800e584   0x0000006c   Code   RO         2320    x$fpl$drleqf        fz_wm.l(drleqf.o)
    0x0800e5f0   0x0800e5f0   0x00000056   Code   RO         1945    x$fpl$f2d           fz_wm.l(f2d.o)
    0x0800e646   0x0800e646   0x0000008c   Code   RO         2083    x$fpl$fnaninf       fz_wm.l(fnaninf.o)
    0x0800e6d2   0x0800e6d2   0x0000001a   Code   RO         2355    x$fpl$fpinit        fz_wm.l(fpinit.o)
    0x0800e6ec   0x0800e6ec   0x0000000a   Code   RO         2357    x$fpl$fretinf       fz_wm.l(fretinf.o)
    0x0800e6f6   0x0800e6f6   0x00000006   Code   RO         2236    x$fpl$ieeestatus    fz_wm.l(istatus.o)
    0x0800e6fc   0x0800e6fc   0x00000004   Code   RO         2085    x$fpl$printf1       fz_wm.l(printf1.o)
    0x0800e700   0x0800e700   0x00000004   Code   RO         2087    x$fpl$printf2       fz_wm.l(printf2.o)
    0x0800e704   0x0800e704   0x00000064   Code   RO         2453    x$fpl$retnan        fz_wm.l(retnan.o)
    0x0800e768   0x0800e768   0x0000005c   Code   RO         2383    x$fpl$scalbn        fz_wm.l(scalbn.o)
    0x0800e7c4   0x0800e7c4   0x00000004   Code   RO         2093    x$fpl$scanf1        fz_wm.l(scanf1.o)
    0x0800e7c8   0x0800e7c8   0x00000008   Code   RO         2238    x$fpl$scanf2        fz_wm.l(scanf2.o)
    0x0800e7d0   0x0800e7d0   0x00000030   Code   RO         2455    x$fpl$trapveneer    fz_wm.l(trapv.o)
    0x0800e800   0x0800e800   0x00000000   Code   RO         2095    x$fpl$usenofp       fz_wm.l(usenofp.o)
    0x0800e800   0x0800e800   0x00000008   Data   RO         1989    .constdata          c_w.l(_printf_wctomb.o)
    0x0800e808   0x0800e808   0x00000028   Data   RO         2018    .constdata          c_w.l(_printf_hex_int_ll_ptr.o)
    0x0800e830   0x0800e830   0x00000011   Data   RO         2038    .constdata          c_w.l(__printf_flags_ss_wp.o)
    0x0800e841   0x0800e841   0x00000003   PAD
    0x0800e844   0x0800e844   0x00000020   Data   RO         2113    .constdata          m_wm.l(rredf.o)
    0x0800e864   0x0800e864   0x00000026   Data   RO         2148    .constdata          c_w.l(_printf_fp_hex.o)
    0x0800e88a   0x0800e88a   0x00000002   PAD
    0x0800e88c   0x0800e88c   0x00000094   Data   RO         2188    .constdata          c_w.l(bigflt0.o)
    0x0800e920   0x0800e920   0x00000010   Data   RO         1692    .rodata.AHBPrescTable  system_stm32g4xx.o
    0x0800e930   0x0800e930   0x00000008   Data   RO         1693    .rodata.APBPrescTable  system_stm32g4xx.o
    0x0800e938   0x0800e938   0x00000008   Data   RO         1679    .rodata.UARTEx_SetNbDataToProcess.denominator  stm32g4xx_hal_uart_ex.o
    0x0800e940   0x0800e940   0x00000008   Data   RO         1678    .rodata.UARTEx_SetNbDataToProcess.numerator  stm32g4xx_hal_uart_ex.o
    0x0800e948   0x0800e948   0x00000018   Data   RO         1634    .rodata.UARTPrescTable  stm32g4xx_hal_uart.o
    0x0800e960   0x0800e960   0x000002e7   Data   RO         1718    .rodata.str1.1      usermain.o
    0x0800ec47   0x0800ec47   0x00000001   PAD
    0x0800ec48   0x0800ec48   0x00000020   Data   RO         2458    Region$$Table       anon$$obj.o
    0x0800ec68   0x0800ec68   0x00000008   Data   RO         2232    c$$dinf             fz_wm.l(fpconst.o)
    0x0800ec70   0x0800ec70   0x00000008   Data   RO         2235    c$$dmax             fz_wm.l(fpconst.o)
    0x0800ec78   0x0800ec78   0x0000001c   Data   RO         2217    locale$$data        c_w.l(lc_numeric_c.o)
    0x0800ec94   0x0800ec94   0x00000110   Data   RO         2264    locale$$data        c_w.l(lc_ctype_c.o)


    Execution Region RW_IRAM1 (Exec base: 0x20000000, Load base: 0x0800eda8, Size: 0x00000d98, Max: 0x00008000, ABSOLUTE)

    Exec Addr    Load Addr    Size         Type   Attr      Idx    E Section Name        Object

    0x20000000   0x0800eda8   0x00000004   Data   RW         1691    .data.SystemCoreClock  system_stm32g4xx.o
    0x20000004   0x0800edac   0x00000004   Data   RW         1914    .data.encoder_direct  flash_save.o
    0x20000008   0x0800edb0   0x00000004   Data   RW         1915    .data.encoder_offset  flash_save.o
    0x2000000c   0x0800edb4   0x00000008   Data   RW         1719    .data.encoder_type_str  usermain.o
    0x20000014   0x0800edbc   0x00000004   Data   RW         1908    .data.f_c           flash_save.o
    0x20000018   0x0800edc0   0x00000004   Data   RW         1910    .data.id_pi_ki      flash_save.o
    0x2000001c   0x0800edc4   0x00000004   Data   RW         1909    .data.id_pi_kp      flash_save.o
    0x20000020   0x0800edc8   0x00000004   Data   RW         1912    .data.iq_pi_ki      flash_save.o
    0x20000024   0x0800edcc   0x00000004   Data   RW         1911    .data.iq_pi_kp      flash_save.o
    0x20000028   0x0800edd0   0x00000020   Data   RW          601    .data.pFlash        stm32g4xx_hal_flash.o
    0x20000048   0x0800edf0   0x00000001   Data   RW         1913    .data.pole_pairs    flash_save.o
    0x20000049   0x0800edf1   0x00000003   PAD
    0x2000004c   0x0800edf4   0x00000004   Data   RW         1903    .data.position_pid_kd  flash_save.o
    0x20000050   0x0800edf8   0x00000004   Data   RW         1902    .data.position_pid_ki  flash_save.o
    0x20000054   0x0800edfc   0x00000004   Data   RW         1901    .data.position_pid_kp  flash_save.o
    0x20000058   0x0800ee00   0x00000004   Data   RW         1904    .data.position_pid_maxoutput  flash_save.o
    0x2000005c   0x0800ee04   0x00000004   Data   RW         1906    .data.speed_pi_ki   flash_save.o
    0x20000060   0x0800ee08   0x00000004   Data   RW         1905    .data.speed_pi_kp   flash_save.o
    0x20000064   0x0800ee0c   0x00000004   Data   RW         1907    .data.speed_pi_maxoutput  flash_save.o
    0x20000068   0x0800ee10   0x00000001   Data   RW         1714    .data.system_uart_state  usermain.o
    0x20000069   0x0800ee11   0x00000003   PAD
    0x2000006c   0x0800ee14   0x00000004   Data   RW         1717    .data.u_dc          usermain.o
    0x20000070   0x0800ee18   0x00000004   Data   RW          480    .data.uwTickFreq    stm32g4xx_hal.o
    0x20000074   0x0800ee1c   0x00000004   Data   RW          479    .data.uwTickPrio    stm32g4xx_hal.o
    0x20000078        -       0x00000060   Zero   RW         2172    .bss                c_w.l(libspace.o)
    0x200000d8        -       0x00000001   Zero   RW         1861    .bss.Encoder_Get_Angle_Speed.total_num  encoder.o
    0x200000d9   0x0800ee20   0x00000003   PAD
    0x200000dc        -       0x00000004   Zero   RW         1731    .bss.HAL_ADCEx_InjectedConvCpltCallback.adc_cnt  usermain.o
    0x200000e0        -       0x00000004   Zero   RW         1733    .bss.HAL_ADCEx_InjectedConvCpltCallback.adc_ia  usermain.o
    0x200000e4        -       0x00000004   Zero   RW         1734    .bss.HAL_ADCEx_InjectedConvCpltCallback.adc_ia_offset  usermain.o
    0x200000e8        -       0x00000004   Zero   RW         1732    .bss.HAL_ADCEx_InjectedConvCpltCallback.adc_ia_offset_sum  usermain.o
    0x200000ec        -       0x00000004   Zero   RW         1736    .bss.HAL_ADCEx_InjectedConvCpltCallback.adc_ib  usermain.o
    0x200000f0        -       0x00000004   Zero   RW         1737    .bss.HAL_ADCEx_InjectedConvCpltCallback.adc_ib_offset  usermain.o
    0x200000f4        -       0x00000004   Zero   RW         1735    .bss.HAL_ADCEx_InjectedConvCpltCallback.adc_ib_offset_sum  usermain.o
    0x200000f8        -       0x00000004   Zero   RW         1739    .bss.HAL_ADCEx_InjectedConvCpltCallback.adc_ic  usermain.o
    0x200000fc        -       0x00000004   Zero   RW         1740    .bss.HAL_ADCEx_InjectedConvCpltCallback.adc_ic_offset  usermain.o
    0x20000100        -       0x00000004   Zero   RW         1738    .bss.HAL_ADCEx_InjectedConvCpltCallback.adc_ic_offset_sum  usermain.o
    0x20000104        -       0x00000004   Zero   RW         1742    .bss.HAL_ADCEx_InjectedConvCpltCallback.offset_read_num  usermain.o
    0x20000108        -       0x00000004   Zero   RW         1743    .bss.HAL_ADCEx_InjectedConvCpltCallback.offset_theta_1  usermain.o
    0x2000010c        -       0x00000004   Zero   RW         1744    .bss.HAL_ADCEx_InjectedConvCpltCallback.offset_theta_2  usermain.o
    0x20000110        -       0x00000004   Zero   RW         1745    .bss.HAL_ADCEx_InjectedConvCpltCallback.offset_theta_3  usermain.o
    0x20000114        -       0x00000080   Zero   RW         1883    .bss.buffer         ringbuffer.o
    0x20000194        -       0x00000032   Zero   RW         1721    .bss.command        usermain.o
    0x200001c6   0x0800ee20   0x00000002   PAD
    0x200001c8        -       0x0000000c   Zero   RW         1750    .bss.duty_abc       usermain.o
    0x200001d4        -       0x00000028   Zero   RW         1729    .bss.encoder        usermain.o
    0x200001fc        -       0x00000001   Zero   RW         1916    .bss.encoder_type   flash_save.o
    0x200001fd        -       0x0000000a   Zero   RW         1728    .bss.encoder_type_rxstr  usermain.o
    0x20000207   0x0800ee20   0x00000001   PAD
    0x20000208        -       0x0000006c   Zero   RW           39    .bss.hadc1          adc.o
    0x20000274        -       0x00000060   Zero   RW           92    .bss.hdma_usart1_rx  usart.o
    0x200002d4        -       0x00000060   Zero   RW           93    .bss.hdma_usart1_tx  usart.o
    0x20000334        -       0x00000064   Zero   RW           61    .bss.hfdcan1        fdcan.o
    0x20000398        -       0x0000004c   Zero   RW           77    .bss.htim1          tim.o
    0x200003e4        -       0x00000094   Zero   RW           91    .bss.huart1         usart.o
    0x20000478        -       0x0000000c   Zero   RW         1741    .bss.i_abc          usermain.o
    0x20000484        -       0x00000008   Zero   RW         1746    .bss.i_dq           usermain.o
    0x2000048c        -       0x00000008   Zero   RW         1747    .bss.i_dql          usermain.o
    0x20000494        -       0x00000018   Zero   RW         1726    .bss.id_lpf         usermain.o
    0x200004ac        -       0x0000002c   Zero   RW         1724    .bss.id_pi          usermain.o
    0x200004d8        -       0x00000018   Zero   RW         1727    .bss.iq_lpf         usermain.o
    0x200004f0        -       0x0000002c   Zero   RW         1725    .bss.iq_pi          usermain.o
    0x2000051c        -       0x0000002c   Zero   RW         1722    .bss.position_pid   usermain.o
    0x20000548        -       0x00000004   Zero   RW         1716    .bss.position_ref   usermain.o
    0x2000054c        -       0x00000001   Zero   RW         1881    .bss.readIndex      ringbuffer.o
    0x2000054d   0x0800ee20   0x00000003   PAD
    0x20000550        -       0x0000002c   Zero   RW         1723    .bss.speed_pi       usermain.o
    0x2000057c        -       0x00000004   Zero   RW         1715    .bss.speed_ref      usermain.o
    0x20000580        -       0x00000001   Zero   RW         1712    .bss.system_run_state  usermain.o
    0x20000581        -       0x00000001   Zero   RW         1710    .bss.system_sample_state  usermain.o
    0x20000582        -       0x00000001   Zero   RW         1711    .bss.system_state   usermain.o
    0x20000583        -       0x00000001   Zero   RW         1713    .bss.system_test_state  usermain.o
    0x20000584        -       0x0000000c   Zero   RW         1749    .bss.u_abc          usermain.o
    0x20000590        -       0x00000008   Zero   RW         1748    .bss.u_dq           usermain.o
    0x20000598        -       0x00000064   Zero   RW         1751    .bss.uart_rx_buf    usermain.o
    0x200005fc        -       0x00000190   Zero   RW         1730    .bss.uart_tx_buf    usermain.o
    0x2000078c        -       0x00000001   Zero   RW         1720    .bss.usermain.command_length  usermain.o
    0x2000078d   0x0800ee20   0x00000003   PAD
    0x20000790        -       0x00000004   Zero   RW          481    .bss.uwTick         stm32g4xx_hal.o
    0x20000794        -       0x00000001   Zero   RW         1882    .bss.writeIndex     ringbuffer.o
    0x20000795   0x0800ee20   0x00000003   PAD
    0x20000798        -       0x00000200   Zero   RW            2    HEAP                startup_stm32g431xx.o
    0x20000998        -       0x00000400   Zero   RW            1    STACK               startup_stm32g431xx.o


==============================================================================

Image component sizes


      Code (inc. data)   RO Data    RW Data    ZI Data      Debug   Object Name

       466          0          0          0        108       9197   adc.o
       496         16          0          0          0       1965   coordinate_transform.o
       106          0          0          0          0       3234   dma.o
       380         28          0          0          1       1556   encoder.o
       256          0          0          0        100       5412   fdcan.o
      1418          0          0         57          1       4219   flash_save.o
       970         20          0          0          0       3584   foc_math.o
       182          0          0          0          0       2330   gpio.o
       182          0          0          0          0       1647   main.o
      1012          8          0          0          0       3470   mt6701.o
       574          0          0          0        130       1905   ringbuffer.o
        64         26        472          0       1536        832   startup_stm32g431xx.o
       288          0          0          8          4       8391   stm32g4xx_hal.o
      2562          0          0          0          0      21909   stm32g4xx_hal_adc.o
      3900          0          0          0          0      19335   stm32g4xx_hal_adc_ex.o
       478          0          0          0          0       9354   stm32g4xx_hal_cortex.o
      1572          0          0          0          0       7703   stm32g4xx_hal_dma.o
       874          0          0          0          0      18594   stm32g4xx_hal_fdcan.o
       830          0          0         32          0       5530   stm32g4xx_hal_flash.o
       700          0          0          0          0       7314   stm32g4xx_hal_flash_ex.o
       962          0          0          0          0       5284   stm32g4xx_hal_gpio.o
        72          0          0          0          0       1612   stm32g4xx_hal_msp.o
       454          0          0          0          0       7766   stm32g4xx_hal_pwr_ex.o
      3276          0          0          0          0       9348   stm32g4xx_hal_rcc.o
      1114          0          0          0          0      10873   stm32g4xx_hal_rcc_ex.o
      4650         22          0          0          0      37657   stm32g4xx_hal_tim.o
      1058          0          0          0          0      21538   stm32g4xx_hal_tim_ex.o
      5444         48         24          0          0      27210   stm32g4xx_hal_uart.o
       738          0         16          0          0       8826   stm32g4xx_hal_uart_ex.o
        98          0          0          0          0       1380   stm32g4xx_it.o
       224          0          0          0          0        908   svpwm.o
        18          0         24          4          0       2664   system_stm32g4xx.o
       628          0          0          0         76       7437   tim.o
       482          0          0          0        340       8307   usart.o
      5894         60        743         13        953      11685   usermain.o

    ----------------------------------------------------------------------
     42576        228       1312        120       3264     299976   Object Totals
         0          0         32          0          0          0   (incl. Generated)
       154          0          1          6         15          0   (incl. Padding)

    ----------------------------------------------------------------------

      Code (inc. data)   RO Data    RW Data    ZI Data      Debug   Library Member Name

         8          0          0          0          0         68   __main.o
       392          4         17          0          0         92   __printf_flags_ss_wp.o
        14          0          0          0          0         68   __printf_wp.o
         0          0          0          0          0          0   __rtentry.o
        12          0          0          0          0          0   __rtentry2.o
         6          0          0          0          0          0   __rtentry4.o
        52          8          0          0          0          0   __scatter.o
        26          0          0          0          0          0   __scatter_copy.o
        28          0          0          0          0          0   __scatter_zi.o
        72          0          0          0          0         96   _c16rtomb.o
        28          0          0          0          0         68   _chval.o
        64          0          0          0          0         84   _mbrtoc16.o
         6          0          0          0          0          0   _printf_a.o
         6          0          0          0          0          0   _printf_c.o
        44          0          0          0          0        108   _printf_char.o
        48          6          0          0          0         96   _printf_char_common.o
        40          0          0          0          0         68   _printf_charcount.o
         6          0          0          0          0          0   _printf_d.o
       120         16          0          0          0         92   _printf_dec.o
         6          0          0          0          0          0   _printf_e.o
         6          0          0          0          0          0   _printf_f.o
      1052          0          0          0          0        148   _printf_fp_dec.o
       764          8         38          0          0        100   _printf_fp_hex.o
       128         16          0          0          0         84   _printf_fp_infnan.o
         6          0          0          0          0          0   _printf_g.o
       148          4         40          0          0        160   _printf_hex_int_ll_ptr.o
         6          0          0          0          0          0   _printf_i.o
       178          0          0          0          0         88   _printf_intcommon.o
        10          0          0          0          0          0   _printf_l.o
         6          0          0          0          0          0   _printf_lc.o
        10          0          0          0          0          0   _printf_ll.o
         6          0          0          0          0          0   _printf_lld.o
         6          0          0          0          0          0   _printf_lli.o
         6          0          0          0          0          0   _printf_llo.o
         6          0          0          0          0          0   _printf_llu.o
         6          0          0          0          0          0   _printf_llx.o
       124         16          0          0          0         92   _printf_longlong_dec.o
         6          0          0          0          0          0   _printf_ls.o
         6          0          0          0          0          0   _printf_n.o
         6          0          0          0          0          0   _printf_o.o
       112          8          0          0          0        124   _printf_oct_int_ll.o
         6          0          0          0          0          0   _printf_p.o
        78          0          0          0          0        108   _printf_pad.o
         0          0          0          0          0          0   _printf_percent.o
         4          0          0          0          0          0   _printf_percent_end.o
         6          0          0          0          0          0   _printf_s.o
        82          0          0          0          0         80   _printf_str.o
        36          0          0          0          0         84   _printf_truncate.o
         6          0          0          0          0          0   _printf_u.o
        44          0          0          0          0        108   _printf_wchar.o
       188          6          8          0          0         92   _printf_wctomb.o
         6          0          0          0          0          0   _printf_x.o
        22          0          0          0          0        100   _rserrno.o
       884          6          0          0          0        100   _scanf.o
       332          0          0          0          0         96   _scanf_int.o
       342          0          0          0          0        100   _scanf_longlong.o
       276          0          0          0          0        100   _scanf_mbtowc.o
       224          0          0          0          0         96   _scanf_str.o
        30          0          0          0          0         76   _scanf_wcharmap.o
       232          0          0          0          0        100   _scanf_wctomb.o
       208          0          0          0          0         96   _scanf_wstr.o
        64          0          0          0          0         84   _sgetc.o
        10          0          0          0          0         68   _sputc.o
       228          4        148          0          0         96   bigflt0.o
      2152        136          0          0          0        956   btod.o
        18          0          0          0          0         80   exit.o
         6          0          0          0          0        152   heapauxi.o
         0          0          0          0          0          0   indicate_semi.o
        18          0          0          0          0         76   isspace.o
        44         10        272          0          0         76   lc_ctype_c.o
        44         10         28          0          0         76   lc_numeric_c.o
         2          0          0          0          0          0   libinit.o
        34          0          0          0          0          0   libinit2.o
         2          0          0          0          0          0   libshutdown.o
         2          0          0          0          0          0   libshutdown2.o
         8          4          0          0         96         68   libspace.o
        38          0          0          0          0         68   llshl.o
       138          0          0          0          0         80   lludiv10.o
       240          0          0          0          0        100   lludivv7m.o
        88          0          0          0          0         76   memcmp.o
        16          4          0          0          0         76   rt_ctype_table.o
         8          4          0          0          0         68   rt_errno_addr_intlibspace.o
         8          4          0          0          0         68   rt_locale_intlibspace.o
        78          0          0          0          0         80   rt_memclr_w.o
       138          0          0          0          0         68   rt_memcpy_v6.o
       100          0          0          0          0         80   rt_memcpy_w.o
         2          0          0          0          0          0   rtexit.o
        10          0          0          0          0          0   rtexit2.o
        44          8          0          0          0         84   scanf_char.o
      1272         16          0          0          0        168   scanf_fp.o
       800         14          0          0          0        100   scanf_hexfp.o
       308         16          0          0          0        100   scanf_infnan.o
        44          6          0          0          0         84   sprintf.o
        60          8          0          0          0         84   sscanf.o
       124          0          0          0          0         88   strcmpv7em.o
        62          0          0          0          0         76   strlen.o
        12          4          0          0          0         68   sys_exit.o
        74          0          0          0          0         80   sys_stackheap_outer.o
         2          0          0          0          0         68   use_no_semi.o
        98          4          0          0          0        140   d2f.o
        16          4          0          0          0        116   dcheck1.o
        24          0          0          0          0        116   dcmpi.o
       120          4          0          0          0        140   deqf.o
       120          4          0          0          0        140   dleqf.o
       340         12          0          0          0        152   dmul.o
       156          4          0          0          0        140   dnaninf.o
        12          0          0          0          0        116   dretinf.o
       108          0          0          0          0        128   drleqf.o
        86          4          0          0          0        132   f2d.o
       140          4          0          0          0        132   fnaninf.o
         0          0         16          0          0          0   fpconst.o
        26          0          0          0          0        116   fpinit.o
        10          0          0          0          0        116   fretinf.o
         6          0          0          0          0        116   istatus.o
         4          0          0          0          0        116   printf1.o
         4          0          0          0          0        116   printf2.o
       100          0          0          0          0        116   retnan.o
        92          0          0          0          0        116   scalbn.o
         4          0          0          0          0        116   scanf1.o
         8          0          0          0          0        132   scanf2.o
        48          0          0          0          0        116   trapv.o
         0          0          0          0          0          0   usenofp.o
       336         56          0          0          0        136   cosf.o
        64         16          0          0          0        248   dunder.o
        48          0          0          0          0        124   fpclassify.o
        38          0          0          0          0        116   fpclassifyf.o
       140         22          0          0          0        132   frexp.o
        38         12          0          0          0        348   funder.o
       228          8          0          0          0        308   ldexp.o
       266         16          0          0          0        308   narrow.o
       340         24         32          0          0        160   rredf.o
       400         56          0          0          0        212   sinf.o

    ----------------------------------------------------------------------
     16344        596        604          0         96      11188   Library Totals
        44          0          5          0          0          0   (incl. Padding)

    ----------------------------------------------------------------------

      Code (inc. data)   RO Data    RW Data    ZI Data      Debug   Library Name

     12880        346        551          0         96       6468   c_w.l
      1522         40         16          0          0       2628   fz_wm.l
      1898        210         32          0          0       2092   m_wm.l

    ----------------------------------------------------------------------
     16344        596        604          0         96      11188   Library Totals

    ----------------------------------------------------------------------

==============================================================================


      Code (inc. data)   RO Data    RW Data    ZI Data      Debug   

     58920        824       1916        120       3360     303568   Grand Totals
     58920        824       1916        120       3360     303568   ELF Image Totals
     58920        824       1916        120          0          0   ROM Totals

==============================================================================

    Total RO  Size (Code + RO Data)                60836 (  59.41kB)
    Total RW  Size (RW Data + ZI Data)              3480 (   3.40kB)
    Total ROM Size (Code + RO Data + RW Data)      60956 (  59.53kB)

==============================================================================

